172.28.101.103 - - [30/May/2015:18:58:13 -0400] "GET /scoreboard HTTP/1.1" 301 0 "https://scoreboard.hf/challenges/" "Mozilla/5.0 (Windows NT 6.1; WOW64) AppleWebKit/537.36 (KHTML, like Gecko) Chrome/43.0.2357.81 Safari/537.36"
172.28.101.103 - - [30/May/2015:18:58:13 -0400] "GET /scoreboard/ HTTP/1.1" 200 3832 "https://scoreboard.hf/challenges/" "Mozilla/5.0 (Windows NT 6.1; WOW64) AppleWebKit/537.36 (KHTML, like Gecko) Chrome/43.0.2357.81 Safari/537.36"
172.16.66.174 - - [30/May/2015:18:58:18 -0400] "GET / HTTP/1.1" 200 4093 "https://scoreboard.hf/rules" "Mozilla/5.0 (X11; Linux x86_64) AppleWebKit/537.36 (KHTML, like Gecko) Chrome/43.0.2357.65 Safari/537.36"
172.16.66.170 - - [30/May/2015:18:58:21 -0400] "GET /projector/1/ HTTP/1.1" 304 0 "https://scoreboard.hf/projector/2/" "Mozilla/5.0 (Macintosh; ARM Mac OS X) AppleWebKit/538.15 (KHTML, like Gecko) Safari/538.15 Version/6.0 Debian/7.8 (3.8.2.0-0rpi21rpi1) Epiphany/3.8.2"
172.28.101.103 - - [30/May/2015:18:58:21 -0400] "GET /challenges HTTP/1.1" 301 0 "https://scoreboard.hf/scoreboard/" "Mozilla/5.0 (Windows NT 6.1; WOW64) AppleWebKit/537.36 (KHTML, like Gecko) Chrome/43.0.2357.81 Safari/537.36"
172.28.101.103 - - [30/May/2015:18:58:21 -0400] "GET /challenges/ HTTP/1.1" 200 17553 "https://scoreboard.hf/scoreboard/" "Mozilla/5.0 (Windows NT 6.1; WOW64) AppleWebKit/537.36 (KHTML, like Gecko) Chrome/43.0.2357.81 Safari/537.36"
172.28.110.112 - - [30/May/2015:18:58:31 -0400] "GET /challenges/ HTTP/1.1" 200 17563 "https://scoreboard.hf/" "Mozilla/5.0 (X11; Linux x86_64; rv:31.0) Gecko/20100101 Firefox/31.0 Iceweasel/31.7.0"
172.28.110.112 - - [30/May/2015:18:58:31 -0400] "GET /static/fonts/fontawesome-webfont.woff?v=4.1.0 HTTP/1.1" 200 83760 "https://scoreboard.hf/static/css/font-awesome.css" "Mozilla/5.0 (X11; Linux x86_64; rv:31.0) Gecko/20100101 Firefox/31.0 Iceweasel/31.7.0"
172.16.66.170 - - [30/May/2015:18:58:33 -0400] "GET /projector/2/ HTTP/1.1" 304 0 "-" "Mozilla/5.0 (Macintosh; ARM Mac OS X) AppleWebKit/538.15 (KHTML, like Gecko) Safari/538.15 Version/6.0 Debian/7.8 (3.8.2.0-0rpi21rpi1) Epiphany/3.8.2"
172.16.66.174 - - [30/May/2015:18:58:43 -0400] "GET /challenges/ HTTP/1.1" 200 17551 "https://scoreboard.hf/" "Mozilla/5.0 (X11; Linux x86_64) AppleWebKit/537.36 (KHTML, like Gecko) Chrome/43.0.2357.65 Safari/537.36"
172.28.107.103 - - [30/May/2015:18:58:44 -0400] "GET /public/fw.tar.gz HTTP/1.1" 200 1164 "https://scoreboard.hf/challenges/" "Mozilla/5.0 (X11; Linux x86_64; rv:31.0) Gecko/20100101 Firefox/31.0 Iceweasel/31.7.0"
172.28.106.108 - - [30/May/2015:18:58:51 -0400] "GET /public/pwn01 HTTP/1.1" 200 809680 "https://scoreboard.hf/challenges/" "Mozilla/5.0 (Windows NT 6.1; WOW64) AppleWebKit/537.36 (KHTML, like Gecko) Chrome/43.0.2357.81 Safari/537.36"
172.28.109.108 - - [30/May/2015:18:58:52 -0400] "GET / HTTP/1.1" 200 4132 "https://scoreboard.hf/challenges/" "Mozilla/5.0 (X11; Linux x86_64) AppleWebKit/537.36 (KHTML, like Gecko) Chrome/43.0.2357.81 Safari/537.36"
172.28.105.112 - - [30/May/2015:18:58:55 -0400] "GET /public/fw.tar.gz HTTP/1.1" 200 1164 "https://scoreboard.hf/challenges/" "Mozilla/5.0 (X11; Linux x86_64; rv:31.0) Gecko/20100101 Firefox/31.0 Iceweasel/31.5.0"
172.16.66.170 - - [30/May/2015:18:58:56 -0400] "GET /projector/1/ HTTP/1.1" 304 0 "https://scoreboard.hf/projector/2/" "Mozilla/5.0 (Macintosh; ARM Mac OS X) AppleWebKit/538.15 (KHTML, like Gecko) Safari/538.15 Version/6.0 Debian/7.8 (3.8.2.0-0rpi21rpi1) Epiphany/3.8.2"
172.28.109.108 - - [30/May/2015:18:58:59 -0400] "POST / HTTP/1.1" 200 4259 "https://scoreboard.hf/" "Mozilla/5.0 (X11; Linux x86_64) AppleWebKit/537.36 (KHTML, like Gecko) Chrome/43.0.2357.81 Safari/537.36"
172.28.105.107 - - [30/May/2015:18:59:03 -0400] "GET /challenges/ HTTP/1.1" 304 0 "https://scoreboard.hf/" "Mozilla/5.0 (X11; Linux x86_64; rv:31.0) Gecko/20100101 Firefox/31.0 Iceweasel/31.7.0"
172.28.109.108 - - [30/May/2015:18:59:09 -0400] "POST / HTTP/1.1" 200 4218 "https://scoreboard.hf/" "Mozilla/5.0 (X11; Linux x86_64) AppleWebKit/537.36 (KHTML, like Gecko) Chrome/43.0.2357.81 Safari/537.36"
172.16.66.174 - - [30/May/2015:18:59:11 -0400] "GET /public/fw.tar.gz HTTP/1.1" 200 1164 "https://scoreboard.hf/challenges/" "Mozilla/5.0 (X11; Linux x86_64) AppleWebKit/537.36 (KHTML, like Gecko) Chrome/43.0.2357.65 Safari/537.36"
172.28.109.108 - - [30/May/2015:18:59:24 -0400] "GET / HTTP/1.1" 200 4137 "-" "Mozilla/5.0 (X11; Linux x86_64) AppleWebKit/537.36 (KHTML, like Gecko) Chrome/43.0.2357.81 Safari/537.36"
172.28.109.108 - - [30/May/2015:18:59:25 -0400] "GET /static/fonts/fontawesome-webfont.woff?v=4.1.0 HTTP/1.1" 200 83760 "https://scoreboard.hf/static/css/font-awesome.css" "Mozilla/5.0 (X11; Linux x86_64) AppleWebKit/537.36 (KHTML, like Gecko) Chrome/43.0.2357.81 Safari/537.36"
172.28.110.112 - - [30/May/2015:18:59:28 -0400] "GET /scoreboard HTTP/1.1" 301 0 "https://scoreboard.hf/challenges/" "Mozilla/5.0 (X11; Linux x86_64; rv:31.0) Gecko/20100101 Firefox/31.0 Iceweasel/31.7.0"
172.28.110.112 - - [30/May/2015:18:59:28 -0400] "GET /scoreboard/ HTTP/1.1" 200 3853 "https://scoreboard.hf/challenges/" "Mozilla/5.0 (X11; Linux x86_64; rv:31.0) Gecko/20100101 Firefox/31.0 Iceweasel/31.7.0"
172.28.110.112 - - [30/May/2015:18:59:33 -0400] "GET /challenges/ HTTP/1.1" 304 0 "https://scoreboard.hf/scoreboard/" "Mozilla/5.0 (X11; Linux x86_64; rv:31.0) Gecko/20100101 Firefox/31.0 Iceweasel/31.7.0"
172.28.106.108 - - [30/May/2015:18:59:44 -0400] "GET /public/fw.tar.gz HTTP/1.1" 200 1164 "https://scoreboard.hf/challenges/" "Mozilla/5.0 (Windows NT 6.1; WOW64) AppleWebKit/537.36 (KHTML, like Gecko) Chrome/43.0.2357.81 Safari/537.36"
172.28.106.110 - - [30/May/2015:18:59:51 -0400] "GET /challenges/ HTTP/1.1" 200 17548 "https://scoreboard.hf/" "Mozilla/5.0 (Windows NT 6.1; WOW64; rv:36.0) Gecko/20100101 Firefox/36.0"
172.28.106.110 - - [30/May/2015:18:59:52 -0400] "GET /scoreboard HTTP/1.1" 301 0 "https://scoreboard.hf/challenges/" "Mozilla/5.0 (Windows NT 6.1; WOW64; rv:36.0) Gecko/20100101 Firefox/36.0"
172.28.106.110 - - [30/May/2015:18:59:52 -0400] "GET /scoreboard/ HTTP/1.1" 200 3838 "https://scoreboard.hf/challenges/" "Mozilla/5.0 (Windows NT 6.1; WOW64; rv:36.0) Gecko/20100101 Firefox/36.0"
172.16.66.170 - - [30/May/2015:18:59:53 -0400] "GET /projector/2/ HTTP/1.1" 200 2381 "-" "Mozilla/5.0 (Macintosh; ARM Mac OS X) AppleWebKit/538.15 (KHTML, like Gecko) Safari/538.15 Version/6.0 Debian/7.8 (3.8.2.0-0rpi21rpi1) Epiphany/3.8.2"
172.16.66.170 - - [30/May/2015:18:59:53 -0400] "GET /projector/2/ HTTP/1.1" 200 2381 "-" "Mozilla/5.0 (Macintosh; ARM Mac OS X) AppleWebKit/538.15 (KHTML, like Gecko) Safari/538.15 Version/6.0 Debian/7.8 (3.8.2.0-0rpi21rpi1) Epiphany/3.8.2"
172.28.109.108 - - [30/May/2015:18:59:56 -0400] "GET /challenges HTTP/1.1" 301 0 "https://scoreboard.hf/" "Mozilla/5.0 (X11; Linux x86_64) AppleWebKit/537.36 (KHTML, like Gecko) Chrome/43.0.2357.81 Safari/537.36"
172.28.109.108 - - [30/May/2015:18:59:56 -0400] "GET /challenges/ HTTP/1.1" 200 17574 "https://scoreboard.hf/" "Mozilla/5.0 (X11; Linux x86_64) AppleWebKit/537.36 (KHTML, like Gecko) Chrome/43.0.2357.81 Safari/537.36"
172.28.105.112 - - [30/May/2015:18:59:58 -0400] "GET /public/fw.tar.gz HTTP/1.1" 200 1164 "-" "Mozilla/5.0 (X11; Linux x86_64; rv:31.0) Gecko/20100101 Firefox/31.0 Iceweasel/31.5.0"
172.28.106.110 - - [30/May/2015:19:00:00 -0400] "GET /challenges/ HTTP/1.1" 304 0 "https://scoreboard.hf/scoreboard/" "Mozilla/5.0 (Windows NT 6.1; WOW64; rv:36.0) Gecko/20100101 Firefox/36.0"
172.16.66.170 - - [30/May/2015:19:00:23 -0400] "GET /projector/1/ HTTP/1.1" 200 2520 "https://scoreboard.hf/projector/2/" "Mozilla/5.0 (Macintosh; ARM Mac OS X) AppleWebKit/538.15 (KHTML, like Gecko) Safari/538.15 Version/6.0 Debian/7.8 (3.8.2.0-0rpi21rpi1) Epiphany/3.8.2"
172.28.110.112 - - [30/May/2015:19:00:31 -0400] "GET /challenges/ HTTP/1.1" 304 0 "https://scoreboard.hf/scoreboard/" "Mozilla/5.0 (X11; Linux x86_64; rv:31.0) Gecko/20100101 Firefox/31.0 Iceweasel/31.7.0"
172.28.110.112 - - [30/May/2015:19:00:34 -0400] "GET /scoreboard/ HTTP/1.1" 304 0 "https://scoreboard.hf/challenges/" "Mozilla/5.0 (X11; Linux x86_64; rv:31.0) Gecko/20100101 Firefox/31.0 Iceweasel/31.7.0"
172.16.66.170 - - [30/May/2015:19:00:35 -0400] "GET /projector/2/ HTTP/1.1" 304 0 "-" "Mozilla/5.0 (Macintosh; ARM Mac OS X) AppleWebKit/538.15 (KHTML, like Gecko) Safari/538.15 Version/6.0 Debian/7.8 (3.8.2.0-0rpi21rpi1) Epiphany/3.8.2"
172.28.110.111 - - [30/May/2015:19:00:35 -0400] "GET / HTTP/1.1" 200 4135 "-" "Mozilla/5.0 (Windows NT 6.1; WOW64; rv:38.0) Gecko/20100101 Firefox/38.0"
172.28.110.111 - - [30/May/2015:19:00:36 -0400] "GET /static/fonts/fontawesome-webfont.woff?v=4.1.0 HTTP/1.1" 304 0 "https://scoreboard.hf/static/css/font-awesome.css" "Mozilla/5.0 (Windows NT 6.1; WOW64; rv:38.0) Gecko/20100101 Firefox/38.0"
172.28.110.111 - - [30/May/2015:19:00:36 -0400] "GET /favicon.ico HTTP/1.1" 404 162 "-" "Mozilla/5.0 (Windows NT 6.1; WOW64; rv:38.0) Gecko/20100101 Firefox/38.0"
172.28.110.111 - - [30/May/2015:19:00:36 -0400] "GET /favicon.ico HTTP/1.1" 404 162 "-" "Mozilla/5.0 (Windows NT 6.1; WOW64; rv:38.0) Gecko/20100101 Firefox/38.0"
172.28.110.112 - - [30/May/2015:19:00:40 -0400] "GET /challenges/ HTTP/1.1" 304 0 "https://scoreboard.hf/scoreboard/" "Mozilla/5.0 (X11; Linux x86_64; rv:31.0) Gecko/20100101 Firefox/31.0 Iceweasel/31.7.0"
172.28.101.103 - - [30/May/2015:19:00:41 -0400] "GET /public/pwn01 HTTP/1.1" 200 809680 "https://scoreboard.hf/challenges/" "Mozilla/5.0 (Windows NT 6.1; WOW64) AppleWebKit/537.36 (KHTML, like Gecko) Chrome/43.0.2357.81 Safari/537.36"
172.28.110.111 - - [30/May/2015:19:00:41 -0400] "GET /challenges/ HTTP/1.1" 200 17563 "https://scoreboard.hf/" "Mozilla/5.0 (Windows NT 6.1; WOW64; rv:38.0) Gecko/20100101 Firefox/38.0"
172.28.109.108 - - [30/May/2015:19:00:42 -0400] "GET /public/fw.tar.gz HTTP/1.1" 200 1164 "https://scoreboard.hf/challenges/" "Mozilla/5.0 (X11; Linux x86_64) AppleWebKit/537.36 (KHTML, like Gecko) Chrome/43.0.2357.81 Safari/537.36"
172.28.106.110 - - [30/May/2015:19:00:53 -0400] "GET /public/caramoulk.xlsx HTTP/1.1" 200 5076 "https://scoreboard.hf/challenges/" "Mozilla/5.0 (Windows NT 6.1; WOW64; rv:36.0) Gecko/20100101 Firefox/36.0"
172.28.107.103 - - [30/May/2015:19:00:57 -0400] "GET /scoreboard/ HTTP/1.1" 200 3855 "https://scoreboard.hf/challenges/" "Mozilla/5.0 (X11; Linux x86_64; rv:31.0) Gecko/20100101 Firefox/31.0 Iceweasel/31.7.0"
172.16.66.170 - - [30/May/2015:19:00:58 -0400] "GET /projector/1/ HTTP/1.1" 304 0 "https://scoreboard.hf/projector/2/" "Mozilla/5.0 (Macintosh; ARM Mac OS X) AppleWebKit/538.15 (KHTML, like Gecko) Safari/538.15 Version/6.0 Debian/7.8 (3.8.2.0-0rpi21rpi1) Epiphany/3.8.2"
172.28.107.103 - - [30/May/2015:19:01:01 -0400] "GET / HTTP/1.1" 200 4137 "https://scoreboard.hf/scoreboard/" "Mozilla/5.0 (X11; Linux x86_64; rv:31.0) Gecko/20100101 Firefox/31.0 Iceweasel/31.7.0"
172.28.103.109 - - [30/May/2015:19:01:10 -0400] "GET /public/caramoulk.xlsx HTTP/1.1" 200 5076 "https://scoreboard.hf/challenges/" "Mozilla/5.0 (X11; Linux x86_64) AppleWebKit/537.36 (KHTML, like Gecko) Ubuntu Chromium/41.0.2272.76 Chrome/41.0.2272.76 Safari/537.36"
172.16.66.170 - - [30/May/2015:19:01:10 -0400] "GET /projector/2/ HTTP/1.1" 304 0 "-" "Mozilla/5.0 (Macintosh; ARM Mac OS X) AppleWebKit/538.15 (KHTML, like Gecko) Safari/538.15 Version/6.0 Debian/7.8 (3.8.2.0-0rpi21rpi1) Epiphany/3.8.2"
172.28.107.103 - - [30/May/2015:19:01:15 -0400] "POST / HTTP/1.1" 200 4251 "https://scoreboard.hf/" "Mozilla/5.0 (X11; Linux x86_64; rv:31.0) Gecko/20100101 Firefox/31.0 Iceweasel/31.7.0"
172.28.104.105 - - [30/May/2015:19:01:27 -0400] "GET / HTTP/1.1" 200 4097 "-" "Mozilla/5.0 (Windows NT 6.1; WOW64) AppleWebKit/537.36 (KHTML, like Gecko) Chrome/43.0.2357.81 Safari/537.36"
172.16.66.170 - - [30/May/2015:19:01:29 -0400] "GET /projector/1/ HTTP/1.1" 304 0 "https://scoreboard.hf/projector/2/" "Mozilla/5.0 (Macintosh; ARM Mac OS X) AppleWebKit/538.15 (KHTML, like Gecko) Safari/538.15 Version/6.0 Debian/7.8 (3.8.2.0-0rpi21rpi1) Epiphany/3.8.2"
172.28.107.103 - - [30/May/2015:19:01:34 -0400] "POST / HTTP/1.1" 200 4205 "https://scoreboard.hf/" "Mozilla/5.0 (X11; Linux x86_64; rv:31.0) Gecko/20100101 Firefox/31.0 Iceweasel/31.7.0"
172.16.66.170 - - [30/May/2015:19:01:40 -0400] "GET /projector/2/ HTTP/1.1" 200 2374 "-" "Mozilla/5.0 (Macintosh; ARM Mac OS X) AppleWebKit/538.15 (KHTML, like Gecko) Safari/538.15 Version/6.0 Debian/7.8 (3.8.2.0-0rpi21rpi1) Epiphany/3.8.2"
172.16.66.184 - - [30/May/2015:19:01:44 -0400] "GET /challenges/ HTTP/1.1" 200 17551 "https://scoreboard.hf/" "Mozilla/5.0 (Macintosh; Intel Mac OS X 10_10_2) AppleWebKit/537.36 (KHTML, like Gecko) Chrome/43.0.2357.81 Safari/537.36"
172.28.105.111 - - [30/May/2015:19:01:47 -0400] "GET /public/arduino-chal.c HTTP/1.1" 200 18919 "https://scoreboard.hf/challenges/" "Mozilla/5.0 (X11; Linux x86_64; rv:31.0) Gecko/20100101 Iceweasel/31.7.0"
172.28.107.103 - - [30/May/2015:19:01:51 -0400] "GET /challenges/ HTTP/1.1" 200 17599 "https://scoreboard.hf/" "Mozilla/5.0 (X11; Linux x86_64; rv:31.0) Gecko/20100101 Firefox/31.0 Iceweasel/31.7.0"
172.16.66.170 - - [30/May/2015:19:01:58 -0400] "GET /projector/1/ HTTP/1.1" 200 2508 "https://scoreboard.hf/projector/2/" "Mozilla/5.0 (Macintosh; ARM Mac OS X) AppleWebKit/538.15 (KHTML, like Gecko) Safari/538.15 Version/6.0 Debian/7.8 (3.8.2.0-0rpi21rpi1) Epiphany/3.8.2"
172.16.66.170 - - [30/May/2015:19:02:09 -0400] "GET /projector/2/ HTTP/1.1" 304 0 "https://scoreboard.hf/projector/1/" "Mozilla/5.0 (Macintosh; ARM Mac OS X) AppleWebKit/538.15 (KHTML, like Gecko) Safari/538.15 Version/6.0 Debian/7.8 (3.8.2.0-0rpi21rpi1) Epiphany/3.8.2"
172.28.105.111 - - [30/May/2015:19:02:11 -0400] "GET /public/fw.tar.gz HTTP/1.1" 200 1164 "https://scoreboard.hf/challenges/" "Mozilla/5.0 (X11; Linux x86_64; rv:31.0) Gecko/20100101 Iceweasel/31.7.0"
172.28.106.110 - - [30/May/2015:19:02:11 -0400] "GET /public/caramoulk.xlsx HTTP/1.1" 200 5076 "https://scoreboard.hf/challenges/" "Mozilla/5.0 (Windows NT 6.1; WOW64; rv:36.0) Gecko/20100101 Firefox/36.0"
172.28.110.110 - - [30/May/2015:19:02:14 -0400] "GET /scoreboard/ HTTP/1.1" 200 3857 "https://scoreboard.hf/rules" "Mozilla/5.0 (Windows NT 6.3; WOW64; Trident/7.0; rv:11.0) like Gecko"
172.28.110.110 - - [30/May/2015:19:02:14 -0400] "GET /static/fonts/fontawesome-webfont.eot? HTTP/1.1" 304 0 "https://scoreboard.hf/scoreboard/" "Mozilla/5.0 (Windows NT 6.3; WOW64; Trident/7.0; rv:11.0) like Gecko"
172.16.66.170 - - [30/May/2015:19:02:28 -0400] "GET /projector/1/ HTTP/1.1" 304 0 "https://scoreboard.hf/projector/2/" "Mozilla/5.0 (Macintosh; ARM Mac OS X) AppleWebKit/538.15 (KHTML, like Gecko) Safari/538.15 Version/6.0 Debian/7.8 (3.8.2.0-0rpi21rpi1) Epiphany/3.8.2"
172.28.103.113 - - [30/May/2015:19:02:35 -0400] "GET /challenges/ HTTP/1.1" 200 17557 "https://scoreboard.hf/" "Mozilla/5.0 (X11; Linux x86_64; rv:31.0) Gecko/20100101 Firefox/31.0 Iceweasel/31.5.0"
172.28.103.113 - - [30/May/2015:19:02:35 -0400] "GET /static/fonts/fontawesome-webfont.woff?v=4.1.0 HTTP/1.1" 200 83760 "https://scoreboard.hf/static/css/font-awesome.css" "Mozilla/5.0 (X11; Linux x86_64; rv:31.0) Gecko/20100101 Firefox/31.0 Iceweasel/31.5.0"
172.28.103.113 - - [30/May/2015:19:02:35 -0400] "GET /favicon.ico HTTP/1.1" 404 162 "-" "Mozilla/5.0 (X11; Linux x86_64; rv:31.0) Gecko/20100101 Firefox/31.0 Iceweasel/31.5.0"
172.28.103.113 - - [30/May/2015:19:02:35 -0400] "GET /favicon.ico HTTP/1.1" 404 162 "-" "Mozilla/5.0 (X11; Linux x86_64; rv:31.0) Gecko/20100101 Firefox/31.0 Iceweasel/31.5.0"
172.16.66.184 - - [30/May/2015:19:02:38 -0400] "GET /challenges HTTP/1.1" 301 0 "https://scoreboard.hf/challenges/" "Mozilla/5.0 (Macintosh; Intel Mac OS X 10_10_2) AppleWebKit/537.36 (KHTML, like Gecko) Chrome/43.0.2357.81 Safari/537.36"
172.16.66.184 - - [30/May/2015:19:02:38 -0400] "GET /challenges/ HTTP/1.1" 200 17551 "https://scoreboard.hf/challenges/" "Mozilla/5.0 (Macintosh; Intel Mac OS X 10_10_2) AppleWebKit/537.36 (KHTML, like Gecko) Chrome/43.0.2357.81 Safari/537.36"
172.28.110.110 - - [30/May/2015:19:02:39 -0400] "GET / HTTP/1.1" 200 4123 "-" "Mozilla/5.0 (Windows NT 6.3; WOW64; Trident/7.0; rv:11.0) like Gecko"
172.16.66.184 - - [30/May/2015:19:02:39 -0400] "GET /scoreboard HTTP/1.1" 301 0 "https://scoreboard.hf/challenges/" "Mozilla/5.0 (Macintosh; Intel Mac OS X 10_10_2) AppleWebKit/537.36 (KHTML, like Gecko) Chrome/43.0.2357.81 Safari/537.36"
172.16.66.184 - - [30/May/2015:19:02:39 -0400] "GET /scoreboard/ HTTP/1.1" 200 3845 "https://scoreboard.hf/challenges/" "Mozilla/5.0 (Macintosh; Intel Mac OS X 10_10_2) AppleWebKit/537.36 (KHTML, like Gecko) Chrome/43.0.2357.81 Safari/537.36"
172.16.66.184 - - [30/May/2015:19:02:40 -0400] "GET /dashboard HTTP/1.1" 301 0 "https://scoreboard.hf/scoreboard/" "Mozilla/5.0 (Macintosh; Intel Mac OS X 10_10_2) AppleWebKit/537.36 (KHTML, like Gecko) Chrome/43.0.2357.81 Safari/537.36"
172.28.103.113 - - [30/May/2015:19:02:40 -0400] "GET /public/arduino-chal.c HTTP/1.1" 200 18919 "https://scoreboard.hf/challenges/" "Mozilla/5.0 (X11; Linux x86_64; rv:31.0) Gecko/20100101 Firefox/31.0 Iceweasel/31.5.0"
172.16.66.170 - - [30/May/2015:19:02:41 -0400] "GET /projector/2/ HTTP/1.1" 304 0 "https://scoreboard.hf/projector/1/" "Mozilla/5.0 (Macintosh; ARM Mac OS X) AppleWebKit/538.15 (KHTML, like Gecko) Safari/538.15 Version/6.0 Debian/7.8 (3.8.2.0-0rpi21rpi1) Epiphany/3.8.2"
172.16.66.184 - - [30/May/2015:19:02:41 -0400] "GET /dashboard/ HTTP/1.1" 200 3495 "https://scoreboard.hf/scoreboard/" "Mozilla/5.0 (Macintosh; Intel Mac OS X 10_10_2) AppleWebKit/537.36 (KHTML, like Gecko) Chrome/43.0.2357.81 Safari/537.36"
172.28.110.110 - - [30/May/2015:19:02:41 -0400] "GET /dashboard HTTP/1.1" 301 0 "https://scoreboard.hf/" "Mozilla/5.0 (Windows NT 6.3; WOW64; Trident/7.0; rv:11.0) like Gecko"
172.28.110.110 - - [30/May/2015:19:02:41 -0400] "GET /dashboard/ HTTP/1.1" 200 3507 "https://scoreboard.hf/" "Mozilla/5.0 (Windows NT 6.3; WOW64; Trident/7.0; rv:11.0) like Gecko"
172.28.106.108 - - [30/May/2015:19:02:47 -0400] "GET /public/re01 HTTP/1.1" 200 7192 "https://scoreboard.hf/challenges/" "Mozilla/5.0 (Windows NT 6.1; WOW64) AppleWebKit/537.36 (KHTML, like Gecko) Chrome/43.0.2357.81 Safari/537.36"
172.28.105.107 - - [30/May/2015:19:02:53 -0400] "GET /scoreboard/ HTTP/1.1" 200 3840 "https://scoreboard.hf/challenges/" "Mozilla/5.0 (X11; Linux x86_64; rv:31.0) Gecko/20100101 Firefox/31.0 Iceweasel/31.7.0"
172.28.110.110 - - [30/May/2015:19:02:54 -0400] "GET /scoreboard/ HTTP/1.1" 304 0 "https://scoreboard.hf/dashboard/" "Mozilla/5.0 (Windows NT 6.3; WOW64; Trident/7.0; rv:11.0) like Gecko"
172.28.104.107 - - [30/May/2015:19:02:55 -0400] "GET /public/caramoulk.xlsx HTTP/1.1" 200 5076 "https://scoreboard.hf/challenges/" "Mozilla/5.0 (Windows NT 6.3; WOW64) AppleWebKit/537.36 (KHTML, like Gecko) Chrome/43.0.2357.81 Safari/537.36"
172.16.66.184 - - [30/May/2015:19:02:55 -0400] "GET /challenges HTTP/1.1" 301 0 "https://scoreboard.hf/dashboard/" "Mozilla/5.0 (Macintosh; Intel Mac OS X 10_10_2) AppleWebKit/537.36 (KHTML, like Gecko) Chrome/43.0.2357.81 Safari/537.36"
172.28.110.110 - - [30/May/2015:19:02:56 -0400] "GET /challenges/ HTTP/1.1" 304 0 "https://scoreboard.hf/scoreboard/" "Mozilla/5.0 (Windows NT 6.3; WOW64; Trident/7.0; rv:11.0) like Gecko"
172.16.66.184 - - [30/May/2015:19:02:56 -0400] "GET /challenges/ HTTP/1.1" 200 17551 "https://scoreboard.hf/dashboard/" "Mozilla/5.0 (Macintosh; Intel Mac OS X 10_10_2) AppleWebKit/537.36 (KHTML, like Gecko) Chrome/43.0.2357.81 Safari/537.36"
172.28.110.112 - - [30/May/2015:19:02:56 -0400] "GET /challenges/ HTTP/1.1" 304 0 "https://scoreboard.hf/challenges/" "Mozilla/5.0 (X11; Linux x86_64; rv:31.0) Gecko/20100101 Firefox/31.0 Iceweasel/31.7.0"
172.28.110.112 - - [30/May/2015:19:02:58 -0400] "GET / HTTP/1.1" 200 4123 "https://scoreboard.hf/challenges/" "Mozilla/5.0 (X11; Linux x86_64; rv:31.0) Gecko/20100101 Firefox/31.0 Iceweasel/31.7.0"
172.16.66.184 - - [30/May/2015:19:02:59 -0400] "GET /rules HTTP/1.1" 200 4121 "https://scoreboard.hf/challenges/" "Mozilla/5.0 (Macintosh; Intel Mac OS X 10_10_2) AppleWebKit/537.36 (KHTML, like Gecko) Chrome/43.0.2357.81 Safari/537.36"
172.28.110.110 - - [30/May/2015:19:02:59 -0400] "GET / HTTP/1.1" 304 0 "https://scoreboard.hf/challenges/" "Mozilla/5.0 (Windows NT 6.3; WOW64; Trident/7.0; rv:11.0) like Gecko"
172.28.105.107 - - [30/May/2015:19:03:00 -0400] "GET /challenges/ HTTP/1.1" 304 0 "https://scoreboard.hf/scoreboard/" "Mozilla/5.0 (X11; Linux x86_64; rv:31.0) Gecko/20100101 Firefox/31.0 Iceweasel/31.7.0"
172.16.66.184 - - [30/May/2015:19:03:01 -0400] "GET /scoreboard HTTP/1.1" 301 0 "https://scoreboard.hf/rules" "Mozilla/5.0 (Macintosh; Intel Mac OS X 10_10_2) AppleWebKit/537.36 (KHTML, like Gecko) Chrome/43.0.2357.81 Safari/537.36"
172.16.66.184 - - [30/May/2015:19:03:01 -0400] "GET /scoreboard/ HTTP/1.1" 200 3845 "https://scoreboard.hf/rules" "Mozilla/5.0 (Macintosh; Intel Mac OS X 10_10_2) AppleWebKit/537.36 (KHTML, like Gecko) Chrome/43.0.2357.81 Safari/537.36"
172.28.110.110 - - [30/May/2015:19:03:03 -0400] "POST / HTTP/1.1" 200 4262 "https://scoreboard.hf/" "Mozilla/5.0 (Windows NT 6.3; WOW64; Trident/7.0; rv:11.0) like Gecko"
172.28.110.112 - - [30/May/2015:19:03:03 -0400] "POST / HTTP/1.1" 200 4203 "https://scoreboard.hf/" "Mozilla/5.0 (X11; Linux x86_64; rv:31.0) Gecko/20100101 Firefox/31.0 Iceweasel/31.7.0"
172.16.66.170 - - [30/May/2015:19:03:04 -0400] "GET /projector/1/ HTTP/1.1" 200 2532 "https://scoreboard.hf/projector/2/" "Mozilla/5.0 (Macintosh; ARM Mac OS X) AppleWebKit/538.15 (KHTML, like Gecko) Safari/538.15 Version/6.0 Debian/7.8 (3.8.2.0-0rpi21rpi1) Epiphany/3.8.2"
172.16.66.170 - - [30/May/2015:19:03:16 -0400] "GET /projector/2/ HTTP/1.1" 200 2427 "https://scoreboard.hf/projector/1/" "Mozilla/5.0 (Macintosh; ARM Mac OS X) AppleWebKit/538.15 (KHTML, like Gecko) Safari/538.15 Version/6.0 Debian/7.8 (3.8.2.0-0rpi21rpi1) Epiphany/3.8.2"
172.28.103.111 - - [30/May/2015:19:03:17 -0400] "GET /challenges/ HTTP/1.1" 200 17557 "-" "Mozilla/5.0 (X11; Linux x86_64; rv:38.0) Gecko/20100101 Firefox/38.0 Iceweasel/38.0"
172.28.110.110 - - [30/May/2015:19:03:23 -0400] "POST / HTTP/1.1" 200 4231 "https://scoreboard.hf/" "Mozilla/5.0 (Windows NT 6.3; WOW64; Trident/7.0; rv:11.0) like Gecko"
172.28.103.111 - - [30/May/2015:19:03:28 -0400] "GET /challenges/ HTTP/1.1" 200 17557 "-" "Mozilla/5.0 (X11; Linux x86_64; rv:38.0) Gecko/20100101 Firefox/38.0 Iceweasel/38.0"
172.28.106.107 - - [30/May/2015:19:03:29 -0400] "GET / HTTP/1.1" 200 4086 "-" "Mozilla/5.0 (X11; Linux x86_64; rv:31.0) Gecko/20100101 Firefox/31.0 Iceweasel/31.7.0"
172.28.106.107 - - [30/May/2015:19:03:34 -0400] "GET / HTTP/1.1" 304 0 "-" "Mozilla/5.0 (X11; Linux x86_64; rv:31.0) Gecko/20100101 Firefox/31.0 Iceweasel/31.7.0"
172.28.106.107 - - [30/May/2015:19:03:36 -0400] "GET /challenges/ HTTP/1.1" 304 0 "https://scoreboard.hf/" "Mozilla/5.0 (X11; Linux x86_64; rv:31.0) Gecko/20100101 Firefox/31.0 Iceweasel/31.7.0"
172.16.66.170 - - [30/May/2015:19:03:38 -0400] "GET /projector/1/ HTTP/1.1" 304 0 "https://scoreboard.hf/projector/2/" "Mozilla/5.0 (Macintosh; ARM Mac OS X) AppleWebKit/538.15 (KHTML, like Gecko) Safari/538.15 Version/6.0 Debian/7.8 (3.8.2.0-0rpi21rpi1) Epiphany/3.8.2"
172.16.66.170 - - [30/May/2015:19:03:50 -0400] "GET /projector/2/ HTTP/1.1" 304 0 "https://scoreboard.hf/projector/1/" "Mozilla/5.0 (Macintosh; ARM Mac OS X) AppleWebKit/538.15 (KHTML, like Gecko) Safari/538.15 Version/6.0 Debian/7.8 (3.8.2.0-0rpi21rpi1) Epiphany/3.8.2"
172.28.110.110 - - [30/May/2015:19:03:55 -0400] "POST / HTTP/1.1" 200 4235 "https://scoreboard.hf/" "Mozilla/5.0 (Windows NT 6.3; WOW64; Trident/7.0; rv:11.0) like Gecko"
172.28.107.102 - - [30/May/2015:19:03:57 -0400] "GET /scoreboard HTTP/1.1" 301 0 "https://scoreboard.hf/challenges/" "Mozilla/5.0 (Windows NT 6.1; WOW64) AppleWebKit/537.36 (KHTML, like Gecko) Chrome/43.0.2357.81 Safari/537.36"
172.28.107.102 - - [30/May/2015:19:03:57 -0400] "GET /scoreboard/ HTTP/1.1" 200 3860 "https://scoreboard.hf/challenges/" "Mozilla/5.0 (Windows NT 6.1; WOW64) AppleWebKit/537.36 (KHTML, like Gecko) Chrome/43.0.2357.81 Safari/537.36"
172.28.107.102 - - [30/May/2015:19:04:02 -0400] "GET /dashboard HTTP/1.1" 301 0 "https://scoreboard.hf/scoreboard/" "Mozilla/5.0 (Windows NT 6.1; WOW64) AppleWebKit/537.36 (KHTML, like Gecko) Chrome/43.0.2357.81 Safari/537.36"
172.28.107.102 - - [30/May/2015:19:04:02 -0400] "GET /dashboard/ HTTP/1.1" 200 3561 "https://scoreboard.hf/scoreboard/" "Mozilla/5.0 (Windows NT 6.1; WOW64) AppleWebKit/537.36 (KHTML, like Gecko) Chrome/43.0.2357.81 Safari/537.36"
172.28.107.104 - - [30/May/2015:19:04:05 -0400] "GET /challenges/ HTTP/1.1" 200 17599 "https://scoreboard.hf/rules" "Mozilla/5.0 (Windows NT 6.1; WOW64; rv:38.0) Gecko/20100101 Firefox/38.0"
172.28.101.104 - - [30/May/2015:19:04:07 -0400] "GET /public/fw.tar.gz HTTP/1.1" 200 1164 "https://scoreboard.hf/challenges/" "Mozilla/5.0 (Windows NT 6.3; WOW64) AppleWebKit/537.36 (KHTML, like Gecko) Chrome/43.0.2357.65 Safari/537.36"
172.28.107.102 - - [30/May/2015:19:04:08 -0400] "GET / HTTP/1.1" 200 4125 "https://scoreboard.hf/dashboard/" "Mozilla/5.0 (Windows NT 6.1; WOW64) AppleWebKit/537.36 (KHTML, like Gecko) Chrome/43.0.2357.81 Safari/537.36"
172.28.107.102 - - [30/May/2015:19:04:13 -0400] "POST / HTTP/1.1" 200 4206 "https://scoreboard.hf/" "Mozilla/5.0 (Windows NT 6.1; WOW64) AppleWebKit/537.36 (KHTML, like Gecko) Chrome/43.0.2357.81 Safari/537.36"
172.16.66.170 - - [30/May/2015:19:04:14 -0400] "GET /projector/1/ HTTP/1.1" 200 2532 "https://scoreboard.hf/projector/2/" "Mozilla/5.0 (Macintosh; ARM Mac OS X) AppleWebKit/538.15 (KHTML, like Gecko) Safari/538.15 Version/6.0 Debian/7.8 (3.8.2.0-0rpi21rpi1) Epiphany/3.8.2"
172.28.107.105 - - [30/May/2015:19:04:17 -0400] "GET /scoreboard/ HTTP/1.1" 200 3860 "-" "Mozilla/5.0 (Windows NT 6.1; WOW64) AppleWebKit/537.36 (KHTML, like Gecko) Chrome/43.0.2357.81 Safari/537.36"
172.28.106.109 - - [30/May/2015:19:04:17 -0400] "GET / HTTP/1.1" 200 4086 "-" "Mozilla/5.0 (X11; Ubuntu; Linux x86_64; rv:38.0) Gecko/20100101 Firefox/38.0"
172.28.107.105 - - [30/May/2015:19:04:17 -0400] "GET /static/fonts/fontawesome-webfont.woff?v=4.1.0 HTTP/1.1" 200 83760 "https://scoreboard.hf/static/css/font-awesome.css" "Mozilla/5.0 (Windows NT 6.1; WOW64) AppleWebKit/537.36 (KHTML, like Gecko) Chrome/43.0.2357.81 Safari/537.36"
172.28.107.105 - - [30/May/2015:19:04:17 -0400] "GET /favicon.ico HTTP/1.1" 404 564 "https://scoreboard.hf/scoreboard/" "Mozilla/5.0 (Windows NT 6.1; WOW64) AppleWebKit/537.36 (KHTML, like Gecko) Chrome/43.0.2357.81 Safari/537.36"
172.28.106.109 - - [30/May/2015:19:04:18 -0400] "GET /static/fonts/fontawesome-webfont.woff?v=4.1.0 HTTP/1.1" 200 83760 "https://scoreboard.hf/static/css/font-awesome.css" "Mozilla/5.0 (X11; Ubuntu; Linux x86_64; rv:38.0) Gecko/20100101 Firefox/38.0"
172.28.106.109 - - [30/May/2015:19:04:18 -0400] "GET /favicon.ico HTTP/1.1" 404 162 "-" "Mozilla/5.0 (X11; Ubuntu; Linux x86_64; rv:38.0) Gecko/20100101 Firefox/38.0"
172.28.106.109 - - [30/May/2015:19:04:18 -0400] "GET /favicon.ico HTTP/1.1" 404 162 "-" "Mozilla/5.0 (X11; Ubuntu; Linux x86_64; rv:38.0) Gecko/20100101 Firefox/38.0"
172.28.106.109 - - [30/May/2015:19:04:20 -0400] "GET /challenges HTTP/1.1" 301 0 "https://scoreboard.hf/" "Mozilla/5.0 (X11; Ubuntu; Linux x86_64; rv:38.0) Gecko/20100101 Firefox/38.0"
172.28.106.109 - - [30/May/2015:19:04:21 -0400] "GET /challenges/ HTTP/1.1" 200 17548 "https://scoreboard.hf/" "Mozilla/5.0 (X11; Ubuntu; Linux x86_64; rv:38.0) Gecko/20100101 Firefox/38.0"
172.16.66.170 - - [30/May/2015:19:04:25 -0400] "GET /projector/2/ HTTP/1.1" 200 2386 "https://scoreboard.hf/projector/1/" "Mozilla/5.0 (Macintosh; ARM Mac OS X) AppleWebKit/538.15 (KHTML, like Gecko) Safari/538.15 Version/6.0 Debian/7.8 (3.8.2.0-0rpi21rpi1) Epiphany/3.8.2"
172.28.107.102 - - [30/May/2015:19:04:32 -0400] "GET / HTTP/1.1" 200 4125 "-" "Mozilla/5.0 (Windows NT 6.1; WOW64) AppleWebKit/537.36 (KHTML, like Gecko) Chrome/43.0.2357.81 Safari/537.36"
172.28.107.102 - - [30/May/2015:19:04:32 -0400] "GET /static/fonts/fontawesome-webfont.woff?v=4.1.0 HTTP/1.1" 200 83760 "https://scoreboard.hf/static/css/font-awesome.css" "Mozilla/5.0 (Windows NT 6.1; WOW64) AppleWebKit/537.36 (KHTML, like Gecko) Chrome/43.0.2357.81 Safari/537.36"
172.28.107.102 - - [30/May/2015:19:04:35 -0400] "GET /challenges HTTP/1.1" 301 0 "https://scoreboard.hf/" "Mozilla/5.0 (Windows NT 6.1; WOW64) AppleWebKit/537.36 (KHTML, like Gecko) Chrome/43.0.2357.81 Safari/537.36"
172.28.107.102 - - [30/May/2015:19:04:35 -0400] "GET /challenges/ HTTP/1.1" 200 17608 "https://scoreboard.hf/" "Mozilla/5.0 (Windows NT 6.1; WOW64) AppleWebKit/537.36 (KHTML, like Gecko) Chrome/43.0.2357.81 Safari/537.36"
172.16.66.170 - - [30/May/2015:19:04:43 -0400] "GET /projector/1/ HTTP/1.1" 304 0 "https://scoreboard.hf/projector/2/" "Mozilla/5.0 (Macintosh; ARM Mac OS X) AppleWebKit/538.15 (KHTML, like Gecko) Safari/538.15 Version/6.0 Debian/7.8 (3.8.2.0-0rpi21rpi1) Epiphany/3.8.2"
172.16.66.174 - - [30/May/2015:19:04:44 -0400] "GET /rules HTTP/1.1" 304 0 "https://scoreboard.hf/challenges/" "Mozilla/5.0 (X11; Linux x86_64) AppleWebKit/537.36 (KHTML, like Gecko) Chrome/43.0.2357.65 Safari/537.36"
172.28.104.105 - - [30/May/2015:19:04:45 -0400] "GET /public/fw.tar.gz HTTP/1.1" 200 1164 "https://scoreboard.hf/challenges/" "Mozilla/5.0 (Windows NT 6.1; WOW64) AppleWebKit/537.36 (KHTML, like Gecko) Chrome/43.0.2357.81 Safari/537.36"
172.28.107.105 - - [30/May/2015:19:04:48 -0400] "GET /public/arduino-chal.c HTTP/1.1" 200 18919 "https://scoreboard.hf/challenges/" "Mozilla/5.0 (Windows NT 6.1; WOW64) AppleWebKit/537.36 (KHTML, like Gecko) Chrome/43.0.2357.81 Safari/537.36"
172.16.66.170 - - [30/May/2015:19:04:55 -0400] "GET /projector/2/ HTTP/1.1" 304 0 "https://scoreboard.hf/projector/1/" "Mozilla/5.0 (Macintosh; ARM Mac OS X) AppleWebKit/538.15 (KHTML, like Gecko) Safari/538.15 Version/6.0 Debian/7.8 (3.8.2.0-0rpi21rpi1) Epiphany/3.8.2"
172.28.110.112 - - [30/May/2015:19:05:06 -0400] "POST / HTTP/1.1" 200 4197 "https://scoreboard.hf/" "Mozilla/5.0 (X11; Linux x86_64; rv:31.0) Gecko/20100101 Firefox/31.0 Iceweasel/31.7.0"
172.16.66.170 - - [30/May/2015:19:05:14 -0400] "GET /projector/1/ HTTP/1.1" 304 0 "https://scoreboard.hf/projector/2/" "Mozilla/5.0 (Macintosh; ARM Mac OS X) AppleWebKit/538.15 (KHTML, like Gecko) Safari/538.15 Version/6.0 Debian/7.8 (3.8.2.0-0rpi21rpi1) Epiphany/3.8.2"
172.28.110.112 - - [30/May/2015:19:05:15 -0400] "GET /challenges/ HTTP/1.1" 200 17570 "https://scoreboard.hf/" "Mozilla/5.0 (X11; Linux x86_64; rv:31.0) Gecko/20100101 Firefox/31.0 Iceweasel/31.7.0"
172.28.105.112 - - [30/May/2015:19:05:19 -0400] "GET /challenges/ HTTP/1.1" 304 0 "https://scoreboard.hf/" "Mozilla/5.0 (X11; Linux x86_64; rv:31.0) Gecko/20100101 Firefox/31.0 Iceweasel/31.5.0"
172.16.66.170 - - [30/May/2015:19:05:25 -0400] "GET /projector/2/ HTTP/1.1" 304 0 "https://scoreboard.hf/projector/1/" "Mozilla/5.0 (Macintosh; ARM Mac OS X) AppleWebKit/538.15 (KHTML, like Gecko) Safari/538.15 Version/6.0 Debian/7.8 (3.8.2.0-0rpi21rpi1) Epiphany/3.8.2"
172.28.107.104 - - [30/May/2015:19:05:40 -0400] "GET / HTTP/1.1" 200 4125 "-" "Mozilla/5.0 (X11; Linux x86_64; rv:31.0) Gecko/20100101 Firefox/31.0 Iceweasel/31.4.0"
172.28.107.104 - - [30/May/2015:19:05:41 -0400] "GET /static/fonts/fontawesome-webfont.woff?v=4.1.0 HTTP/1.1" 200 83760 "https://scoreboard.hf/static/css/font-awesome.css" "Mozilla/5.0 (X11; Linux x86_64; rv:31.0) Gecko/20100101 Firefox/31.0 Iceweasel/31.4.0"
172.28.107.104 - - [30/May/2015:19:05:41 -0400] "GET /favicon.ico HTTP/1.1" 404 162 "-" "Mozilla/5.0 (X11; Linux x86_64; rv:31.0) Gecko/20100101 Firefox/31.0 Iceweasel/31.4.0"
172.28.107.104 - - [30/May/2015:19:05:41 -0400] "GET /favicon.ico HTTP/1.1" 404 162 "-" "Mozilla/5.0 (X11; Linux x86_64; rv:31.0) Gecko/20100101 Firefox/31.0 Iceweasel/31.4.0"
172.16.66.170 - - [30/May/2015:19:05:44 -0400] "GET /projector/1/ HTTP/1.1" 304 0 "https://scoreboard.hf/projector/2/" "Mozilla/5.0 (Macintosh; ARM Mac OS X) AppleWebKit/538.15 (KHTML, like Gecko) Safari/538.15 Version/6.0 Debian/7.8 (3.8.2.0-0rpi21rpi1) Epiphany/3.8.2"
172.16.66.170 - - [30/May/2015:19:05:56 -0400] "GET /projector/2/ HTTP/1.1" 304 0 "https://scoreboard.hf/projector/1/" "Mozilla/5.0 (Macintosh; ARM Mac OS X) AppleWebKit/538.15 (KHTML, like Gecko) Safari/538.15 Version/6.0 Debian/7.8 (3.8.2.0-0rpi21rpi1) Epiphany/3.8.2"
172.28.104.105 - - [30/May/2015:19:06:06 -0400] "GET /challenges/ HTTP/1.1" 200 17548 "https://scoreboard.hf/" "Mozilla/5.0 (Windows NT 6.1; WOW64) AppleWebKit/537.36 (KHTML, like Gecko) Chrome/43.0.2357.81 Safari/537.36"
172.28.109.108 - - [30/May/2015:19:06:11 -0400] "POST / HTTP/1.1" 200 4201 "https://scoreboard.hf/" "Mozilla/5.0 (X11; Linux x86_64) AppleWebKit/537.36 (KHTML, like Gecko) Chrome/43.0.2357.81 Safari/537.36"
172.28.109.108 - - [30/May/2015:19:06:11 -0400] "GET /static/fonts/fontawesome-webfont.woff?v=4.1.0 HTTP/1.1" 200 83760 "https://scoreboard.hf/static/css/font-awesome.css" "Mozilla/5.0 (X11; Linux x86_64) AppleWebKit/537.36 (KHTML, like Gecko) Chrome/43.0.2357.81 Safari/537.36"
172.16.66.170 - - [30/May/2015:19:06:19 -0400] "GET /projector/1/ HTTP/1.1" 304 0 "https://scoreboard.hf/projector/2/" "Mozilla/5.0 (Macintosh; ARM Mac OS X) AppleWebKit/538.15 (KHTML, like Gecko) Safari/538.15 Version/6.0 Debian/7.8 (3.8.2.0-0rpi21rpi1) Epiphany/3.8.2"
172.28.107.105 - - [30/May/2015:19:06:20 -0400] "GET /challenges/ HTTP/1.1" 200 17608 "https://scoreboard.hf/scoreboard/" "Mozilla/5.0 (Windows NT 6.1; WOW64) AppleWebKit/537.36 (KHTML, like Gecko) Chrome/43.0.2357.81 Safari/537.36"
172.28.107.105 - - [30/May/2015:19:06:20 -0400] "GET /static/fonts/fontawesome-webfont.woff?v=4.1.0 HTTP/1.1" 200 83760 "https://scoreboard.hf/static/css/font-awesome.css" "Mozilla/5.0 (Windows NT 6.1; WOW64) AppleWebKit/537.36 (KHTML, like Gecko) Chrome/43.0.2357.81 Safari/537.36"
172.28.107.105 - - [30/May/2015:19:06:20 -0400] "GET /favicon.ico HTTP/1.1" 404 564 "https://scoreboard.hf/challenges/" "Mozilla/5.0 (Windows NT 6.1; WOW64) AppleWebKit/537.36 (KHTML, like Gecko) Chrome/43.0.2357.81 Safari/537.36"
172.28.110.110 - - [30/May/2015:19:06:22 -0400] "POST / HTTP/1.1" 200 4212 "https://scoreboard.hf/" "Mozilla/5.0 (Windows NT 6.3; WOW64; Trident/7.0; rv:11.0) like Gecko"
172.28.110.110 - - [30/May/2015:19:06:22 -0400] "GET /static/fonts/fontawesome-webfont.eot? HTTP/1.1" 304 0 "https://scoreboard.hf/" "Mozilla/5.0 (Windows NT 6.3; WOW64; Trident/7.0; rv:11.0) like Gecko"
172.28.101.103 - - [30/May/2015:19:06:23 -0400] "GET /public/re01 HTTP/1.1" 200 7192 "https://scoreboard.hf/challenges/" "Mozilla/5.0 (Windows NT 6.1; WOW64) AppleWebKit/537.36 (KHTML, like Gecko) Chrome/43.0.2357.81 Safari/537.36"
172.28.36.6 - - [30/May/2015:19:06:34 -0400] "GET / HTTP/1.1" 200 4109 "-" "Mozilla/5.0 (X11; Linux x86_64; rv:31.0) Gecko/20100101 Firefox/31.0 Iceweasel/31.7.0"
172.16.66.170 - - [30/May/2015:19:06:35 -0400] "GET /projector/2/ HTTP/1.1" 304 0 "https://scoreboard.hf/projector/1/" "Mozilla/5.0 (Macintosh; ARM Mac OS X) AppleWebKit/538.15 (KHTML, like Gecko) Safari/538.15 Version/6.0 Debian/7.8 (3.8.2.0-0rpi21rpi1) Epiphany/3.8.2"
172.28.36.6 - - [30/May/2015:19:06:35 -0400] "GET /static/fonts/fontawesome-webfont.woff?v=4.1.0 HTTP/1.1" 200 83760 "https://172.28.71.13/static/css/font-awesome.css" "Mozilla/5.0 (X11; Linux x86_64; rv:31.0) Gecko/20100101 Firefox/31.0 Iceweasel/31.7.0"
172.28.33.10 - - [30/May/2015:19:06:36 -0400] "GET / HTTP/1.1" 200 4104 "-" "Mozilla/5.0 (X11; Linux x86_64) AppleWebKit/537.36 (KHTML, like Gecko) Chrome/43.0.2357.65 Safari/537.36"
172.28.36.6 - - [30/May/2015:19:06:36 -0400] "GET /favicon.ico HTTP/1.1" 404 162 "-" "Mozilla/5.0 (X11; Linux x86_64; rv:31.0) Gecko/20100101 Firefox/31.0 Iceweasel/31.7.0"
172.28.36.6 - - [30/May/2015:19:06:36 -0400] "GET /favicon.ico HTTP/1.1" 404 162 "-" "Mozilla/5.0 (X11; Linux x86_64; rv:31.0) Gecko/20100101 Firefox/31.0 Iceweasel/31.7.0"
172.28.33.10 - - [30/May/2015:19:06:36 -0400] "GET /static/fonts/fontawesome-webfont.woff?v=4.1.0 HTTP/1.1" 200 83760 "https://scoreboard.hf/static/css/font-awesome.css" "Mozilla/5.0 (X11; Linux x86_64) AppleWebKit/537.36 (KHTML, like Gecko) Chrome/43.0.2357.65 Safari/537.36"
172.28.33.10 - - [30/May/2015:19:06:37 -0400] "GET /favicon.ico HTTP/1.1" 404 564 "https://scoreboard.hf/" "Mozilla/5.0 (X11; Linux x86_64) AppleWebKit/537.36 (KHTML, like Gecko) Chrome/43.0.2357.65 Safari/537.36"
172.28.107.103 - - [30/May/2015:19:06:38 -0400] "GET /public/fw.tar.gz HTTP/1.1" 200 1164 "-" "Mozilla/5.0 (X11; Linux x86_64; rv:31.0) Gecko/20100101 Firefox/31.0 Iceweasel/31.7.0"
172.28.107.103 - - [30/May/2015:19:06:39 -0400] "GET /dashboard/ HTTP/1.1" 200 3520 "-" "Mozilla/5.0 (X11; Linux x86_64; rv:31.0) Gecko/20100101 Firefox/31.0 Iceweasel/31.7.0"
172.28.107.103 - - [30/May/2015:19:06:39 -0400] "GET /static/fonts/fontawesome-webfont.woff?v=4.1.0 HTTP/1.1" 200 83760 "https://scoreboard.hf/static/css/font-awesome.css" "Mozilla/5.0 (X11; Linux x86_64; rv:31.0) Gecko/20100101 Firefox/31.0 Iceweasel/31.7.0"
172.28.33.10 - - [30/May/2015:19:06:44 -0400] "GET /challenges HTTP/1.1" 301 0 "https://scoreboard.hf/" "Mozilla/5.0 (X11; Linux x86_64) AppleWebKit/537.36 (KHTML, like Gecko) Chrome/43.0.2357.65 Safari/537.36"
172.28.33.10 - - [30/May/2015:19:06:44 -0400] "GET /challenges/ HTTP/1.1" 200 17543 "https://scoreboard.hf/" "Mozilla/5.0 (X11; Linux x86_64) AppleWebKit/537.36 (KHTML, like Gecko) Chrome/43.0.2357.65 Safari/537.36"
172.16.66.170 - - [30/May/2015:19:06:58 -0400] "GET /projector/1/ HTTP/1.1" 304 0 "https://scoreboard.hf/projector/2/" "Mozilla/5.0 (Macintosh; ARM Mac OS X) AppleWebKit/538.15 (KHTML, like Gecko) Safari/538.15 Version/6.0 Debian/7.8 (3.8.2.0-0rpi21rpi1) Epiphany/3.8.2"
172.16.66.170 - - [30/May/2015:19:07:10 -0400] "GET /projector/2/ HTTP/1.1" 304 0 "https://scoreboard.hf/projector/1/" "Mozilla/5.0 (Macintosh; ARM Mac OS X) AppleWebKit/538.15 (KHTML, like Gecko) Safari/538.15 Version/6.0 Debian/7.8 (3.8.2.0-0rpi21rpi1) Epiphany/3.8.2"
172.28.105.112 - - [30/May/2015:19:07:17 -0400] "GET /challenges/ HTTP/1.1" 200 17555 "https://scoreboard.hf/" "Mozilla/5.0 (X11; Linux x86_64; rv:31.0) Gecko/20100101 Firefox/31.0 Iceweasel/31.5.0"
172.28.105.112 - - [30/May/2015:19:07:17 -0400] "GET /static/fonts/fontawesome-webfont.woff?v=4.1.0 HTTP/1.1" 200 83760 "https://scoreboard.hf/static/css/font-awesome.css" "Mozilla/5.0 (X11; Linux x86_64; rv:31.0) Gecko/20100101 Firefox/31.0 Iceweasel/31.5.0"
172.28.105.112 - - [30/May/2015:19:07:18 -0400] "GET /favicon.ico HTTP/1.1" 404 162 "-" "Mozilla/5.0 (X11; Linux x86_64; rv:31.0) Gecko/20100101 Firefox/31.0 Iceweasel/31.5.0"
172.28.105.112 - - [30/May/2015:19:07:18 -0400] "GET /favicon.ico HTTP/1.1" 404 162 "-" "Mozilla/5.0 (X11; Linux x86_64; rv:31.0) Gecko/20100101 Firefox/31.0 Iceweasel/31.5.0"
172.28.106.110 - - [30/May/2015:19:07:22 -0400] "GET /dashboard HTTP/1.1" 301 0 "https://scoreboard.hf/challenges/" "Mozilla/5.0 (Windows NT 6.1; WOW64; rv:36.0) Gecko/20100101 Firefox/36.0"
172.28.106.110 - - [30/May/2015:19:07:22 -0400] "GET /dashboard/ HTTP/1.1" 200 3504 "https://scoreboard.hf/challenges/" "Mozilla/5.0 (Windows NT 6.1; WOW64; rv:36.0) Gecko/20100101 Firefox/36.0"
172.28.105.112 - - [30/May/2015:19:07:27 -0400] "GET /public/fw.tar.gz HTTP/1.1" 200 1164 "https://scoreboard.hf/challenges/" "Mozilla/5.0 (X11; Linux x86_64; rv:31.0) Gecko/20100101 Firefox/31.0 Iceweasel/31.5.0"
172.16.66.170 - - [30/May/2015:19:07:28 -0400] "GET /projector/1/ HTTP/1.1" 304 0 "https://scoreboard.hf/projector/2/" "Mozilla/5.0 (Macintosh; ARM Mac OS X) AppleWebKit/538.15 (KHTML, like Gecko) Safari/538.15 Version/6.0 Debian/7.8 (3.8.2.0-0rpi21rpi1) Epiphany/3.8.2"
172.28.106.110 - - [30/May/2015:19:07:30 -0400] "GET /challenges/ HTTP/1.1" 304 0 "https://scoreboard.hf/dashboard/" "Mozilla/5.0 (Windows NT 6.1; WOW64; rv:36.0) Gecko/20100101 Firefox/36.0"
172.28.106.110 - - [30/May/2015:19:07:31 -0400] "GET /rules HTTP/1.1" 200 4118 "https://scoreboard.hf/challenges/" "Mozilla/5.0 (Windows NT 6.1; WOW64; rv:36.0) Gecko/20100101 Firefox/36.0"
172.28.106.110 - - [30/May/2015:19:07:34 -0400] "GET / HTTP/1.1" 200 4086 "https://scoreboard.hf/rules" "Mozilla/5.0 (Windows NT 6.1; WOW64; rv:36.0) Gecko/20100101 Firefox/36.0"
172.16.66.170 - - [30/May/2015:19:07:40 -0400] "GET /projector/2/ HTTP/1.1" 304 0 "https://scoreboard.hf/projector/1/" "Mozilla/5.0 (Macintosh; ARM Mac OS X) AppleWebKit/538.15 (KHTML, like Gecko) Safari/538.15 Version/6.0 Debian/7.8 (3.8.2.0-0rpi21rpi1) Epiphany/3.8.2"
172.28.106.110 - - [30/May/2015:19:07:42 -0400] "GET /scoreboard/ HTTP/1.1" 200 3844 "https://scoreboard.hf/" "Mozilla/5.0 (Windows NT 6.1; WOW64; rv:36.0) Gecko/20100101 Firefox/36.0"
172.28.32.10 - - [30/May/2015:19:07:48 -0400] "GET / HTTP/1.1" 200 4090 "-" "Opera/9.80 (Macintosh; Intel Mac OS X; U; en) Presto/2.6.30 Version/10.61"
172.28.32.10 - - [30/May/2015:19:07:49 -0400] "GET /favicon.ico HTTP/1.1" 404 162 "-" "Opera/9.80 (Macintosh; Intel Mac OS X; U; en) Presto/2.6.30 Version/10.61"
172.28.32.10 - - [30/May/2015:19:07:49 -0400] "GET /favicon.ico HTTP/1.1" 404 162 "-" "Opera/9.80 (Macintosh; Intel Mac OS X; U; en) Presto/2.6.30 Version/10.61"
172.28.33.6 - - [30/May/2015:19:07:52 -0400] "GET / HTTP/1.1" 200 4104 "-" "Mozilla/5.0 (X11; Linux x86_64; rv:31.0) Gecko/20100101 Firefox/31.0 Iceweasel/31.7.0"
172.28.33.6 - - [30/May/2015:19:07:53 -0400] "GET /static/fonts/fontawesome-webfont.woff?v=4.1.0 HTTP/1.1" 200 83760 "https://scoreboard.hf/static/css/font-awesome.css" "Mozilla/5.0 (X11; Linux x86_64; rv:31.0) Gecko/20100101 Firefox/31.0 Iceweasel/31.7.0"
172.28.33.6 - - [30/May/2015:19:07:53 -0400] "GET /favicon.ico HTTP/1.1" 404 162 "-" "Mozilla/5.0 (X11; Linux x86_64; rv:31.0) Gecko/20100101 Firefox/31.0 Iceweasel/31.7.0"
172.28.33.6 - - [30/May/2015:19:07:53 -0400] "GET /favicon.ico HTTP/1.1" 404 162 "-" "Mozilla/5.0 (X11; Linux x86_64; rv:31.0) Gecko/20100101 Firefox/31.0 Iceweasel/31.7.0"
172.16.66.170 - - [30/May/2015:19:07:58 -0400] "GET /projector/1/ HTTP/1.1" 304 0 "https://scoreboard.hf/projector/2/" "Mozilla/5.0 (Macintosh; ARM Mac OS X) AppleWebKit/538.15 (KHTML, like Gecko) Safari/538.15 Version/6.0 Debian/7.8 (3.8.2.0-0rpi21rpi1) Epiphany/3.8.2"
172.28.110.110 - - [30/May/2015:19:07:59 -0400] "POST / HTTP/1.1" 200 4231 "https://scoreboard.hf/" "Mozilla/5.0 (Windows NT 6.3; WOW64; Trident/7.0; rv:11.0) like Gecko"
172.16.66.170 - - [30/May/2015:19:08:10 -0400] "GET /projector/2/ HTTP/1.1" 304 0 "https://scoreboard.hf/projector/1/" "Mozilla/5.0 (Macintosh; ARM Mac OS X) AppleWebKit/538.15 (KHTML, like Gecko) Safari/538.15 Version/6.0 Debian/7.8 (3.8.2.0-0rpi21rpi1) Epiphany/3.8.2"
172.28.110.110 - - [30/May/2015:19:08:17 -0400] "POST / HTTP/1.1" 200 4235 "https://scoreboard.hf/" "Mozilla/5.0 (Windows NT 6.3; WOW64; Trident/7.0; rv:11.0) like Gecko"
172.28.104.55 - - [30/May/2015:19:08:18 -0400] "GET / HTTP/1.1" 200 4086 "-" "Mozilla/5.0 (Windows NT 6.3; WOW64) AppleWebKit/537.36 (KHTML, like Gecko) Chrome/43.0.2357.81 Safari/537.36"
172.28.105.112 - - [30/May/2015:19:08:21 -0400] "GET /public/fw.tar.gz HTTP/1.1" 200 1164 "https://scoreboard.hf/challenges/" "Mozilla/5.0 (X11; Linux x86_64; rv:31.0) Gecko/20100101 Firefox/31.0 Iceweasel/31.5.0"
172.28.104.55 - - [30/May/2015:19:08:22 -0400] "GET /static/fonts/fontawesome-webfont.woff?v=4.1.0 HTTP/1.1" 200 83760 "https://scoreboard.hf/static/css/font-awesome.css" "Mozilla/5.0 (Windows NT 6.3; WOW64) AppleWebKit/537.36 (KHTML, like Gecko) Chrome/43.0.2357.81 Safari/537.36"
172.28.104.55 - - [30/May/2015:19:08:24 -0400] "GET /favicon.ico HTTP/1.1" 404 564 "https://scoreboard.hf/" "Mozilla/5.0 (Windows NT 6.3; WOW64) AppleWebKit/537.36 (KHTML, like Gecko) Chrome/43.0.2357.81 Safari/537.36"
172.16.66.170 - - [30/May/2015:19:08:28 -0400] "GET /projector/1/ HTTP/1.1" 304 0 "https://scoreboard.hf/projector/2/" "Mozilla/5.0 (Macintosh; ARM Mac OS X) AppleWebKit/538.15 (KHTML, like Gecko) Safari/538.15 Version/6.0 Debian/7.8 (3.8.2.0-0rpi21rpi1) Epiphany/3.8.2"
172.28.110.110 - - [30/May/2015:19:08:30 -0400] "POST / HTTP/1.1" 200 4244 "https://scoreboard.hf/" "Mozilla/5.0 (Windows NT 6.3; WOW64; Trident/7.0; rv:11.0) like Gecko"
172.16.66.170 - - [30/May/2015:19:08:39 -0400] "GET /projector/2/ HTTP/1.1" 304 0 "https://scoreboard.hf/projector/1/" "Mozilla/5.0 (Macintosh; ARM Mac OS X) AppleWebKit/538.15 (KHTML, like Gecko) Safari/538.15 Version/6.0 Debian/7.8 (3.8.2.0-0rpi21rpi1) Epiphany/3.8.2"
172.28.104.105 - - [30/May/2015:19:09:02 -0400] "GET /robots.txt HTTP/1.1" 404 821 "-" "Mozilla/5.0 (Windows NT 6.1; WOW64) AppleWebKit/537.36 (KHTML, like Gecko) Chrome/43.0.2357.81 Safari/537.36"
172.16.66.170 - - [30/May/2015:19:09:02 -0400] "GET /projector/1/ HTTP/1.1" 304 0 "https://scoreboard.hf/projector/2/" "Mozilla/5.0 (Macintosh; ARM Mac OS X) AppleWebKit/538.15 (KHTML, like Gecko) Safari/538.15 Version/6.0 Debian/7.8 (3.8.2.0-0rpi21rpi1) Epiphany/3.8.2"
172.28.104.55 - - [30/May/2015:19:09:05 -0400] "GET / HTTP/1.1" 200 4086 "-" "Mozilla/5.0 (Windows NT 6.3; WOW64) AppleWebKit/537.36 (KHTML, like Gecko) Chrome/43.0.2357.81 Safari/537.36"
172.28.106.110 - - [30/May/2015:19:09:06 -0400] "GET /public HTTP/1.1" 301 178 "-" "Mozilla/5.0 (Windows NT 6.1; WOW64; rv:36.0) Gecko/20100101 Firefox/36.0"
172.28.106.110 - - [30/May/2015:19:09:06 -0400] "GET /public/ HTTP/1.1" 200 1423 "-" "Mozilla/5.0 (Windows NT 6.1; WOW64; rv:36.0) Gecko/20100101 Firefox/36.0"
172.28.104.55 - - [30/May/2015:19:09:06 -0400] "GET /static/fonts/fontawesome-webfont.woff?v=4.1.0 HTTP/1.1" 200 83760 "https://scoreboard.hf/static/css/font-awesome.css" "Mozilla/5.0 (Windows NT 6.3; WOW64) AppleWebKit/537.36 (KHTML, like Gecko) Chrome/43.0.2357.81 Safari/537.36"
172.28.33.6 - - [30/May/2015:19:09:09 -0400] "GET /challenges HTTP/1.1" 301 0 "https://scoreboard.hf/" "Mozilla/5.0 (X11; Linux x86_64; rv:31.0) Gecko/20100101 Firefox/31.0 Iceweasel/31.7.0"
172.28.33.6 - - [30/May/2015:19:09:09 -0400] "GET /challenges/ HTTP/1.1" 200 17543 "https://scoreboard.hf/" "Mozilla/5.0 (X11; Linux x86_64; rv:31.0) Gecko/20100101 Firefox/31.0 Iceweasel/31.7.0"
172.28.109.107 - - [30/May/2015:19:09:11 -0400] "GET /public/re01 HTTP/1.1" 200 7192 "https://scoreboard.hf/challenges/" "Mozilla/5.0 (X11; Linux x86_64; rv:31.0) Gecko/20100101 Firefox/31.0 Iceweasel/31.7.0"
172.16.66.170 - - [30/May/2015:19:09:14 -0400] "GET /projector/2/ HTTP/1.1" 304 0 "https://scoreboard.hf/projector/1/" "Mozilla/5.0 (Macintosh; ARM Mac OS X) AppleWebKit/538.15 (KHTML, like Gecko) Safari/538.15 Version/6.0 Debian/7.8 (3.8.2.0-0rpi21rpi1) Epiphany/3.8.2"
172.28.104.105 - - [30/May/2015:19:09:18 -0400] "GET /scoreboard HTTP/1.1" 301 0 "https://scoreboard.hf/challenges/" "Mozilla/5.0 (Windows NT 6.1; WOW64) AppleWebKit/537.36 (KHTML, like Gecko) Chrome/43.0.2357.81 Safari/537.36"
172.28.104.105 - - [30/May/2015:19:09:18 -0400] "GET /scoreboard/ HTTP/1.1" 200 3844 "https://scoreboard.hf/challenges/" "Mozilla/5.0 (Windows NT 6.1; WOW64) AppleWebKit/537.36 (KHTML, like Gecko) Chrome/43.0.2357.81 Safari/537.36"
172.28.104.55 - - [30/May/2015:19:09:19 -0400] "GET /challenges HTTP/1.1" 301 0 "https://scoreboard.hf/" "Mozilla/5.0 (Windows NT 6.3; WOW64) AppleWebKit/537.36 (KHTML, like Gecko) Chrome/43.0.2357.81 Safari/537.36"
172.28.104.55 - - [30/May/2015:19:09:19 -0400] "GET /challenges/ HTTP/1.1" 200 17548 "https://scoreboard.hf/" "Mozilla/5.0 (Windows NT 6.3; WOW64) AppleWebKit/537.36 (KHTML, like Gecko) Chrome/43.0.2357.81 Safari/537.36"
172.28.104.55 - - [30/May/2015:19:09:20 -0400] "GET /static/fonts/fontawesome-webfont.woff?v=4.1.0 HTTP/1.1" 200 83760 "https://scoreboard.hf/static/css/font-awesome.css" "Mozilla/5.0 (Windows NT 6.3; WOW64) AppleWebKit/537.36 (KHTML, like Gecko) Chrome/43.0.2357.81 Safari/537.36"
172.28.110.110 - - [30/May/2015:19:09:26 -0400] "POST / HTTP/1.1" 200 4261 "https://scoreboard.hf/" "Mozilla/5.0 (Windows NT 6.3; WOW64; Trident/7.0; rv:11.0) like Gecko"
172.16.66.170 - - [30/May/2015:19:09:32 -0400] "GET /projector/1/ HTTP/1.1" 304 0 "https://scoreboard.hf/projector/2/" "Mozilla/5.0 (Macintosh; ARM Mac OS X) AppleWebKit/538.15 (KHTML, like Gecko) Safari/538.15 Version/6.0 Debian/7.8 (3.8.2.0-0rpi21rpi1) Epiphany/3.8.2"
172.28.104.105 - - [30/May/2015:19:09:40 -0400] "GET /robots.txt HTTP/1.1" 404 821 "-" "Mozilla/5.0 (Windows NT 6.1; WOW64) AppleWebKit/537.36 (KHTML, like Gecko) Chrome/43.0.2357.81 Safari/537.36"
172.28.104.105 - - [30/May/2015:19:09:40 -0400] "GET /robots.txt HTTP/1.1" 404 821 "-" "Mozilla/5.0 (Windows NT 6.1; WOW64) AppleWebKit/537.36 (KHTML, like Gecko) Chrome/43.0.2357.81 Safari/537.36"
172.28.104.105 - - [30/May/2015:19:09:41 -0400] "GET / HTTP/1.1" 200 4086 "-" "Mozilla/5.0 (Windows NT 6.1; WOW64) AppleWebKit/537.36 (KHTML, like Gecko) Chrome/43.0.2357.81 Safari/537.36"
172.16.66.170 - - [30/May/2015:19:09:44 -0400] "GET /projector/2/ HTTP/1.1" 304 0 "https://scoreboard.hf/projector/1/" "Mozilla/5.0 (Macintosh; ARM Mac OS X) AppleWebKit/538.15 (KHTML, like Gecko) Safari/538.15 Version/6.0 Debian/7.8 (3.8.2.0-0rpi21rpi1) Epiphany/3.8.2"
172.28.104.105 - - [30/May/2015:19:09:46 -0400] "GET /challenges HTTP/1.1" 301 0 "https://scoreboard.hf/" "Mozilla/5.0 (Windows NT 6.1; WOW64) AppleWebKit/537.36 (KHTML, like Gecko) Chrome/43.0.2357.81 Safari/537.36"
172.28.104.105 - - [30/May/2015:19:09:46 -0400] "GET /challenges/ HTTP/1.1" 200 17548 "https://scoreboard.hf/" "Mozilla/5.0 (Windows NT 6.1; WOW64) AppleWebKit/537.36 (KHTML, like Gecko) Chrome/43.0.2357.81 Safari/537.36"
172.16.66.170 - - [30/May/2015:19:10:07 -0400] "GET /projector/1/ HTTP/1.1" 304 0 "https://scoreboard.hf/projector/2/" "Mozilla/5.0 (Macintosh; ARM Mac OS X) AppleWebKit/538.15 (KHTML, like Gecko) Safari/538.15 Version/6.0 Debian/7.8 (3.8.2.0-0rpi21rpi1) Epiphany/3.8.2"
172.28.106.106 - - [30/May/2015:19:10:07 -0400] "GET / HTTP/1.1" 200 4086 "-" "Mozilla/5.0 (X11; Linux x86_64; rv:31.0) Gecko/20100101 Firefox/31.0 Iceweasel/31.6.0"
