172.28.108.104 - - [30/May/2015:18:48:32 -0400] "GET / HTTP/1.1" 304 0 "-" "Mozilla/5.0 (X11; Linux x86_64; rv:31.0) Gecko/20100101 Firefox/31.0 Iceweasel/31.7.0"
172.28.103.112 - - [30/May/2015:18:48:36 -0400] "GET /challenges HTTP/1.1" 301 0 "https://scoreboard.hf/" "Mozilla/5.0 (X11; Linux x86_64; rv:31.0) Gecko/20100101 Firefox/31.0 Iceweasel/31.5.0"
172.28.103.112 - - [30/May/2015:18:48:37 -0400] "GET /challenges/ HTTP/1.1" 200 17557 "https://scoreboard.hf/" "Mozilla/5.0 (X11; Linux x86_64; rv:31.0) Gecko/20100101 Firefox/31.0 Iceweasel/31.5.0"
172.28.106.103 - - [30/May/2015:18:48:43 -0400] "GET / HTTP/1.1" 200 4116 "-" "Mozilla/5.0 (Windows NT 6.1; WOW64) AppleWebKit/537.36 (KHTML, like Gecko) Chrome/43.0.2357.81 Safari/537.36"
172.28.106.103 - - [30/May/2015:18:48:43 -0400] "GET /static/fonts/fontawesome-webfont.woff?v=4.1.0 HTTP/1.1" 200 83760 "https://scoreboard.hf/static/css/font-awesome.css" "Mozilla/5.0 (Windows NT 6.1; WOW64) AppleWebKit/537.36 (KHTML, like Gecko) Chrome/43.0.2357.81 Safari/537.36"
172.28.106.103 - - [30/May/2015:18:48:43 -0400] "GET /favicon.ico HTTP/1.1" 404 564 "https://scoreboard.hf/" "Mozilla/5.0 (Windows NT 6.1; WOW64) AppleWebKit/537.36 (KHTML, like Gecko) Chrome/43.0.2357.81 Safari/537.36"
172.16.66.170 - - [30/May/2015:18:48:44 -0400] "GET /projector/2/ HTTP/1.1" 200 2364 "https://scoreboard.hf/projector/1/" "Mozilla/5.0 (Macintosh; ARM Mac OS X) AppleWebKit/538.15 (KHTML, like Gecko) Safari/538.15 Version/6.0 Debian/7.8 (3.8.2.0-0rpi21rpi1) Epiphany/3.8.2"
172.16.66.170 - - [30/May/2015:18:48:45 -0400] "GET /projector/2/ HTTP/1.1" 200 2364 "https://scoreboard.hf/projector/1/" "Mozilla/5.0 (Macintosh; ARM Mac OS X) AppleWebKit/538.15 (KHTML, like Gecko) Safari/538.15 Version/6.0 Debian/7.8 (3.8.2.0-0rpi21rpi1) Epiphany/3.8.2"
172.28.109.105 - - [30/May/2015:18:48:45 -0400] "GET / HTTP/1.1" 200 4135 "-" "Mozilla/5.0 (Windows NT 6.1; WOW64; rv:38.0) Gecko/20100101 Firefox/38.0"
172.28.108.104 - - [30/May/2015:18:48:45 -0400] "GET /public/re01 HTTP/1.1" 200 7192 "https://scoreboard.hf/challenges/" "Mozilla/5.0 (X11; Linux x86_64; rv:31.0) Gecko/20100101 Firefox/31.0 Iceweasel/31.7.0"
172.28.109.105 - - [30/May/2015:18:48:46 -0400] "GET /static/fonts/fontawesome-webfont.woff?v=4.1.0 HTTP/1.1" 200 83760 "https://scoreboard.hf/static/css/font-awesome.css" "Mozilla/5.0 (Windows NT 6.1; WOW64; rv:38.0) Gecko/20100101 Firefox/38.0"
172.28.109.105 - - [30/May/2015:18:48:48 -0400] "GET /favicon.ico HTTP/1.1" 404 162 "-" "Mozilla/5.0 (Windows NT 6.1; WOW64; rv:38.0) Gecko/20100101 Firefox/38.0"
172.28.109.105 - - [30/May/2015:18:48:48 -0400] "GET /favicon.ico HTTP/1.1" 404 162 "-" "Mozilla/5.0 (Windows NT 6.1; WOW64; rv:38.0) Gecko/20100101 Firefox/38.0"
172.28.106.103 - - [30/May/2015:18:48:54 -0400] "GET /scoreboard HTTP/1.1" 301 0 "https://scoreboard.hf/" "Mozilla/5.0 (Windows NT 6.1; WOW64) AppleWebKit/537.36 (KHTML, like Gecko) Chrome/43.0.2357.81 Safari/537.36"
172.28.106.103 - - [30/May/2015:18:48:54 -0400] "GET /scoreboard/ HTTP/1.1" 200 3832 "https://scoreboard.hf/" "Mozilla/5.0 (Windows NT 6.1; WOW64) AppleWebKit/537.36 (KHTML, like Gecko) Chrome/43.0.2357.81 Safari/537.36"
172.28.109.105 - - [30/May/2015:18:48:57 -0400] "GET /challenges HTTP/1.1" 301 0 "https://scoreboard.hf/" "Mozilla/5.0 (Windows NT 6.1; WOW64; rv:38.0) Gecko/20100101 Firefox/38.0"
172.28.109.105 - - [30/May/2015:18:48:58 -0400] "GET /challenges/ HTTP/1.1" 200 17567 "https://scoreboard.hf/" "Mozilla/5.0 (Windows NT 6.1; WOW64; rv:38.0) Gecko/20100101 Firefox/38.0"
172.28.106.102 - - [30/May/2015:18:48:59 -0400] "GET /dashboard HTTP/1.1" 301 0 "https://scoreboard.hf/challenges/" "Mozilla/5.0 (Windows NT 6.1; WOW64) AppleWebKit/537.36 (KHTML, like Gecko) Chrome/43.0.2357.81 Safari/537.36"
172.28.106.102 - - [30/May/2015:18:48:59 -0400] "GET /dashboard/ HTTP/1.1" 200 3482 "https://scoreboard.hf/challenges/" "Mozilla/5.0 (Windows NT 6.1; WOW64) AppleWebKit/537.36 (KHTML, like Gecko) Chrome/43.0.2357.81 Safari/537.36"
172.28.109.102 - - [30/May/2015:18:49:05 -0400] "GET / HTTP/1.1" 304 0 "-" "Mozilla/5.0 (Windows NT 6.3; WOW64; Trident/7.0; rv:11.0) like Gecko"
172.28.109.102 - - [30/May/2015:18:49:05 -0400] "GET /static/fonts/fontawesome-webfont.eot? HTTP/1.1" 304 0 "https://scoreboard.hf/" "Mozilla/5.0 (Windows NT 6.3; WOW64; Trident/7.0; rv:11.0) like Gecko"
172.16.66.170 - - [30/May/2015:18:49:07 -0400] "GET /projector/1/ HTTP/1.1" 304 0 "https://scoreboard.hf/projector/2/" "Mozilla/5.0 (Macintosh; ARM Mac OS X) AppleWebKit/538.15 (KHTML, like Gecko) Safari/538.15 Version/6.0 Debian/7.8 (3.8.2.0-0rpi21rpi1) Epiphany/3.8.2"
172.28.106.104 - - [30/May/2015:18:49:08 -0400] "GET /challenges/ HTTP/1.1" 304 0 "https://scoreboard.hf/scoreboard/" "Mozilla/5.0 (X11; Linux x86_64; rv:31.0) Gecko/20100101 Firefox/31.0 Iceweasel/31.7.0"
172.28.104.105 - - [30/May/2015:18:49:11 -0400] "GET / HTTP/1.1" 200 4116 "-" "Mozilla/5.0 (Windows NT 6.1; WOW64) AppleWebKit/537.36 (KHTML, like Gecko) Chrome/43.0.2357.81 Safari/537.36"
172.28.104.105 - - [30/May/2015:18:49:11 -0400] "GET / HTTP/1.1" 200 4116 "-" "Mozilla/5.0 (Windows NT 6.1; WOW64) AppleWebKit/537.36 (KHTML, like Gecko) Chrome/43.0.2357.81 Safari/537.36"
172.28.103.110 - - [30/May/2015:18:49:18 -0400] "GET /public/pwn01 HTTP/1.1" 200 809680 "https://scoreboard.hf/challenges/" "Mozilla/5.0 (X11; Linux x86_64) AppleWebKit/537.36 (KHTML, like Gecko) Ubuntu Chromium/41.0.2272.76 Chrome/41.0.2272.76 Safari/537.36"
172.16.66.170 - - [30/May/2015:18:49:19 -0400] "GET /projector/2/ HTTP/1.1" 200 2364 "https://scoreboard.hf/projector/1/" "Mozilla/5.0 (Macintosh; ARM Mac OS X) AppleWebKit/538.15 (KHTML, like Gecko) Safari/538.15 Version/6.0 Debian/7.8 (3.8.2.0-0rpi21rpi1) Epiphany/3.8.2"
172.28.104.105 - - [30/May/2015:18:49:24 -0400] "GET /challenges HTTP/1.1" 301 0 "https://scoreboard.hf/" "Mozilla/5.0 (Windows NT 6.1; WOW64) AppleWebKit/537.36 (KHTML, like Gecko) Chrome/43.0.2357.81 Safari/537.36"
172.28.104.105 - - [30/May/2015:18:49:24 -0400] "GET /challenges/ HTTP/1.1" 200 17548 "https://scoreboard.hf/" "Mozilla/5.0 (Windows NT 6.1; WOW64) AppleWebKit/537.36 (KHTML, like Gecko) Chrome/43.0.2357.81 Safari/537.36"
172.28.104.105 - - [30/May/2015:18:49:24 -0400] "GET /static/fonts/fontawesome-webfont.woff?v=4.1.0 HTTP/1.1" 200 83760 "https://scoreboard.hf/static/css/font-awesome.css" "Mozilla/5.0 (Windows NT 6.1; WOW64) AppleWebKit/537.36 (KHTML, like Gecko) Chrome/43.0.2357.81 Safari/537.36"
172.28.109.103 - - [30/May/2015:18:49:31 -0400] "GET /public/caramoulk.xlsx HTTP/1.1" 200 5076 "https://scoreboard.hf/challenges/" "Mozilla/5.0 (X11; Linux x86_64; rv:31.0) Gecko/20100101 Firefox/31.0 Iceweasel/31.7.0"
172.16.66.170 - - [30/May/2015:18:49:41 -0400] "GET /projector/1/ HTTP/1.1" 304 0 "https://scoreboard.hf/projector/2/" "Mozilla/5.0 (Macintosh; ARM Mac OS X) AppleWebKit/538.15 (KHTML, like Gecko) Safari/538.15 Version/6.0 Debian/7.8 (3.8.2.0-0rpi21rpi1) Epiphany/3.8.2"
172.16.66.170 - - [30/May/2015:18:49:53 -0400] "GET /projector/2/ HTTP/1.1" 200 2364 "https://scoreboard.hf/projector/1/" "Mozilla/5.0 (Macintosh; ARM Mac OS X) AppleWebKit/538.15 (KHTML, like Gecko) Safari/538.15 Version/6.0 Debian/7.8 (3.8.2.0-0rpi21rpi1) Epiphany/3.8.2"
172.16.66.170 - - [30/May/2015:18:49:53 -0400] "GET /projector/2/ HTTP/1.1" 200 2364 "https://scoreboard.hf/projector/1/" "Mozilla/5.0 (Macintosh; ARM Mac OS X) AppleWebKit/538.15 (KHTML, like Gecko) Safari/538.15 Version/6.0 Debian/7.8 (3.8.2.0-0rpi21rpi1) Epiphany/3.8.2"
172.16.66.170 - - [30/May/2015:18:50:11 -0400] "GET /projector/1/ HTTP/1.1" 304 0 "https://scoreboard.hf/projector/2/" "Mozilla/5.0 (Macintosh; ARM Mac OS X) AppleWebKit/538.15 (KHTML, like Gecko) Safari/538.15 Version/6.0 Debian/7.8 (3.8.2.0-0rpi21rpi1) Epiphany/3.8.2"
172.16.66.170 - - [30/May/2015:18:50:22 -0400] "GET /projector/2/ HTTP/1.1" 200 2364 "https://scoreboard.hf/projector/1/" "Mozilla/5.0 (Macintosh; ARM Mac OS X) AppleWebKit/538.15 (KHTML, like Gecko) Safari/538.15 Version/6.0 Debian/7.8 (3.8.2.0-0rpi21rpi1) Epiphany/3.8.2"
172.16.66.170 - - [30/May/2015:18:50:40 -0400] "GET /projector/1/ HTTP/1.1" 304 0 "https://scoreboard.hf/projector/2/" "Mozilla/5.0 (Macintosh; ARM Mac OS X) AppleWebKit/538.15 (KHTML, like Gecko) Safari/538.15 Version/6.0 Debian/7.8 (3.8.2.0-0rpi21rpi1) Epiphany/3.8.2"
172.16.66.170 - - [30/May/2015:18:50:52 -0400] "GET /projector/2/ HTTP/1.1" 200 2364 "https://scoreboard.hf/projector/1/" "Mozilla/5.0 (Macintosh; ARM Mac OS X) AppleWebKit/538.15 (KHTML, like Gecko) Safari/538.15 Version/6.0 Debian/7.8 (3.8.2.0-0rpi21rpi1) Epiphany/3.8.2"
172.16.66.170 - - [30/May/2015:18:50:52 -0400] "GET /projector/2/ HTTP/1.1" 200 2364 "https://scoreboard.hf/projector/1/" "Mozilla/5.0 (Macintosh; ARM Mac OS X) AppleWebKit/538.15 (KHTML, like Gecko) Safari/538.15 Version/6.0 Debian/7.8 (3.8.2.0-0rpi21rpi1) Epiphany/3.8.2"
172.16.66.170 - - [30/May/2015:18:51:10 -0400] "GET /projector/1/ HTTP/1.1" 304 0 "https://scoreboard.hf/projector/2/" "Mozilla/5.0 (Macintosh; ARM Mac OS X) AppleWebKit/538.15 (KHTML, like Gecko) Safari/538.15 Version/6.0 Debian/7.8 (3.8.2.0-0rpi21rpi1) Epiphany/3.8.2"
172.16.66.170 - - [30/May/2015:18:51:22 -0400] "GET /projector/2/ HTTP/1.1" 200 2364 "https://scoreboard.hf/projector/1/" "Mozilla/5.0 (Macintosh; ARM Mac OS X) AppleWebKit/538.15 (KHTML, like Gecko) Safari/538.15 Version/6.0 Debian/7.8 (3.8.2.0-0rpi21rpi1) Epiphany/3.8.2"
172.16.66.170 - - [30/May/2015:18:51:44 -0400] "GET /projector/1/ HTTP/1.1" 304 0 "https://scoreboard.hf/projector/2/" "Mozilla/5.0 (Macintosh; ARM Mac OS X) AppleWebKit/538.15 (KHTML, like Gecko) Safari/538.15 Version/6.0 Debian/7.8 (3.8.2.0-0rpi21rpi1) Epiphany/3.8.2"
172.28.102.102 - - [30/May/2015:18:52:05 -0400] "GET /challenges/ HTTP/1.1" 200 17556 "-" "Mozilla/5.0 (X11; Linux x86_64) AppleWebKit/537.36 (KHTML, like Gecko) Chrome/43.0.2357.81 Safari/537.36"
172.28.103.112 - - [30/May/2015:18:52:06 -0400] "GET /public/arduino-chal.c HTTP/1.1" 200 18919 "https://scoreboard.hf/challenges/" "Mozilla/5.0 (X11; Linux x86_64; rv:31.0) Gecko/20100101 Firefox/31.0 Iceweasel/31.5.0"
172.28.102.106 - - [30/May/2015:18:52:07 -0400] "GET / HTTP/1.1" 200 4124 "-" "Mozilla/5.0 (Windows NT 10.0; WOW64) AppleWebKit/537.36 (KHTML, like Gecko) Chrome/43.0.2357.81 Safari/537.36"
172.28.106.107 - - [30/May/2015:18:52:12 -0400] "GET /challenges/ HTTP/1.1" 200 17548 "https://scoreboard.hf/rules" "Mozilla/5.0 (X11; Linux x86_64; rv:31.0) Gecko/20100101 Firefox/31.0 Iceweasel/31.7.0"
172.28.104.55 - - [30/May/2015:18:52:13 -0400] "GET / HTTP/1.1" 200 4116 "-" "Mozilla/5.0 (Windows NT 6.3; WOW64; Trident/7.0; VER#7E#80837584526745485587484854; TNJB; rv:11.0) like Gecko"
172.28.102.106 - - [30/May/2015:18:52:13 -0400] "GET /challenges HTTP/1.1" 301 0 "https://scoreboard.hf/" "Mozilla/5.0 (Windows NT 10.0; WOW64) AppleWebKit/537.36 (KHTML, like Gecko) Chrome/43.0.2357.81 Safari/537.36"
172.28.102.106 - - [30/May/2015:18:52:14 -0400] "GET /challenges/ HTTP/1.1" 200 17556 "https://scoreboard.hf/" "Mozilla/5.0 (Windows NT 10.0; WOW64) AppleWebKit/537.36 (KHTML, like Gecko) Chrome/43.0.2357.81 Safari/537.36"
172.28.104.55 - - [30/May/2015:18:52:14 -0400] "GET /static/fonts/fontawesome-webfont.eot? HTTP/1.1" 200 72449 "https://scoreboard.hf/" "Mozilla/5.0 (Windows NT 6.3; WOW64; Trident/7.0; VER#7E#80837584526745485587484854; TNJB; rv:11.0) like Gecko"
172.28.104.104 - - [30/May/2015:18:52:18 -0400] "GET / HTTP/1.1" 304 0 "-" "Mozilla/5.0 (X11; Linux x86_64; rv:38.0) Gecko/20100101 Firefox/38.0"
172.28.104.55 - - [30/May/2015:18:52:18 -0400] "GET / HTTP/1.1" 200 4116 "-" "Mozilla/5.0 (Windows NT 6.3; WOW64) AppleWebKit/537.36 (KHTML, like Gecko) Chrome/43.0.2357.65 Safari/537.36"
172.28.103.110 - - [30/May/2015:18:52:21 -0400] "GET /public/fw.tar.gz HTTP/1.1" 404 564 "https://scoreboard.hf/challenges/" "Mozilla/5.0 (X11; Linux x86_64) AppleWebKit/537.36 (KHTML, like Gecko) Ubuntu Chromium/41.0.2272.76 Chrome/41.0.2272.76 Safari/537.36"
172.28.102.105 - - [30/May/2015:18:52:21 -0400] "GET /challenges/ HTTP/1.1" 304 0 "https://scoreboard.hf/challenges/" "Mozilla/5.0 (Macintosh; Intel Mac OS X 10_10_3) AppleWebKit/537.36 (KHTML, like Gecko) Chrome/43.0.2357.65 Safari/537.36"
172.28.102.105 - - [30/May/2015:18:52:24 -0400] "GET /scoreboard HTTP/1.1" 301 0 "https://scoreboard.hf/challenges/" "Mozilla/5.0 (Macintosh; Intel Mac OS X 10_10_3) AppleWebKit/537.36 (KHTML, like Gecko) Chrome/43.0.2357.65 Safari/537.36"
172.28.102.105 - - [30/May/2015:18:52:24 -0400] "GET /scoreboard/ HTTP/1.1" 200 3840 "https://scoreboard.hf/challenges/" "Mozilla/5.0 (Macintosh; Intel Mac OS X 10_10_3) AppleWebKit/537.36 (KHTML, like Gecko) Chrome/43.0.2357.65 Safari/537.36"
172.28.104.55 - - [30/May/2015:18:52:25 -0400] "GET /challenges HTTP/1.1" 301 0 "https://scoreboard.hf/" "Mozilla/5.0 (Windows NT 6.3; WOW64) AppleWebKit/537.36 (KHTML, like Gecko) Chrome/43.0.2357.65 Safari/537.36"
172.28.104.55 - - [30/May/2015:18:52:26 -0400] "GET /challenges/ HTTP/1.1" 200 17548 "https://scoreboard.hf/" "Mozilla/5.0 (Windows NT 6.3; WOW64) AppleWebKit/537.36 (KHTML, like Gecko) Chrome/43.0.2357.65 Safari/537.36"
172.28.102.105 - - [30/May/2015:18:52:27 -0400] "GET / HTTP/1.1" 200 4124 "https://scoreboard.hf/scoreboard/" "Mozilla/5.0 (Macintosh; Intel Mac OS X 10_10_3) AppleWebKit/537.36 (KHTML, like Gecko) Chrome/43.0.2357.65 Safari/537.36"
172.28.107.103 - - [30/May/2015:18:52:31 -0400] "GET /challenges/ HTTP/1.1" 200 17565 "https://scoreboard.hf/scoreboard/" "Mozilla/5.0 (X11; Linux x86_64; rv:31.0) Gecko/20100101 Firefox/31.0 Iceweasel/31.7.0"
172.28.101.104 - - [30/May/2015:18:52:32 -0400] "GET /projector/2/ HTTP/1.1" 200 2364 "-" "Mozilla/5.0 (Windows NT 6.3; WOW64) AppleWebKit/537.36 (KHTML, like Gecko) Chrome/43.0.2357.65 Safari/537.36"
172.28.102.105 - - [30/May/2015:18:52:36 -0400] "POST / HTTP/1.1" 200 4208 "https://scoreboard.hf/" "Mozilla/5.0 (Macintosh; Intel Mac OS X 10_10_3) AppleWebKit/537.36 (KHTML, like Gecko) Chrome/43.0.2357.65 Safari/537.36"
172.28.101.104 - - [30/May/2015:18:52:39 -0400] "GET /projector/1/ HTTP/1.1" 200 2521 "-" "Mozilla/5.0 (Windows NT 6.3; WOW64) AppleWebKit/537.36 (KHTML, like Gecko) Chrome/43.0.2357.65 Safari/537.36"
172.28.109.107 - - [30/May/2015:18:52:39 -0400] "GET / HTTP/1.1" 200 4140 "-" "Mozilla/5.0 (X11; Linux x86_64; rv:31.0) Gecko/20100101 Firefox/31.0 Iceweasel/31.7.0"
172.28.101.104 - - [30/May/2015:18:52:42 -0400] "GET /projector/ HTTP/1.1" 302 0 "-" "Mozilla/5.0 (Windows NT 6.3; WOW64) AppleWebKit/537.36 (KHTML, like Gecko) Chrome/43.0.2357.65 Safari/537.36"
172.28.101.104 - - [30/May/2015:18:52:43 -0400] "GET / HTTP/1.1" 200 4096 "-" "Mozilla/5.0 (Windows NT 6.3; WOW64) AppleWebKit/537.36 (KHTML, like Gecko) Chrome/43.0.2357.65 Safari/537.36"
172.28.107.102 - - [30/May/2015:18:52:44 -0400] "GET / HTTP/1.1" 200 4138 "-" "Mozilla/5.0 (Windows NT 6.1; WOW64) AppleWebKit/537.36 (KHTML, like Gecko) Chrome/43.0.2357.81 Safari/537.36"
172.28.107.102 - - [30/May/2015:18:52:44 -0400] "GET /static/fonts/fontawesome-webfont.woff?v=4.1.0 HTTP/1.1" 200 83760 "https://scoreboard.hf/static/css/font-awesome.css" "Mozilla/5.0 (Windows NT 6.1; WOW64) AppleWebKit/537.36 (KHTML, like Gecko) Chrome/43.0.2357.81 Safari/537.36"
172.28.102.106 - - [30/May/2015:18:52:44 -0400] "GET / HTTP/1.1" 200 4127 "https://scoreboard.hf/challenges/" "Mozilla/5.0 (Windows NT 10.0; WOW64) AppleWebKit/537.36 (KHTML, like Gecko) Chrome/43.0.2357.81 Safari/537.36"
172.28.109.107 - - [30/May/2015:18:52:45 -0400] "GET / HTTP/1.1" 304 0 "-" "Mozilla/5.0 (X11; Linux x86_64; rv:31.0) Gecko/20100101 Firefox/31.0 Iceweasel/31.7.0"
172.28.107.102 - - [30/May/2015:18:52:48 -0400] "GET /challenges HTTP/1.1" 301 0 "https://scoreboard.hf/" "Mozilla/5.0 (Windows NT 6.1; WOW64) AppleWebKit/537.36 (KHTML, like Gecko) Chrome/43.0.2357.81 Safari/537.36"
172.28.107.102 - - [30/May/2015:18:52:48 -0400] "GET /challenges/ HTTP/1.1" 200 17565 "https://scoreboard.hf/" "Mozilla/5.0 (Windows NT 6.1; WOW64) AppleWebKit/537.36 (KHTML, like Gecko) Chrome/43.0.2357.81 Safari/537.36"
172.28.102.105 - - [30/May/2015:18:52:50 -0400] "GET /challenges/ HTTP/1.1" 200 17563 "https://scoreboard.hf/" "Mozilla/5.0 (Macintosh; Intel Mac OS X 10_10_3) AppleWebKit/537.36 (KHTML, like Gecko) Chrome/43.0.2357.65 Safari/537.36"
172.28.103.110 - - [30/May/2015:18:52:52 -0400] "GET /public/fw.tar.gz HTTP/1.1" 404 564 "-" "Mozilla/5.0 (X11; Linux x86_64) AppleWebKit/537.36 (KHTML, like Gecko) Ubuntu Chromium/41.0.2272.76 Chrome/41.0.2272.76 Safari/537.36"
172.28.102.106 - - [30/May/2015:18:52:52 -0400] "GET /challenges HTTP/1.1" 301 0 "https://scoreboard.hf/" "Mozilla/5.0 (Windows NT 10.0; WOW64) AppleWebKit/537.36 (KHTML, like Gecko) Chrome/43.0.2357.81 Safari/537.36"
172.28.102.106 - - [30/May/2015:18:52:52 -0400] "GET /challenges/ HTTP/1.1" 200 17563 "https://scoreboard.hf/" "Mozilla/5.0 (Windows NT 10.0; WOW64) AppleWebKit/537.36 (KHTML, like Gecko) Chrome/43.0.2357.81 Safari/537.36"
172.28.103.110 - - [30/May/2015:18:52:53 -0400] "GET /public/fw.tar.gz HTTP/1.1" 404 564 "-" "Mozilla/5.0 (X11; Linux x86_64) AppleWebKit/537.36 (KHTML, like Gecko) Ubuntu Chromium/41.0.2272.76 Chrome/41.0.2272.76 Safari/537.36"
172.28.102.105 - - [30/May/2015:18:52:53 -0400] "GET /challenges/ HTTP/1.1" 304 0 "https://scoreboard.hf/challenges/" "Mozilla/5.0 (Macintosh; Intel Mac OS X 10_10_3) AppleWebKit/537.36 (KHTML, like Gecko) Chrome/43.0.2357.65 Safari/537.36"
172.28.103.110 - - [30/May/2015:18:52:54 -0400] "GET /challenges/ HTTP/1.1" 200 17557 "-" "Mozilla/5.0 (X11; Linux x86_64) AppleWebKit/537.36 (KHTML, like Gecko) Ubuntu Chromium/41.0.2272.76 Chrome/41.0.2272.76 Safari/537.36"
172.28.101.104 - - [30/May/2015:18:52:54 -0400] "GET /challenges HTTP/1.1" 301 0 "https://scoreboard.hf/" "Mozilla/5.0 (Windows NT 6.3; WOW64) AppleWebKit/537.36 (KHTML, like Gecko) Chrome/43.0.2357.65 Safari/537.36"
172.28.101.104 - - [30/May/2015:18:52:54 -0400] "GET /challenges/ HTTP/1.1" 200 17546 "https://scoreboard.hf/" "Mozilla/5.0 (Windows NT 6.3; WOW64) AppleWebKit/537.36 (KHTML, like Gecko) Chrome/43.0.2357.65 Safari/537.36"
172.28.102.106 - - [30/May/2015:18:52:55 -0400] "GET /dashboard HTTP/1.1" 301 0 "https://scoreboard.hf/challenges/" "Mozilla/5.0 (Windows NT 10.0; WOW64) AppleWebKit/537.36 (KHTML, like Gecko) Chrome/43.0.2357.81 Safari/537.36"
172.28.102.106 - - [30/May/2015:18:52:56 -0400] "GET /dashboard/ HTTP/1.1" 200 3535 "https://scoreboard.hf/challenges/" "Mozilla/5.0 (Windows NT 10.0; WOW64) AppleWebKit/537.36 (KHTML, like Gecko) Chrome/43.0.2357.81 Safari/537.36"
172.28.102.106 - - [30/May/2015:18:52:56 -0400] "GET /static/fonts/fontawesome-webfont.woff?v=4.1.0 HTTP/1.1" 200 83760 "https://scoreboard.hf/static/css/font-awesome.css" "Mozilla/5.0 (Windows NT 10.0; WOW64) AppleWebKit/537.36 (KHTML, like Gecko) Chrome/43.0.2357.81 Safari/537.36"
172.28.107.102 - - [30/May/2015:18:52:58 -0400] "GET /public/caramoulk.xlsx HTTP/1.1" 200 5076 "https://scoreboard.hf/challenges/" "Mozilla/5.0 (Windows NT 6.1; WOW64) AppleWebKit/537.36 (KHTML, like Gecko) Chrome/43.0.2357.81 Safari/537.36"
172.28.109.108 - - [30/May/2015:18:52:58 -0400] "GET / HTTP/1.1" 200 4140 "-" "Mozilla/5.0 (X11; Linux x86_64) AppleWebKit/537.36 (KHTML, like Gecko) Chrome/43.0.2357.81 Safari/537.36"
172.28.109.108 - - [30/May/2015:18:52:58 -0400] "GET /static/fonts/fontawesome-webfont.woff?v=4.1.0 HTTP/1.1" 200 83760 "https://scoreboard.hf/static/css/font-awesome.css" "Mozilla/5.0 (X11; Linux x86_64) AppleWebKit/537.36 (KHTML, like Gecko) Chrome/43.0.2357.81 Safari/537.36"
172.28.109.108 - - [30/May/2015:18:52:59 -0400] "GET /favicon.ico HTTP/1.1" 404 564 "https://scoreboard.hf/" "Mozilla/5.0 (X11; Linux x86_64) AppleWebKit/537.36 (KHTML, like Gecko) Chrome/43.0.2357.81 Safari/537.36"
172.28.104.55 - - [30/May/2015:18:53:02 -0400] "GET /public/fw.tar.gz HTTP/1.1" 404 564 "https://scoreboard.hf/challenges/" "Mozilla/5.0 (Windows NT 6.3; WOW64) AppleWebKit/537.36 (KHTML, like Gecko) Chrome/43.0.2357.65 Safari/537.36"
172.28.109.108 - - [30/May/2015:18:53:05 -0400] "GET /challenges HTTP/1.1" 301 0 "https://scoreboard.hf/" "Mozilla/5.0 (X11; Linux x86_64) AppleWebKit/537.36 (KHTML, like Gecko) Chrome/43.0.2357.81 Safari/537.36"
172.28.109.108 - - [30/May/2015:18:53:05 -0400] "GET /challenges/ HTTP/1.1" 200 17567 "https://scoreboard.hf/" "Mozilla/5.0 (X11; Linux x86_64) AppleWebKit/537.36 (KHTML, like Gecko) Chrome/43.0.2357.81 Safari/537.36"
172.28.103.111 - - [30/May/2015:18:53:06 -0400] "GET / HTTP/1.1" 200 4130 "-" "Mozilla/5.0 (X11; Linux x86_64; rv:39.0) Gecko/20100101 Firefox/39.0"
172.28.103.111 - - [30/May/2015:18:53:07 -0400] "GET /static/fonts/fontawesome-webfont.woff?v=4.1.0 HTTP/1.1" 200 83760 "https://scoreboard.hf/static/css/font-awesome.css" "Mozilla/5.0 (X11; Linux x86_64; rv:39.0) Gecko/20100101 Firefox/39.0"
172.28.107.103 - - [30/May/2015:18:53:09 -0400] "GET /public/fw.tar.gz HTTP/1.1" 404 162 "https://scoreboard.hf/challenges/" "Mozilla/5.0 (X11; Linux x86_64; rv:31.0) Gecko/20100101 Firefox/31.0 Iceweasel/31.7.0"
172.28.103.110 - - [30/May/2015:18:53:10 -0400] "GET /public/fw.tar.gz HTTP/1.1" 404 564 "-" "Mozilla/5.0 (X11; Linux x86_64) AppleWebKit/537.36 (KHTML, like Gecko) Ubuntu Chromium/41.0.2272.76 Chrome/41.0.2272.76 Safari/537.36"
172.28.104.107 - - [30/May/2015:18:53:12 -0400] "GET / HTTP/1.1" 200 4121 "-" "Mozilla/5.0 (Windows NT 6.3; WOW64) AppleWebKit/537.36 (KHTML, like Gecko) Chrome/43.0.2357.81 Safari/537.36"
172.28.102.106 - - [30/May/2015:18:53:12 -0400] "GET /public/fw.tar.gz HTTP/1.1" 404 564 "https://scoreboard.hf/challenges/" "Mozilla/5.0 (Windows NT 10.0; WOW64) AppleWebKit/537.36 (KHTML, like Gecko) Chrome/43.0.2357.81 Safari/537.36"
172.28.104.107 - - [30/May/2015:18:53:12 -0400] "GET /static/fonts/fontawesome-webfont.woff?v=4.1.0 HTTP/1.1" 304 0 "https://scoreboard.hf/" "Mozilla/5.0 (Windows NT 6.3; WOW64) AppleWebKit/537.36 (KHTML, like Gecko) Chrome/43.0.2357.81 Safari/537.36"
172.28.102.106 - - [30/May/2015:18:53:13 -0400] "GET /challenges/ HTTP/1.1" 200 17563 "https://scoreboard.hf/" "Mozilla/5.0 (Windows NT 10.0; WOW64) AppleWebKit/537.36 (KHTML, like Gecko) Chrome/43.0.2357.81 Safari/537.36"
172.28.103.111 - - [30/May/2015:18:53:16 -0400] "GET /challenges HTTP/1.1" 301 0 "https://scoreboard.hf/" "Mozilla/5.0 (X11; Linux x86_64; rv:39.0) Gecko/20100101 Firefox/39.0"
172.28.103.110 - - [30/May/2015:18:53:17 -0400] "GET /public/fw.tar.gz HTTP/1.1" 404 564 "-" "Mozilla/5.0 (X11; Linux x86_64) AppleWebKit/537.36 (KHTML, like Gecko) Ubuntu Chromium/41.0.2272.76 Chrome/41.0.2272.76 Safari/537.36"
172.28.103.111 - - [30/May/2015:18:53:17 -0400] "GET /challenges/ HTTP/1.1" 200 17557 "https://scoreboard.hf/" "Mozilla/5.0 (X11; Linux x86_64; rv:39.0) Gecko/20100101 Firefox/39.0"
172.28.103.110 - - [30/May/2015:18:53:19 -0400] "GET /public/fw.tar.gz HTTP/1.1" 404 564 "-" "Mozilla/5.0 (X11; Linux x86_64) AppleWebKit/537.36 (KHTML, like Gecko) Ubuntu Chromium/41.0.2272.76 Chrome/41.0.2272.76 Safari/537.36"
172.28.109.108 - - [30/May/2015:18:53:24 -0400] "GET /public/caramoulk.xlsx HTTP/1.1" 200 5076 "https://scoreboard.hf/challenges/" "Mozilla/5.0 (X11; Linux x86_64) AppleWebKit/537.36 (KHTML, like Gecko) Chrome/43.0.2357.81 Safari/537.36"
172.28.104.55 - - [30/May/2015:18:53:28 -0400] "GET /public/fw.tar.gz HTTP/1.1" 404 564 "-" "Mozilla/5.0 (Windows NT 6.3; WOW64) AppleWebKit/537.36 (KHTML, like Gecko) Chrome/43.0.2357.65 Safari/537.36"
172.28.103.110 - - [30/May/2015:18:53:32 -0400] "GET / HTTP/1.1" 200 4130 "-" "Mozilla/5.0 (X11; Linux x86_64) AppleWebKit/537.36 (KHTML, like Gecko) Ubuntu Chromium/41.0.2272.76 Chrome/41.0.2272.76 Safari/537.36"
172.28.104.107 - - [30/May/2015:18:53:36 -0400] "GET /challenges HTTP/1.1" 301 0 "https://scoreboard.hf/" "Mozilla/5.0 (Windows NT 6.3; WOW64) AppleWebKit/537.36 (KHTML, like Gecko) Chrome/43.0.2357.81 Safari/537.36"
172.28.104.107 - - [30/May/2015:18:53:36 -0400] "GET /challenges/ HTTP/1.1" 200 17548 "https://scoreboard.hf/" "Mozilla/5.0 (Windows NT 6.3; WOW64) AppleWebKit/537.36 (KHTML, like Gecko) Chrome/43.0.2357.81 Safari/537.36"
172.28.103.110 - - [30/May/2015:18:53:37 -0400] "GET / HTTP/1.1" 200 4130 "-" "Mozilla/5.0 (X11; Linux x86_64) AppleWebKit/537.36 (KHTML, like Gecko) Ubuntu Chromium/41.0.2272.76 Chrome/41.0.2272.76 Safari/537.36"
172.28.103.110 - - [30/May/2015:18:53:37 -0400] "GET /static/fonts/fontawesome-webfont.woff?v=4.1.0 HTTP/1.1" 200 83760 "https://scoreboard.hf/static/css/font-awesome.css" "Mozilla/5.0 (X11; Linux x86_64) AppleWebKit/537.36 (KHTML, like Gecko) Ubuntu Chromium/41.0.2272.76 Chrome/41.0.2272.76 Safari/537.36"
172.28.103.110 - - [30/May/2015:18:53:44 -0400] "GET /challenges HTTP/1.1" 301 0 "https://scoreboard.hf/" "Mozilla/5.0 (X11; Linux x86_64) AppleWebKit/537.36 (KHTML, like Gecko) Ubuntu Chromium/41.0.2272.76 Chrome/41.0.2272.76 Safari/537.36"
172.28.103.110 - - [30/May/2015:18:53:44 -0400] "GET /challenges/ HTTP/1.1" 200 17557 "https://scoreboard.hf/" "Mozilla/5.0 (X11; Linux x86_64) AppleWebKit/537.36 (KHTML, like Gecko) Ubuntu Chromium/41.0.2272.76 Chrome/41.0.2272.76 Safari/537.36"
172.28.107.104 - - [30/May/2015:18:53:49 -0400] "GET / HTTP/1.1" 200 4138 "-" "Mozilla/5.0 (Windows NT 6.1; WOW64; rv:38.0) Gecko/20100101 Firefox/38.0"
172.28.107.104 - - [30/May/2015:18:53:51 -0400] "GET /static/fonts/fontawesome-webfont.woff?v=4.1.0 HTTP/1.1" 200 83760 "https://scoreboard.hf/static/css/font-awesome.css" "Mozilla/5.0 (Windows NT 6.1; WOW64; rv:38.0) Gecko/20100101 Firefox/38.0"
172.28.107.104 - - [30/May/2015:18:53:51 -0400] "GET /favicon.ico HTTP/1.1" 404 162 "-" "Mozilla/5.0 (Windows NT 6.1; WOW64; rv:38.0) Gecko/20100101 Firefox/38.0"
172.28.107.104 - - [30/May/2015:18:53:51 -0400] "GET /favicon.ico HTTP/1.1" 404 162 "-" "Mozilla/5.0 (Windows NT 6.1; WOW64; rv:38.0) Gecko/20100101 Firefox/38.0"
172.28.107.104 - - [30/May/2015:18:53:51 -0400] "GET /favicon.ico HTTP/1.1" 404 162 "-" "Mozilla/5.0 (Windows NT 6.1; WOW64; rv:38.0) Gecko/20100101 Firefox/38.0"
172.28.107.103 - - [30/May/2015:18:53:51 -0400] "GET /public/fw.tar.gz HTTP/1.1" 404 162 "https://scoreboard.hf/challenges/" "Mozilla/5.0 (X11; Linux x86_64; rv:31.0) Gecko/20100101 Firefox/31.0 Iceweasel/31.7.0"
172.28.103.110 - - [30/May/2015:18:53:53 -0400] "GET /public/re01 HTTP/1.1" 200 7192 "https://scoreboard.hf/challenges/" "Mozilla/5.0 (X11; Linux x86_64) AppleWebKit/537.36 (KHTML, like Gecko) Ubuntu Chromium/41.0.2272.76 Chrome/41.0.2272.76 Safari/537.36"
172.28.107.103 - - [30/May/2015:18:53:54 -0400] "GET /public/fw.tar.gz HTTP/1.1" 404 162 "https://scoreboard.hf/challenges/" "Mozilla/5.0 (X11; Linux x86_64; rv:31.0) Gecko/20100101 Firefox/31.0 Iceweasel/31.7.0"
172.28.103.110 - - [30/May/2015:18:53:58 -0400] "GET /public/re02 HTTP/1.1" 200 6633 "https://scoreboard.hf/challenges/" "Mozilla/5.0 (X11; Linux x86_64) AppleWebKit/537.36 (KHTML, like Gecko) Ubuntu Chromium/41.0.2272.76 Chrome/41.0.2272.76 Safari/537.36"
172.28.103.110 - - [30/May/2015:18:54:00 -0400] "GET /public/re03 HTTP/1.1" 200 32464 "https://scoreboard.hf/challenges/" "Mozilla/5.0 (X11; Linux x86_64) AppleWebKit/537.36 (KHTML, like Gecko) Ubuntu Chromium/41.0.2272.76 Chrome/41.0.2272.76 Safari/537.36"
172.28.110.110 - - [30/May/2015:18:54:05 -0400] "GET /challenges HTTP/1.1" 301 0 "-" "Mozilla/5.0 (Windows NT 6.3; WOW64; Trident/7.0; rv:11.0) like Gecko"
172.28.110.110 - - [30/May/2015:18:54:05 -0400] "GET /challenges/ HTTP/1.1" 200 17563 "-" "Mozilla/5.0 (Windows NT 6.3; WOW64; Trident/7.0; rv:11.0) like Gecko"
172.28.105.107 - - [30/May/2015:18:54:21 -0400] "GET /challenges/ HTTP/1.1" 304 0 "https://scoreboard.hf/" "Mozilla/5.0 (X11; Linux x86_64; rv:31.0) Gecko/20100101 Firefox/31.0 Iceweasel/31.7.0"
172.28.103.112 - - [30/May/2015:18:54:30 -0400] "GET /public/arduino-chal.c HTTP/1.1" 200 18919 "https://scoreboard.hf/challenges/" "Mozilla/5.0 (X11; Linux x86_64; rv:31.0) Gecko/20100101 Firefox/31.0 Iceweasel/31.5.0"
172.28.102.110 - - [30/May/2015:18:54:31 -0400] "GET / HTTP/1.1" 200 4127 "-" "Mozilla/5.0 (X11; Linux x86_64; rv:31.0) Gecko/20100101 Firefox/31.0 Iceweasel/31.7.0"
172.28.109.109 - - [30/May/2015:18:54:32 -0400] "GET / HTTP/1.1" 200 4140 "-" "Mozilla/5.0 (X11; Linux x86_64; rv:34.0) Gecko/20100101 Firefox/34.0"
172.28.102.110 - - [30/May/2015:18:54:32 -0400] "GET /favicon.ico HTTP/1.1" 404 162 "-" "Mozilla/5.0 (X11; Linux x86_64; rv:31.0) Gecko/20100101 Firefox/31.0 Iceweasel/31.7.0"
172.28.102.110 - - [30/May/2015:18:54:32 -0400] "GET /favicon.ico HTTP/1.1" 404 162 "-" "Mozilla/5.0 (X11; Linux x86_64; rv:31.0) Gecko/20100101 Firefox/31.0 Iceweasel/31.7.0"
172.28.110.110 - - [30/May/2015:18:54:35 -0400] "GET /rules HTTP/1.1" 200 4133 "-" "Mozilla/5.0 (Windows NT 6.3; WOW64; Trident/7.0; rv:11.0) like Gecko"
172.28.107.105 - - [30/May/2015:18:54:39 -0400] "GET /scoreboard/ HTTP/1.1" 200 3851 "-" "Mozilla/5.0 (Windows NT 6.1; WOW64) AppleWebKit/537.36 (KHTML, like Gecko) Chrome/43.0.2357.81 Safari/537.36"
172.28.107.105 - - [30/May/2015:18:54:39 -0400] "GET /static/fonts/fontawesome-webfont.woff?v=4.1.0 HTTP/1.1" 200 83760 "https://scoreboard.hf/static/css/font-awesome.css" "Mozilla/5.0 (Windows NT 6.1; WOW64) AppleWebKit/537.36 (KHTML, like Gecko) Chrome/43.0.2357.81 Safari/537.36"
172.28.107.105 - - [30/May/2015:18:54:39 -0400] "GET /favicon.ico HTTP/1.1" 404 564 "https://scoreboard.hf/scoreboard/" "Mozilla/5.0 (Windows NT 6.1; WOW64) AppleWebKit/537.36 (KHTML, like Gecko) Chrome/43.0.2357.81 Safari/537.36"
172.16.66.184 - - [30/May/2015:18:54:40 -0400] "GET /challenges HTTP/1.1" 301 0 "https://scoreboard.hf/" "Mozilla/5.0 (Macintosh; Intel Mac OS X 10_10_2) AppleWebKit/537.36 (KHTML, like Gecko) Chrome/43.0.2357.81 Safari/537.36"
172.16.66.184 - - [30/May/2015:18:54:40 -0400] "GET /challenges/ HTTP/1.1" 200 17551 "https://scoreboard.hf/" "Mozilla/5.0 (Macintosh; Intel Mac OS X 10_10_2) AppleWebKit/537.36 (KHTML, like Gecko) Chrome/43.0.2357.81 Safari/537.36"
172.28.110.110 - - [30/May/2015:18:54:41 -0400] "GET /scoreboard HTTP/1.1" 301 0 "https://scoreboard.hf/rules" "Mozilla/5.0 (Windows NT 6.3; WOW64; Trident/7.0; rv:11.0) like Gecko"
172.28.110.110 - - [30/May/2015:18:54:41 -0400] "GET /scoreboard/ HTTP/1.1" 200 3849 "https://scoreboard.hf/rules" "Mozilla/5.0 (Windows NT 6.3; WOW64; Trident/7.0; rv:11.0) like Gecko"
172.28.109.109 - - [30/May/2015:18:54:41 -0400] "GET /challenges HTTP/1.1" 301 0 "https://scoreboard.hf/" "Mozilla/5.0 (X11; Linux x86_64; rv:34.0) Gecko/20100101 Firefox/34.0"
172.28.109.109 - - [30/May/2015:18:54:41 -0400] "GET /challenges/ HTTP/1.1" 200 17567 "https://scoreboard.hf/" "Mozilla/5.0 (X11; Linux x86_64; rv:34.0) Gecko/20100101 Firefox/34.0"
172.28.107.105 - - [30/May/2015:18:54:45 -0400] "GET /challenges HTTP/1.1" 301 0 "https://scoreboard.hf/scoreboard/" "Mozilla/5.0 (Windows NT 6.1; WOW64) AppleWebKit/537.36 (KHTML, like Gecko) Chrome/43.0.2357.81 Safari/537.36"
172.28.107.105 - - [30/May/2015:18:54:45 -0400] "GET /challenges/ HTTP/1.1" 200 17565 "https://scoreboard.hf/scoreboard/" "Mozilla/5.0 (Windows NT 6.1; WOW64) AppleWebKit/537.36 (KHTML, like Gecko) Chrome/43.0.2357.81 Safari/537.36"
172.28.107.105 - - [30/May/2015:18:54:45 -0400] "GET /static/fonts/fontawesome-webfont.woff?v=4.1.0 HTTP/1.1" 200 83760 "https://scoreboard.hf/static/css/font-awesome.css" "Mozilla/5.0 (Windows NT 6.1; WOW64) AppleWebKit/537.36 (KHTML, like Gecko) Chrome/43.0.2357.81 Safari/537.36"
172.16.66.184 - - [30/May/2015:18:54:46 -0400] "GET /public/fw.tar.gz HTTP/1.1" 404 564 "https://scoreboard.hf/challenges/" "Mozilla/5.0 (Macintosh; Intel Mac OS X 10_10_2) AppleWebKit/537.36 (KHTML, like Gecko) Chrome/43.0.2357.81 Safari/537.36"
172.16.66.184 - - [30/May/2015:18:54:52 -0400] "GET /challenges/ HTTP/1.1" 200 17551 "https://scoreboard.hf/" "Mozilla/5.0 (Macintosh; Intel Mac OS X 10_10_2) AppleWebKit/537.36 (KHTML, like Gecko) Chrome/43.0.2357.81 Safari/537.36"
172.28.102.105 - - [30/May/2015:18:55:00 -0400] "GET /public/re01 HTTP/1.1" 200 7192 "https://scoreboard.hf/challenges/" "Mozilla/5.0 (Macintosh; Intel Mac OS X 10_10_3) AppleWebKit/537.36 (KHTML, like Gecko) Chrome/43.0.2357.65 Safari/537.36"
172.28.106.108 - - [30/May/2015:18:55:03 -0400] "GET / HTTP/1.1" 200 4121 "-" "Mozilla/5.0 (Windows NT 6.1; WOW64) AppleWebKit/537.36 (KHTML, like Gecko) Chrome/43.0.2357.81 Safari/537.36"
172.28.106.108 - - [30/May/2015:18:55:03 -0400] "GET /static/fonts/fontawesome-webfont.woff?v=4.1.0 HTTP/1.1" 200 83760 "https://scoreboard.hf/static/css/font-awesome.css" "Mozilla/5.0 (Windows NT 6.1; WOW64) AppleWebKit/537.36 (KHTML, like Gecko) Chrome/43.0.2357.81 Safari/537.36"
172.28.106.108 - - [30/May/2015:18:55:03 -0400] "GET /favicon.ico HTTP/1.1" 404 564 "https://scoreboard.hf/" "Mozilla/5.0 (Windows NT 6.1; WOW64) AppleWebKit/537.36 (KHTML, like Gecko) Chrome/43.0.2357.81 Safari/537.36"
172.28.106.108 - - [30/May/2015:18:55:05 -0400] "GET /challenges HTTP/1.1" 301 0 "https://scoreboard.hf/" "Mozilla/5.0 (Windows NT 6.1; WOW64) AppleWebKit/537.36 (KHTML, like Gecko) Chrome/43.0.2357.81 Safari/537.36"
172.28.106.108 - - [30/May/2015:18:55:06 -0400] "GET /challenges/ HTTP/1.1" 200 17548 "https://scoreboard.hf/" "Mozilla/5.0 (Windows NT 6.1; WOW64) AppleWebKit/537.36 (KHTML, like Gecko) Chrome/43.0.2357.81 Safari/537.36"
172.28.101.104 - - [30/May/2015:18:55:08 -0400] "GET /scoreboard HTTP/1.1" 301 0 "https://scoreboard.hf/challenges/" "Mozilla/5.0 (Windows NT 6.3; WOW64) AppleWebKit/537.36 (KHTML, like Gecko) Chrome/43.0.2357.65 Safari/537.36"
172.28.101.104 - - [30/May/2015:18:55:09 -0400] "GET /scoreboard/ HTTP/1.1" 200 3832 "https://scoreboard.hf/challenges/" "Mozilla/5.0 (Windows NT 6.3; WOW64) AppleWebKit/537.36 (KHTML, like Gecko) Chrome/43.0.2357.65 Safari/537.36"
172.28.101.104 - - [30/May/2015:18:55:09 -0400] "GET /dashboard HTTP/1.1" 301 0 "https://scoreboard.hf/scoreboard/" "Mozilla/5.0 (Windows NT 6.3; WOW64) AppleWebKit/537.36 (KHTML, like Gecko) Chrome/43.0.2357.65 Safari/537.36"
172.28.101.104 - - [30/May/2015:18:55:09 -0400] "GET /dashboard/ HTTP/1.1" 200 3527 "https://scoreboard.hf/scoreboard/" "Mozilla/5.0 (Windows NT 6.3; WOW64) AppleWebKit/537.36 (KHTML, like Gecko) Chrome/43.0.2357.65 Safari/537.36"
172.28.105.111 - - [30/May/2015:18:55:10 -0400] "GET / HTTP/1.1" 200 4119 "-" "Mozilla/5.0 (X11; Linux x86_64; rv:31.0) Gecko/20100101 Iceweasel/31.7.0"
172.28.105.111 - - [30/May/2015:18:55:10 -0400] "GET /static/fonts/fontawesome-webfont.woff?v=4.1.0 HTTP/1.1" 200 83760 "https://scoreboard.hf/static/css/font-awesome.css" "Mozilla/5.0 (X11; Linux x86_64; rv:31.0) Gecko/20100101 Iceweasel/31.7.0"
172.28.105.111 - - [30/May/2015:18:55:10 -0400] "GET /favicon.ico HTTP/1.1" 404 162 "-" "Mozilla/5.0 (X11; Linux x86_64; rv:31.0) Gecko/20100101 Iceweasel/31.7.0"
172.28.105.111 - - [30/May/2015:18:55:10 -0400] "GET /favicon.ico HTTP/1.1" 404 162 "-" "Mozilla/5.0 (X11; Linux x86_64; rv:31.0) Gecko/20100101 Iceweasel/31.7.0"
172.28.101.104 - - [30/May/2015:18:55:12 -0400] "GET / HTTP/1.1" 200 4096 "https://scoreboard.hf/dashboard/" "Mozilla/5.0 (Windows NT 6.3; WOW64) AppleWebKit/537.36 (KHTML, like Gecko) Chrome/43.0.2357.65 Safari/537.36"
172.28.107.105 - - [30/May/2015:18:55:13 -0400] "GET /public/caramoulk.xlsx HTTP/1.1" 200 5076 "https://scoreboard.hf/challenges/" "Mozilla/5.0 (Windows NT 6.1; WOW64) AppleWebKit/537.36 (KHTML, like Gecko) Chrome/43.0.2357.81 Safari/537.36"
172.28.101.104 - - [30/May/2015:18:55:15 -0400] "POST / HTTP/1.1" 200 4190 "https://scoreboard.hf/" "Mozilla/5.0 (Windows NT 6.3; WOW64) AppleWebKit/537.36 (KHTML, like Gecko) Chrome/43.0.2357.65 Safari/537.36"
172.28.102.106 - - [30/May/2015:18:55:22 -0400] "GET /public/arduino-chal.c HTTP/1.1" 200 18919 "https://scoreboard.hf/challenges/" "Mozilla/5.0 (Windows NT 10.0; WOW64) AppleWebKit/537.36 (KHTML, like Gecko) Chrome/43.0.2357.81 Safari/537.36"
172.28.106.108 - - [30/May/2015:18:55:31 -0400] "GET /public/fw.tar.gz HTTP/1.1" 404 564 "https://scoreboard.hf/challenges/" "Mozilla/5.0 (Windows NT 6.1; WOW64) AppleWebKit/537.36 (KHTML, like Gecko) Chrome/43.0.2357.81 Safari/537.36"
172.28.106.108 - - [30/May/2015:18:55:36 -0400] "GET /challenges/ HTTP/1.1" 200 17548 "https://scoreboard.hf/" "Mozilla/5.0 (Windows NT 6.1; WOW64) AppleWebKit/537.36 (KHTML, like Gecko) Chrome/43.0.2357.81 Safari/537.36"
172.28.101.104 - - [30/May/2015:18:55:37 -0400] "GET /challenges HTTP/1.1" 301 0 "https://scoreboard.hf/" "Mozilla/5.0 (Windows NT 6.3; WOW64) AppleWebKit/537.36 (KHTML, like Gecko) Chrome/43.0.2357.65 Safari/537.36"
172.28.101.104 - - [30/May/2015:18:55:37 -0400] "GET /challenges/ HTTP/1.1" 200 17553 "https://scoreboard.hf/" "Mozilla/5.0 (Windows NT 6.3; WOW64) AppleWebKit/537.36 (KHTML, like Gecko) Chrome/43.0.2357.65 Safari/537.36"
172.28.107.104 - - [30/May/2015:18:55:43 -0400] "GET /rules HTTP/1.1" 200 4135 "https://scoreboard.hf/" "Mozilla/5.0 (Windows NT 6.1; WOW64; rv:38.0) Gecko/20100101 Firefox/38.0"
172.28.110.110 - - [30/May/2015:18:55:46 -0400] "GET /public/caramoulk.xlsx HTTP/1.1" 200 5076 "https://scoreboard.hf/challenges/" "Mozilla/5.0 (Windows NT 6.3; WOW64; Trident/7.0; rv:11.0) like Gecko"
172.28.105.111 - - [30/May/2015:18:55:57 -0400] "GET /challenges HTTP/1.1" 301 0 "https://scoreboard.hf/" "Mozilla/5.0 (X11; Linux x86_64; rv:31.0) Gecko/20100101 Iceweasel/31.7.0"
172.28.105.111 - - [30/May/2015:18:55:58 -0400] "GET /challenges/ HTTP/1.1" 200 17555 "https://scoreboard.hf/" "Mozilla/5.0 (X11; Linux x86_64; rv:31.0) Gecko/20100101 Iceweasel/31.7.0"
172.28.106.108 - - [30/May/2015:18:56:05 -0400] "GET /public/caramoulk.xlsx HTTP/1.1" 200 5076 "https://scoreboard.hf/challenges/" "Mozilla/5.0 (Windows NT 6.1; WOW64) AppleWebKit/537.36 (KHTML, like Gecko) Chrome/43.0.2357.81 Safari/537.36"
172.28.107.104 - - [30/May/2015:18:56:06 -0400] "GET /challenges HTTP/1.1" 301 0 "https://scoreboard.hf/rules" "Mozilla/5.0 (Windows NT 6.1; WOW64; rv:38.0) Gecko/20100101 Firefox/38.0"
172.28.107.104 - - [30/May/2015:18:56:07 -0400] "GET /challenges/ HTTP/1.1" 200 17565 "https://scoreboard.hf/rules" "Mozilla/5.0 (Windows NT 6.1; WOW64; rv:38.0) Gecko/20100101 Firefox/38.0"
172.28.105.111 - - [30/May/2015:18:56:10 -0400] "GET /challenges/ HTTP/1.1" 304 0 "https://scoreboard.hf/challenges/" "Mozilla/5.0 (X11; Linux x86_64; rv:31.0) Gecko/20100101 Iceweasel/31.7.0"
172.28.101.104 - - [30/May/2015:18:56:18 -0400] "GET /public/re01 HTTP/1.1" 200 7192 "https://scoreboard.hf/challenges/" "Mozilla/5.0 (Windows NT 6.3; WOW64) AppleWebKit/537.36 (KHTML, like Gecko) Chrome/43.0.2357.65 Safari/537.36"
172.28.105.107 - - [30/May/2015:18:56:24 -0400] "GET /public/fw.tar.gz HTTP/1.1" 404 162 "https://scoreboard.hf/challenges/" "Mozilla/5.0 (X11; Linux x86_64; rv:31.0) Gecko/20100101 Firefox/31.0 Iceweasel/31.7.0"
172.28.102.102 - - [30/May/2015:18:56:25 -0400] "GET /scoreboard HTTP/1.1" 301 0 "https://scoreboard.hf/challenges/" "Mozilla/5.0 (X11; Linux x86_64) AppleWebKit/537.36 (KHTML, like Gecko) Chrome/43.0.2357.81 Safari/537.36"
172.28.102.102 - - [30/May/2015:18:56:25 -0400] "GET /scoreboard/ HTTP/1.1" 200 3842 "https://scoreboard.hf/challenges/" "Mozilla/5.0 (X11; Linux x86_64) AppleWebKit/537.36 (KHTML, like Gecko) Chrome/43.0.2357.81 Safari/537.36"
172.28.102.102 - - [30/May/2015:18:56:25 -0400] "GET /static/fonts/fontawesome-webfont.woff?v=4.1.0 HTTP/1.1" 200 83760 "https://scoreboard.hf/static/css/font-awesome.css" "Mozilla/5.0 (X11; Linux x86_64) AppleWebKit/537.36 (KHTML, like Gecko) Chrome/43.0.2357.81 Safari/537.36"
172.28.102.102 - - [30/May/2015:18:56:26 -0400] "GET /dashboard HTTP/1.1" 301 0 "https://scoreboard.hf/challenges/" "Mozilla/5.0 (X11; Linux x86_64) AppleWebKit/537.36 (KHTML, like Gecko) Chrome/43.0.2357.81 Safari/537.36"
172.28.102.102 - - [30/May/2015:18:56:26 -0400] "GET /dashboard/ HTTP/1.1" 200 3533 "https://scoreboard.hf/challenges/" "Mozilla/5.0 (X11; Linux x86_64) AppleWebKit/537.36 (KHTML, like Gecko) Chrome/43.0.2357.81 Safari/537.36"
172.28.102.102 - - [30/May/2015:18:56:27 -0400] "GET /static/fonts/fontawesome-webfont.woff?v=4.1.0 HTTP/1.1" 200 83760 "https://scoreboard.hf/static/css/font-awesome.css" "Mozilla/5.0 (X11; Linux x86_64) AppleWebKit/537.36 (KHTML, like Gecko) Chrome/43.0.2357.81 Safari/537.36"
172.28.105.107 - - [30/May/2015:18:56:30 -0400] "GET /public/fw.tar.gz HTTP/1.1" 404 162 "-" "Mozilla/5.0 (X11; Linux x86_64; rv:31.0) Gecko/20100101 Firefox/31.0 Iceweasel/31.7.0"
172.28.104.104 - - [30/May/2015:18:56:32 -0400] "GET /challenges/ HTTP/1.1" 200 17548 "https://scoreboard.hf/" "Mozilla/5.0 (X11; Linux x86_64; rv:38.0) Gecko/20100101 Firefox/38.0"
172.28.106.106 - - [30/May/2015:18:56:32 -0400] "GET /public/hf.ca.root.crt HTTP/1.1" 200 2134 "-" "Wget/1.13.4 (linux-gnu)"
172.28.105.107 - - [30/May/2015:18:56:33 -0400] "GET /public/fw.tar.gz HTTP/1.1" 404 162 "https://scoreboard.hf/challenges/" "Mozilla/5.0 (X11; Linux x86_64; rv:31.0) Gecko/20100101 Firefox/31.0 Iceweasel/31.7.0"
172.28.105.107 - - [30/May/2015:18:56:35 -0400] "GET /public/fw.tar.gz HTTP/1.1" 404 162 "https://scoreboard.hf/challenges/" "Mozilla/5.0 (X11; Linux x86_64; rv:31.0) Gecko/20100101 Firefox/31.0 Iceweasel/31.7.0"
172.28.105.107 - - [30/May/2015:18:56:42 -0400] "GET /scoreboard HTTP/1.1" 301 0 "https://scoreboard.hf/challenges/" "Mozilla/5.0 (X11; Linux x86_64; rv:31.0) Gecko/20100101 Firefox/31.0 Iceweasel/31.7.0"
172.28.105.107 - - [30/May/2015:18:56:42 -0400] "GET /scoreboard/ HTTP/1.1" 200 3834 "https://scoreboard.hf/challenges/" "Mozilla/5.0 (X11; Linux x86_64; rv:31.0) Gecko/20100101 Firefox/31.0 Iceweasel/31.7.0"
172.28.104.104 - - [30/May/2015:18:56:50 -0400] "GET /public/pwn01 HTTP/1.1" 200 809680 "https://scoreboard.hf/challenges/" "Mozilla/5.0 (X11; Linux x86_64; rv:38.0) Gecko/20100101 Firefox/38.0"
172.28.105.107 - - [30/May/2015:18:56:50 -0400] "GET /public/fw.tar.gz HTTP/1.1" 404 162 "https://scoreboard.hf/challenges/" "Mozilla/5.0 (X11; Linux x86_64; rv:31.0) Gecko/20100101 Firefox/31.0 Iceweasel/31.7.0"
172.28.105.111 - - [30/May/2015:18:56:55 -0400] "GET /public/fw.tar.gz HTTP/1.1" 404 162 "https://scoreboard.hf/challenges/" "Mozilla/5.0 (X11; Linux x86_64; rv:31.0) Gecko/20100101 Iceweasel/31.7.0"
172.16.66.170 - - [30/May/2015:18:56:55 -0400] "GET /projector/2/ HTTP/1.1" 200 2409 "-" "Mozilla/5.0 (Macintosh; ARM Mac OS X) AppleWebKit/538.15 (KHTML, like Gecko) Safari/538.15 Version/6.0 Debian/7.8 (3.8.2.0-0rpi21rpi1) Epiphany/3.8.2"
172.16.66.170 - - [30/May/2015:18:56:56 -0400] "GET /projector/2/ HTTP/1.1" 200 2409 "-" "Mozilla/5.0 (Macintosh; ARM Mac OS X) AppleWebKit/538.15 (KHTML, like Gecko) Safari/538.15 Version/6.0 Debian/7.8 (3.8.2.0-0rpi21rpi1) Epiphany/3.8.2"
172.28.102.102 - - [30/May/2015:18:56:59 -0400] "GET / HTTP/1.1" 200 4119 "https://scoreboard.hf/dashboard/" "Mozilla/5.0 (X11; Linux x86_64) AppleWebKit/537.36 (KHTML, like Gecko) Chrome/43.0.2357.81 Safari/537.36"
172.28.110.111 - - [30/May/2015:18:57:04 -0400] "GET /challenges/ HTTP/1.1" 200 17563 "https://scoreboard.hf/" "Mozilla/5.0 (Windows NT 6.1; WOW64; rv:38.0) Gecko/20100101 Firefox/38.0"
172.28.105.111 - - [30/May/2015:18:57:04 -0400] "GET /public/fw.tar.gz HTTP/1.1" 404 162 "https://scoreboard.hf/challenges/" "Mozilla/5.0 (X11; Linux x86_64; rv:31.0) Gecko/20100101 Iceweasel/31.7.0"
172.28.109.108 - - [30/May/2015:18:57:06 -0400] "GET / HTTP/1.1" 200 4132 "-" "Mozilla/5.0 (X11; Linux x86_64) AppleWebKit/537.36 (KHTML, like Gecko) Chrome/43.0.2357.81 Safari/537.36"
172.28.109.108 - - [30/May/2015:18:57:06 -0400] "GET /static/fonts/fontawesome-webfont.woff?v=4.1.0 HTTP/1.1" 200 83760 "https://scoreboard.hf/static/css/font-awesome.css" "Mozilla/5.0 (X11; Linux x86_64) AppleWebKit/537.36 (KHTML, like Gecko) Chrome/43.0.2357.81 Safari/537.36"
172.28.109.109 - - [30/May/2015:18:57:14 -0400] "GET /public/re01 HTTP/1.1" 200 7192 "https://scoreboard.hf/challenges/" "Mozilla/5.0 (X11; Linux x86_64; rv:34.0) Gecko/20100101 Firefox/34.0"
172.28.105.112 - - [30/May/2015:18:57:15 -0400] "GET / HTTP/1.1" 200 4111 "-" "Mozilla/5.0 (X11; Linux x86_64; rv:31.0) Gecko/20100101 Firefox/31.0 Iceweasel/31.5.0"
172.28.105.112 - - [30/May/2015:18:57:15 -0400] "GET /static/fonts/fontawesome-webfont.woff?v=4.1.0 HTTP/1.1" 200 83760 "https://scoreboard.hf/static/css/font-awesome.css" "Mozilla/5.0 (X11; Linux x86_64; rv:31.0) Gecko/20100101 Firefox/31.0 Iceweasel/31.5.0"
172.28.105.112 - - [30/May/2015:18:57:16 -0400] "GET /favicon.ico HTTP/1.1" 404 162 "-" "Mozilla/5.0 (X11; Linux x86_64; rv:31.0) Gecko/20100101 Firefox/31.0 Iceweasel/31.5.0"
172.28.105.112 - - [30/May/2015:18:57:16 -0400] "GET /favicon.ico HTTP/1.1" 404 162 "-" "Mozilla/5.0 (X11; Linux x86_64; rv:31.0) Gecko/20100101 Firefox/31.0 Iceweasel/31.5.0"
172.28.107.104 - - [30/May/2015:18:57:20 -0400] "GET /public/fw.tar.gz HTTP/1.1" 404 162 "https://scoreboard.hf/challenges/" "Mozilla/5.0 (Windows NT 6.1; WOW64; rv:38.0) Gecko/20100101 Firefox/38.0"
172.16.66.170 - - [30/May/2015:18:57:21 -0400] "GET /projector/1/ HTTP/1.1" 200 2513 "https://scoreboard.hf/projector/2/" "Mozilla/5.0 (Macintosh; ARM Mac OS X) AppleWebKit/538.15 (KHTML, like Gecko) Safari/538.15 Version/6.0 Debian/7.8 (3.8.2.0-0rpi21rpi1) Epiphany/3.8.2"
172.28.105.112 - - [30/May/2015:18:57:26 -0400] "GET /challenges HTTP/1.1" 301 0 "https://scoreboard.hf/" "Mozilla/5.0 (X11; Linux x86_64; rv:31.0) Gecko/20100101 Firefox/31.0 Iceweasel/31.5.0"
172.28.105.112 - - [30/May/2015:18:57:26 -0400] "GET /challenges/ HTTP/1.1" 200 17555 "https://scoreboard.hf/" "Mozilla/5.0 (X11; Linux x86_64; rv:31.0) Gecko/20100101 Firefox/31.0 Iceweasel/31.5.0"
172.28.102.102 - - [30/May/2015:18:57:27 -0400] "GET /dashboard HTTP/1.1" 301 0 "https://scoreboard.hf/" "Mozilla/5.0 (X11; Linux x86_64) AppleWebKit/537.36 (KHTML, like Gecko) Chrome/43.0.2357.81 Safari/537.36"
172.28.102.102 - - [30/May/2015:18:57:27 -0400] "GET /dashboard/ HTTP/1.1" 200 3533 "https://scoreboard.hf/" "Mozilla/5.0 (X11; Linux x86_64) AppleWebKit/537.36 (KHTML, like Gecko) Chrome/43.0.2357.81 Safari/537.36"
172.28.101.104 - - [30/May/2015:18:57:28 -0400] "GET /public/re03 HTTP/1.1" 200 32464 "https://scoreboard.hf/challenges/" "Mozilla/5.0 (Windows NT 6.3; WOW64) AppleWebKit/537.36 (KHTML, like Gecko) Chrome/43.0.2357.65 Safari/537.36"
172.28.102.102 - - [30/May/2015:18:57:29 -0400] "GET /scoreboard HTTP/1.1" 301 0 "https://scoreboard.hf/dashboard/" "Mozilla/5.0 (X11; Linux x86_64) AppleWebKit/537.36 (KHTML, like Gecko) Chrome/43.0.2357.81 Safari/537.36"
172.28.102.102 - - [30/May/2015:18:57:29 -0400] "GET /scoreboard/ HTTP/1.1" 200 3842 "https://scoreboard.hf/dashboard/" "Mozilla/5.0 (X11; Linux x86_64) AppleWebKit/537.36 (KHTML, like Gecko) Chrome/43.0.2357.81 Safari/537.36"
172.28.101.104 - - [30/May/2015:18:57:31 -0400] "GET /public/re02 HTTP/1.1" 200 6633 "https://scoreboard.hf/challenges/" "Mozilla/5.0 (Windows NT 6.3; WOW64) AppleWebKit/537.36 (KHTML, like Gecko) Chrome/43.0.2357.65 Safari/537.36"
172.28.102.102 - - [30/May/2015:18:57:31 -0400] "GET /challenges HTTP/1.1" 301 0 "https://scoreboard.hf/scoreboard/" "Mozilla/5.0 (X11; Linux x86_64) AppleWebKit/537.36 (KHTML, like Gecko) Chrome/43.0.2357.81 Safari/537.36"
172.28.102.102 - - [30/May/2015:18:57:31 -0400] "GET /challenges/ HTTP/1.1" 200 17563 "https://scoreboard.hf/scoreboard/" "Mozilla/5.0 (X11; Linux x86_64) AppleWebKit/537.36 (KHTML, like Gecko) Chrome/43.0.2357.81 Safari/537.36"
172.16.66.170 - - [30/May/2015:18:57:32 -0400] "GET /projector/2/ HTTP/1.1" 304 0 "-" "Mozilla/5.0 (Macintosh; ARM Mac OS X) AppleWebKit/538.15 (KHTML, like Gecko) Safari/538.15 Version/6.0 Debian/7.8 (3.8.2.0-0rpi21rpi1) Epiphany/3.8.2"
172.28.102.102 - - [30/May/2015:18:57:33 -0400] "GET /rules HTTP/1.1" 200 4124 "https://scoreboard.hf/challenges/" "Mozilla/5.0 (X11; Linux x86_64) AppleWebKit/537.36 (KHTML, like Gecko) Chrome/43.0.2357.81 Safari/537.36"
172.28.110.112 - - [30/May/2015:18:57:42 -0400] "GET / HTTP/1.1" 200 4128 "-" "Mozilla/5.0 (X11; Linux x86_64; rv:31.0) Gecko/20100101 Firefox/31.0 Iceweasel/31.7.0"
172.28.110.110 - - [30/May/2015:18:57:48 -0400] "GET /scoreboard/ HTTP/1.1" 200 3851 "https://scoreboard.hf/rules" "Mozilla/5.0 (Windows NT 6.3; WOW64; Trident/7.0; rv:11.0) like Gecko"
172.28.110.110 - - [30/May/2015:18:57:48 -0400] "GET /static/fonts/fontawesome-webfont.eot? HTTP/1.1" 304 0 "https://scoreboard.hf/scoreboard/" "Mozilla/5.0 (Windows NT 6.3; WOW64; Trident/7.0; rv:11.0) like Gecko"
172.16.66.170 - - [30/May/2015:18:57:51 -0400] "GET /projector/1/ HTTP/1.1" 304 0 "https://scoreboard.hf/projector/2/" "Mozilla/5.0 (Macintosh; ARM Mac OS X) AppleWebKit/538.15 (KHTML, like Gecko) Safari/538.15 Version/6.0 Debian/7.8 (3.8.2.0-0rpi21rpi1) Epiphany/3.8.2"
172.28.105.111 - - [30/May/2015:18:57:55 -0400] "GET /scoreboard HTTP/1.1" 301 0 "https://scoreboard.hf/challenges/" "Mozilla/5.0 (X11; Linux x86_64; rv:31.0) Gecko/20100101 Iceweasel/31.7.0"
172.28.105.111 - - [30/May/2015:18:57:56 -0400] "GET /scoreboard/ HTTP/1.1" 200 3834 "https://scoreboard.hf/challenges/" "Mozilla/5.0 (X11; Linux x86_64; rv:31.0) Gecko/20100101 Iceweasel/31.7.0"
172.28.104.107 - - [30/May/2015:18:58:01 -0400] "GET /challenges/ HTTP/1.1" 200 17548 "https://scoreboard.hf/" "Mozilla/5.0 (Windows NT 6.3; WOW64) AppleWebKit/537.36 (KHTML, like Gecko) Chrome/43.0.2357.81 Safari/537.36"
172.28.110.112 - - [30/May/2015:18:58:02 -0400] "GET /challenges/ HTTP/1.1" 200 17563 "https://scoreboard.hf/" "Mozilla/5.0 (X11; Linux x86_64; rv:31.0) Gecko/20100101 Firefox/31.0 Iceweasel/31.7.0"
172.16.66.170 - - [30/May/2015:18:58:02 -0400] "GET /projector/2/ HTTP/1.1" 304 0 "-" "Mozilla/5.0 (Macintosh; ARM Mac OS X) AppleWebKit/538.15 (KHTML, like Gecko) Safari/538.15 Version/6.0 Debian/7.8 (3.8.2.0-0rpi21rpi1) Epiphany/3.8.2"
172.28.104.105 - - [30/May/2015:18:58:07 -0400] "GET /challenges/ HTTP/1.1" 200 17548 "https://scoreboard.hf/" "Mozilla/5.0 (Windows NT 6.1; WOW64) AppleWebKit/537.36 (KHTML, like Gecko) Chrome/43.0.2357.81 Safari/537.36"
