172.28.106.106 - - [30/May/2015:19:10:08 -0400] "GET /static/fonts/fontawesome-webfont.woff?v=4.1.0 HTTP/1.1" 304 0 "https://scoreboard.hf/static/css/font-awesome.css" "Mozilla/5.0 (X11; Linux x86_64; rv:31.0) Gecko/20100101 Firefox/31.0 Iceweasel/31.6.0"
172.28.106.106 - - [30/May/2015:19:10:08 -0400] "GET /favicon.ico HTTP/1.1" 404 162 "-" "Mozilla/5.0 (X11; Linux x86_64; rv:31.0) Gecko/20100101 Firefox/31.0 Iceweasel/31.6.0"
172.28.104.55 - - [30/May/2015:19:10:08 -0400] "GET /public/fw.tar.gz HTTP/1.1" 200 1164 "https://scoreboard.hf/challenges/" "Mozilla/5.0 (Windows NT 6.3; WOW64) AppleWebKit/537.36 (KHTML, like Gecko) Chrome/43.0.2357.81 Safari/537.36"
172.28.110.110 - - [30/May/2015:19:10:09 -0400] "POST / HTTP/1.1" 200 4246 "https://scoreboard.hf/" "Mozilla/5.0 (Windows NT 6.3; WOW64; Trident/7.0; rv:11.0) like Gecko"
172.28.110.112 - - [30/May/2015:19:10:11 -0400] "GET / HTTP/1.1" 200 4122 "-" "Mozilla/5.0 (X11; Linux x86_64; rv:31.0) Gecko/20100101 Firefox/31.0 Iceweasel/31.7.0"
172.28.106.106 - - [30/May/2015:19:10:12 -0400] "GET /challenges/ HTTP/1.1" 200 17548 "https://scoreboard.hf/" "Mozilla/5.0 (X11; Linux x86_64; rv:31.0) Gecko/20100101 Firefox/31.0 Iceweasel/31.6.0"
172.28.110.110 - - [30/May/2015:19:10:17 -0400] "GET /scoreboard/ HTTP/1.1" 200 3857 "https://scoreboard.hf/rules" "Mozilla/5.0 (Windows NT 6.3; WOW64; Trident/7.0; rv:11.0) like Gecko"
172.28.110.110 - - [30/May/2015:19:10:17 -0400] "GET /static/fonts/fontawesome-webfont.eot? HTTP/1.1" 304 0 "https://scoreboard.hf/scoreboard/" "Mozilla/5.0 (Windows NT 6.3; WOW64; Trident/7.0; rv:11.0) like Gecko"
172.28.106.106 - - [30/May/2015:19:10:18 -0400] "GET /scoreboard/ HTTP/1.1" 200 3844 "https://scoreboard.hf/challenges/" "Mozilla/5.0 (X11; Linux x86_64; rv:31.0) Gecko/20100101 Firefox/31.0 Iceweasel/31.6.0"
172.16.66.170 - - [30/May/2015:19:10:19 -0400] "GET /projector/2/ HTTP/1.1" 304 0 "https://scoreboard.hf/projector/1/" "Mozilla/5.0 (Macintosh; ARM Mac OS X) AppleWebKit/538.15 (KHTML, like Gecko) Safari/538.15 Version/6.0 Debian/7.8 (3.8.2.0-0rpi21rpi1) Epiphany/3.8.2"
172.28.33.10 - - [30/May/2015:19:10:28 -0400] "GET /public/user.zip HTTP/1.1" 404 162 "-" "Mozilla/5.0 (X11; Linux x86_64; rv:31.0) Gecko/20100101 Firefox/31.0 Iceweasel/31.7.0"
172.28.33.10 - - [30/May/2015:19:10:28 -0400] "GET /favicon.ico HTTP/1.1" 404 162 "-" "Mozilla/5.0 (X11; Linux x86_64; rv:31.0) Gecko/20100101 Firefox/31.0 Iceweasel/31.7.0"
172.28.33.10 - - [30/May/2015:19:10:28 -0400] "GET /favicon.ico HTTP/1.1" 404 162 "-" "Mozilla/5.0 (X11; Linux x86_64; rv:31.0) Gecko/20100101 Firefox/31.0 Iceweasel/31.7.0"
172.28.33.18 - - [30/May/2015:19:10:28 -0400] "GET / HTTP/1.1" 200 4104 "-" "Mozilla/5.0 (Windows NT 6.1; WOW64) AppleWebKit/537.36 (KHTML, like Gecko) Chrome/43.0.2357.81 Safari/537.36"
172.28.33.18 - - [30/May/2015:19:10:30 -0400] "GET /static/fonts/fontawesome-webfont.woff?v=4.1.0 HTTP/1.1" 200 83760 "https://scoreboard.hf/static/css/font-awesome.css" "Mozilla/5.0 (Windows NT 6.1; WOW64) AppleWebKit/537.36 (KHTML, like Gecko) Chrome/43.0.2357.81 Safari/537.36"
172.28.33.18 - - [30/May/2015:19:10:30 -0400] "GET /favicon.ico HTTP/1.1" 404 564 "https://scoreboard.hf/" "Mozilla/5.0 (Windows NT 6.1; WOW64) AppleWebKit/537.36 (KHTML, like Gecko) Chrome/43.0.2357.81 Safari/537.36"
172.28.106.110 - - [30/May/2015:19:10:33 -0400] "GET /challenges/ HTTP/1.1" 304 0 "https://scoreboard.hf/scoreboard/" "Mozilla/5.0 (Windows NT 6.1; WOW64; rv:36.0) Gecko/20100101 Firefox/36.0"
172.28.33.10 - - [30/May/2015:19:10:33 -0400] "GET /public/user.zip HTTP/1.1" 404 162 "-" "Mozilla/5.0 (X11; Linux x86_64; rv:31.0) Gecko/20100101 Firefox/31.0 Iceweasel/31.7.0"
172.28.33.10 - - [30/May/2015:19:10:36 -0400] "GET /public HTTP/1.1" 301 178 "-" "Mozilla/5.0 (X11; Linux x86_64; rv:31.0) Gecko/20100101 Firefox/31.0 Iceweasel/31.7.0"
172.28.33.10 - - [30/May/2015:19:10:36 -0400] "GET /public/ HTTP/1.1" 200 1423 "-" "Mozilla/5.0 (X11; Linux x86_64; rv:31.0) Gecko/20100101 Firefox/31.0 Iceweasel/31.7.0"
172.16.66.170 - - [30/May/2015:19:10:37 -0400] "GET /projector/1/ HTTP/1.1" 304 0 "https://scoreboard.hf/projector/2/" "Mozilla/5.0 (Macintosh; ARM Mac OS X) AppleWebKit/538.15 (KHTML, like Gecko) Safari/538.15 Version/6.0 Debian/7.8 (3.8.2.0-0rpi21rpi1) Epiphany/3.8.2"
172.28.33.10 - - [30/May/2015:19:10:40 -0400] "GET /public/player.tar.gz HTTP/1.1" 200 2379 "https://scoreboard.hf/public/" "Mozilla/5.0 (X11; Linux x86_64; rv:31.0) Gecko/20100101 Firefox/31.0 Iceweasel/31.7.0"
172.28.110.112 - - [30/May/2015:19:10:41 -0400] "GET /challenges/ HTTP/1.1" 304 0 "https://scoreboard.hf/" "Mozilla/5.0 (X11; Linux x86_64; rv:31.0) Gecko/20100101 Firefox/31.0 Iceweasel/31.7.0"
172.28.33.18 - - [30/May/2015:19:10:41 -0400] "GET /challenges HTTP/1.1" 301 0 "https://scoreboard.hf/" "Mozilla/5.0 (Windows NT 6.1; WOW64) AppleWebKit/537.36 (KHTML, like Gecko) Chrome/43.0.2357.81 Safari/537.36"
172.28.33.18 - - [30/May/2015:19:10:41 -0400] "GET /challenges/ HTTP/1.1" 200 17543 "https://scoreboard.hf/" "Mozilla/5.0 (Windows NT 6.1; WOW64) AppleWebKit/537.36 (KHTML, like Gecko) Chrome/43.0.2357.81 Safari/537.36"
172.28.33.6 - - [30/May/2015:19:10:45 -0400] "GET /public/fw.tar.gz HTTP/1.1" 200 1164 "https://scoreboard.hf/challenges/" "Mozilla/5.0 (X11; Linux x86_64; rv:31.0) Gecko/20100101 Firefox/31.0 Iceweasel/31.7.0"
172.28.33.10 - - [30/May/2015:19:10:47 -0400] "GET /public/player.tar.gz HTTP/1.1" 200 2379 "https://scoreboard.hf/public/" "Mozilla/5.0 (X11; Linux x86_64; rv:31.0) Gecko/20100101 Firefox/31.0 Iceweasel/31.7.0"
172.16.66.170 - - [30/May/2015:19:10:49 -0400] "GET /projector/2/ HTTP/1.1" 304 0 "https://scoreboard.hf/projector/1/" "Mozilla/5.0 (Macintosh; ARM Mac OS X) AppleWebKit/538.15 (KHTML, like Gecko) Safari/538.15 Version/6.0 Debian/7.8 (3.8.2.0-0rpi21rpi1) Epiphany/3.8.2"
172.28.33.18 - - [30/May/2015:19:10:50 -0400] "GET /challenges/ HTTP/1.1" 200 17543 "https://scoreboard.hf/challenges/" "Mozilla/5.0 (Windows NT 6.1; WOW64) AppleWebKit/537.36 (KHTML, like Gecko) Chrome/43.0.2357.81 Safari/537.36"
172.28.33.18 - - [30/May/2015:19:10:53 -0400] "GET /static/fonts/fontawesome-webfont.woff?v=4.1.0 HTTP/1.1" 200 83760 "https://scoreboard.hf/static/css/font-awesome.css" "Mozilla/5.0 (Windows NT 6.1; WOW64) AppleWebKit/537.36 (KHTML, like Gecko) Chrome/43.0.2357.81 Safari/537.36"
172.28.110.110 - - [30/May/2015:19:10:55 -0400] "POST / HTTP/1.1" 200 4244 "https://scoreboard.hf/" "Mozilla/5.0 (Windows NT 6.3; WOW64; Trident/7.0; rv:11.0) like Gecko"
172.28.33.18 - - [30/May/2015:19:10:57 -0400] "GET /challenges/ HTTP/1.1" 200 17543 "https://scoreboard.hf/challenges/" "Mozilla/5.0 (Windows NT 6.1; WOW64) AppleWebKit/537.36 (KHTML, like Gecko) Chrome/43.0.2357.81 Safari/537.36"
172.28.33.18 - - [30/May/2015:19:11:00 -0400] "GET /static/fonts/fontawesome-webfont.woff?v=4.1.0 HTTP/1.1" 200 83760 "https://scoreboard.hf/static/css/font-awesome.css" "Mozilla/5.0 (Windows NT 6.1; WOW64) AppleWebKit/537.36 (KHTML, like Gecko) Chrome/43.0.2357.81 Safari/537.36"
172.28.33.18 - - [30/May/2015:19:11:07 -0400] "GET /challenges/ HTTP/1.1" 200 17543 "https://scoreboard.hf/challenges/" "Mozilla/5.0 (Windows NT 6.1; WOW64) AppleWebKit/537.36 (KHTML, like Gecko) Chrome/43.0.2357.81 Safari/537.36"
172.28.33.18 - - [30/May/2015:19:11:08 -0400] "GET /challenges/ HTTP/1.1" 200 17543 "https://scoreboard.hf/challenges/" "Mozilla/5.0 (Windows NT 6.1; WOW64) AppleWebKit/537.36 (KHTML, like Gecko) Chrome/43.0.2357.81 Safari/537.36"
172.28.33.18 - - [30/May/2015:19:11:09 -0400] "GET /static/fonts/fontawesome-webfont.woff?v=4.1.0 HTTP/1.1" 200 83760 "https://scoreboard.hf/static/css/font-awesome.css" "Mozilla/5.0 (Windows NT 6.1; WOW64) AppleWebKit/537.36 (KHTML, like Gecko) Chrome/43.0.2357.81 Safari/537.36"
172.28.33.18 - - [30/May/2015:19:11:10 -0400] "GET /challenges/ HTTP/1.1" 200 17543 "https://scoreboard.hf/challenges/" "Mozilla/5.0 (Windows NT 6.1; WOW64) AppleWebKit/537.36 (KHTML, like Gecko) Chrome/43.0.2357.81 Safari/537.36"
172.28.33.18 - - [30/May/2015:19:11:11 -0400] "GET /static/fonts/fontawesome-webfont.woff?v=4.1.0 HTTP/1.1" 200 83760 "https://scoreboard.hf/static/css/font-awesome.css" "Mozilla/5.0 (Windows NT 6.1; WOW64) AppleWebKit/537.36 (KHTML, like Gecko) Chrome/43.0.2357.81 Safari/537.36"
172.28.33.18 - - [30/May/2015:19:11:11 -0400] "GET /challenges/ HTTP/1.1" 200 17543 "https://scoreboard.hf/challenges/" "Mozilla/5.0 (Windows NT 6.1; WOW64) AppleWebKit/537.36 (KHTML, like Gecko) Chrome/43.0.2357.81 Safari/537.36"
172.28.33.18 - - [30/May/2015:19:11:12 -0400] "GET /static/fonts/fontawesome-webfont.woff?v=4.1.0 HTTP/1.1" 200 83760 "https://scoreboard.hf/static/css/font-awesome.css" "Mozilla/5.0 (Windows NT 6.1; WOW64) AppleWebKit/537.36 (KHTML, like Gecko) Chrome/43.0.2357.81 Safari/537.36"
172.16.66.170 - - [30/May/2015:19:11:13 -0400] "GET /projector/1/ HTTP/1.1" 304 0 "https://scoreboard.hf/projector/2/" "Mozilla/5.0 (Macintosh; ARM Mac OS X) AppleWebKit/538.15 (KHTML, like Gecko) Safari/538.15 Version/6.0 Debian/7.8 (3.8.2.0-0rpi21rpi1) Epiphany/3.8.2"
172.28.33.18 - - [30/May/2015:19:11:13 -0400] "GET /challenges/ HTTP/1.1" 200 17543 "https://scoreboard.hf/challenges/" "Mozilla/5.0 (Windows NT 6.1; WOW64) AppleWebKit/537.36 (KHTML, like Gecko) Chrome/43.0.2357.81 Safari/537.36"
172.28.33.18 - - [30/May/2015:19:11:14 -0400] "GET /static/fonts/fontawesome-webfont.woff?v=4.1.0 HTTP/1.1" 200 83760 "https://scoreboard.hf/static/css/font-awesome.css" "Mozilla/5.0 (Windows NT 6.1; WOW64) AppleWebKit/537.36 (KHTML, like Gecko) Chrome/43.0.2357.81 Safari/537.36"
172.28.33.18 - - [30/May/2015:19:11:15 -0400] "GET /challenges/ HTTP/1.1" 200 17543 "https://scoreboard.hf/challenges/" "Mozilla/5.0 (Windows NT 6.1; WOW64) AppleWebKit/537.36 (KHTML, like Gecko) Chrome/43.0.2357.81 Safari/537.36"
172.28.33.18 - - [30/May/2015:19:11:16 -0400] "GET /static/fonts/fontawesome-webfont.woff?v=4.1.0 HTTP/1.1" 200 83760 "https://scoreboard.hf/static/css/font-awesome.css" "Mozilla/5.0 (Windows NT 6.1; WOW64) AppleWebKit/537.36 (KHTML, like Gecko) Chrome/43.0.2357.81 Safari/537.36"
172.28.33.18 - - [30/May/2015:19:11:16 -0400] "GET /static/fonts/fontawesome-webfont.woff?v=4.1.0 HTTP/1.1" 200 83760 "https://scoreboard.hf/static/css/font-awesome.css" "Mozilla/5.0 (Windows NT 6.1; WOW64) AppleWebKit/537.36 (KHTML, like Gecko) Chrome/43.0.2357.81 Safari/537.36"
172.16.66.170 - - [30/May/2015:19:11:25 -0400] "GET /projector/2/ HTTP/1.1" 304 0 "https://scoreboard.hf/projector/1/" "Mozilla/5.0 (Macintosh; ARM Mac OS X) AppleWebKit/538.15 (KHTML, like Gecko) Safari/538.15 Version/6.0 Debian/7.8 (3.8.2.0-0rpi21rpi1) Epiphany/3.8.2"
172.28.110.111 - - [30/May/2015:19:11:33 -0400] "GET /scoreboard HTTP/1.1" 301 0 "https://scoreboard.hf/challenges/" "Mozilla/5.0 (Windows NT 6.1; WOW64; rv:38.0) Gecko/20100101 Firefox/38.0"
172.28.110.111 - - [30/May/2015:19:11:34 -0400] "GET /scoreboard/ HTTP/1.1" 200 3857 "https://scoreboard.hf/challenges/" "Mozilla/5.0 (Windows NT 6.1; WOW64; rv:38.0) Gecko/20100101 Firefox/38.0"
172.28.105.107 - - [30/May/2015:19:11:43 -0400] "GET /challenges/ HTTP/1.1" 304 0 "https://scoreboard.hf/challenges/" "Mozilla/5.0 (X11; Linux x86_64; rv:31.0) Gecko/20100101 Firefox/31.0 Iceweasel/31.7.0"
172.16.66.170 - - [30/May/2015:19:11:44 -0400] "GET /projector/1/ HTTP/1.1" 304 0 "https://scoreboard.hf/projector/2/" "Mozilla/5.0 (Macintosh; ARM Mac OS X) AppleWebKit/538.15 (KHTML, like Gecko) Safari/538.15 Version/6.0 Debian/7.8 (3.8.2.0-0rpi21rpi1) Epiphany/3.8.2"
172.28.105.107 - - [30/May/2015:19:11:45 -0400] "GET /scoreboard/ HTTP/1.1" 200 3842 "https://scoreboard.hf/challenges/" "Mozilla/5.0 (X11; Linux x86_64; rv:31.0) Gecko/20100101 Firefox/31.0 Iceweasel/31.7.0"
172.28.105.107 - - [30/May/2015:19:11:46 -0400] "GET /dashboard HTTP/1.1" 301 0 "https://scoreboard.hf/scoreboard/" "Mozilla/5.0 (X11; Linux x86_64; rv:31.0) Gecko/20100101 Firefox/31.0 Iceweasel/31.7.0"
172.28.105.107 - - [30/May/2015:19:11:46 -0400] "GET /dashboard/ HTTP/1.1" 200 3502 "https://scoreboard.hf/scoreboard/" "Mozilla/5.0 (X11; Linux x86_64; rv:31.0) Gecko/20100101 Firefox/31.0 Iceweasel/31.7.0"
172.28.110.111 - - [30/May/2015:19:11:47 -0400] "GET /dashboard HTTP/1.1" 301 0 "https://scoreboard.hf/scoreboard/" "Mozilla/5.0 (Windows NT 6.1; WOW64; rv:38.0) Gecko/20100101 Firefox/38.0"
172.28.105.107 - - [30/May/2015:19:11:47 -0400] "GET /challenges/ HTTP/1.1" 304 0 "https://scoreboard.hf/dashboard/" "Mozilla/5.0 (X11; Linux x86_64; rv:31.0) Gecko/20100101 Firefox/31.0 Iceweasel/31.7.0"
172.28.110.111 - - [30/May/2015:19:11:48 -0400] "GET /dashboard/ HTTP/1.1" 200 3517 "https://scoreboard.hf/scoreboard/" "Mozilla/5.0 (Windows NT 6.1; WOW64; rv:38.0) Gecko/20100101 Firefox/38.0"
172.28.105.107 - - [30/May/2015:19:11:50 -0400] "GET / HTTP/1.1" 200 4107 "https://scoreboard.hf/challenges/" "Mozilla/5.0 (X11; Linux x86_64; rv:31.0) Gecko/20100101 Firefox/31.0 Iceweasel/31.7.0"
172.28.110.111 - - [30/May/2015:19:11:51 -0400] "GET / HTTP/1.1" 200 4122 "https://scoreboard.hf/dashboard/" "Mozilla/5.0 (Windows NT 6.1; WOW64; rv:38.0) Gecko/20100101 Firefox/38.0"
172.16.66.170 - - [30/May/2015:19:11:56 -0400] "GET /projector/2/ HTTP/1.1" 304 0 "https://scoreboard.hf/projector/1/" "Mozilla/5.0 (Macintosh; ARM Mac OS X) AppleWebKit/538.15 (KHTML, like Gecko) Safari/538.15 Version/6.0 Debian/7.8 (3.8.2.0-0rpi21rpi1) Epiphany/3.8.2"
172.28.105.108 - - [30/May/2015:19:11:58 -0400] "GET /scoreboard HTTP/1.1" 301 0 "https://scoreboard.hf/challenges/" "Mozilla/5.0 (X11; Linux x86_64; rv:31.0) Gecko/20100101 Firefox/31.0 Iceweasel/31.7.0"
172.28.32.10 - - [30/May/2015:19:11:59 -0400] "GET /static/fonts/fontawesome-webfont.woff?v=4.1.0 HTTP/1.1" 200 83760 "https://scoreboard.hf/static/css/font-awesome.css" "Opera/9.80 (Macintosh; Intel Mac OS X; U; en) Presto/2.6.30 Version/10.61"
172.28.105.108 - - [30/May/2015:19:11:59 -0400] "GET /scoreboard/ HTTP/1.1" 200 3842 "https://scoreboard.hf/challenges/" "Mozilla/5.0 (X11; Linux x86_64; rv:31.0) Gecko/20100101 Firefox/31.0 Iceweasel/31.7.0"
172.28.110.111 - - [30/May/2015:19:12:00 -0400] "POST / HTTP/1.1" 200 4206 "https://scoreboard.hf/" "Mozilla/5.0 (Windows NT 6.1; WOW64; rv:38.0) Gecko/20100101 Firefox/38.0"
172.28.105.108 - - [30/May/2015:19:12:07 -0400] "GET /dashboard HTTP/1.1" 301 0 "https://scoreboard.hf/scoreboard/" "Mozilla/5.0 (X11; Linux x86_64; rv:31.0) Gecko/20100101 Firefox/31.0 Iceweasel/31.7.0"
172.28.105.108 - - [30/May/2015:19:12:09 -0400] "GET /dashboard/ HTTP/1.1" 200 3529 "https://scoreboard.hf/scoreboard/" "Mozilla/5.0 (X11; Linux x86_64; rv:31.0) Gecko/20100101 Firefox/31.0 Iceweasel/31.7.0"
172.28.32.10 - - [30/May/2015:19:12:11 -0400] "GET /rules HTTP/1.1" 200 4122 "https://scoreboard.hf/" "Opera/9.80 (Macintosh; Intel Mac OS X; U; en) Presto/2.6.30 Version/10.61"
172.28.105.108 - - [30/May/2015:19:12:11 -0400] "GET / HTTP/1.1" 200 4109 "https://scoreboard.hf/dashboard/" "Mozilla/5.0 (X11; Linux x86_64; rv:31.0) Gecko/20100101 Firefox/31.0 Iceweasel/31.7.0"
172.28.105.112 - - [30/May/2015:19:12:11 -0400] "GET / HTTP/1.1" 200 4109 "-" "Mozilla/5.0 (X11; Linux x86_64; rv:31.0) Gecko/20100101 Firefox/31.0 Iceweasel/31.5.0"
172.28.110.112 - - [30/May/2015:19:12:13 -0400] "GET /challenges/ HTTP/1.1" 200 17578 "https://scoreboard.hf/challenges/" "Mozilla/5.0 (X11; Linux x86_64; rv:31.0) Gecko/20100101 Firefox/31.0 Iceweasel/31.7.0"
172.28.110.112 - - [30/May/2015:19:12:15 -0400] "GET /scoreboard/ HTTP/1.1" 200 3860 "https://scoreboard.hf/challenges/" "Mozilla/5.0 (X11; Linux x86_64; rv:31.0) Gecko/20100101 Firefox/31.0 Iceweasel/31.7.0"
172.16.66.170 - - [30/May/2015:19:12:19 -0400] "GET /projector/1/ HTTP/1.1" 200 2534 "https://scoreboard.hf/projector/2/" "Mozilla/5.0 (Macintosh; ARM Mac OS X) AppleWebKit/538.15 (KHTML, like Gecko) Safari/538.15 Version/6.0 Debian/7.8 (3.8.2.0-0rpi21rpi1) Epiphany/3.8.2"
172.28.105.112 - - [30/May/2015:19:12:22 -0400] "GET /rules HTTP/1.1" 200 4116 "https://scoreboard.hf/" "Mozilla/5.0 (X11; Linux x86_64; rv:31.0) Gecko/20100101 Firefox/31.0 Iceweasel/31.5.0"
172.28.105.112 - - [30/May/2015:19:12:25 -0400] "GET /challenges HTTP/1.1" 301 0 "https://scoreboard.hf/rules" "Mozilla/5.0 (X11; Linux x86_64; rv:31.0) Gecko/20100101 Firefox/31.0 Iceweasel/31.5.0"
172.28.105.112 - - [30/May/2015:19:12:25 -0400] "GET /challenges/ HTTP/1.1" 304 0 "https://scoreboard.hf/rules" "Mozilla/5.0 (X11; Linux x86_64; rv:31.0) Gecko/20100101 Firefox/31.0 Iceweasel/31.5.0"
172.16.66.170 - - [30/May/2015:19:12:31 -0400] "GET /projector/2/ HTTP/1.1" 200 2413 "https://scoreboard.hf/projector/1/" "Mozilla/5.0 (Macintosh; ARM Mac OS X) AppleWebKit/538.15 (KHTML, like Gecko) Safari/538.15 Version/6.0 Debian/7.8 (3.8.2.0-0rpi21rpi1) Epiphany/3.8.2"
172.28.106.108 - - [30/May/2015:19:12:47 -0400] "GET /challenges/ HTTP/1.1" 200 17548 "https://scoreboard.hf/" "Mozilla/5.0 (Windows NT 6.1; WOW64) AppleWebKit/537.36 (KHTML, like Gecko) Chrome/43.0.2357.81 Safari/537.36"
172.28.106.108 - - [30/May/2015:19:12:47 -0400] "GET / HTTP/1.1" 200 4088 "-" "Mozilla/5.0 (Windows NT 6.1; WOW64) AppleWebKit/537.36 (KHTML, like Gecko) Chrome/43.0.2357.81 Safari/537.36"
172.16.66.170 - - [30/May/2015:19:12:54 -0400] "GET /projector/1/ HTTP/1.1" 304 0 "https://scoreboard.hf/projector/2/" "Mozilla/5.0 (Macintosh; ARM Mac OS X) AppleWebKit/538.15 (KHTML, like Gecko) Safari/538.15 Version/6.0 Debian/7.8 (3.8.2.0-0rpi21rpi1) Epiphany/3.8.2"
172.28.33.14 - - [30/May/2015:19:12:55 -0400] "GET / HTTP/1.1" 200 4106 "-" "Mozilla/5.0 (X11; Linux x86_64; rv:31.0) Gecko/20100101 Firefox/31.0 Iceweasel/31.2.0"
172.28.33.14 - - [30/May/2015:19:12:56 -0400] "GET /static/fonts/fontawesome-webfont.woff?v=4.1.0 HTTP/1.1" 304 0 "https://scoreboard.hf/static/css/font-awesome.css" "Mozilla/5.0 (X11; Linux x86_64; rv:31.0) Gecko/20100101 Firefox/31.0 Iceweasel/31.2.0"
172.28.33.14 - - [30/May/2015:19:12:56 -0400] "GET /favicon.ico HTTP/1.1" 404 162 "-" "Mozilla/5.0 (X11; Linux x86_64; rv:31.0) Gecko/20100101 Firefox/31.0 Iceweasel/31.2.0"
172.28.110.110 - - [30/May/2015:19:12:57 -0400] "POST / HTTP/1.1" 200 4260 "https://scoreboard.hf/" "Mozilla/5.0 (Windows NT 6.3; WOW64; Trident/7.0; rv:11.0) like Gecko"
172.28.105.108 - - [30/May/2015:19:13:00 -0400] "POST / HTTP/1.1" 200 4218 "https://scoreboard.hf/" "Mozilla/5.0 (X11; Linux x86_64; rv:31.0) Gecko/20100101 Firefox/31.0 Iceweasel/31.7.0"
172.16.66.170 - - [30/May/2015:19:13:06 -0400] "GET /projector/2/ HTTP/1.1" 304 0 "https://scoreboard.hf/projector/1/" "Mozilla/5.0 (Macintosh; ARM Mac OS X) AppleWebKit/538.15 (KHTML, like Gecko) Safari/538.15 Version/6.0 Debian/7.8 (3.8.2.0-0rpi21rpi1) Epiphany/3.8.2"
172.28.110.111 - - [30/May/2015:19:13:11 -0400] "GET /challenges/ HTTP/1.1" 200 17578 "https://scoreboard.hf/" "Mozilla/5.0 (Windows NT 6.1; WOW64; rv:38.0) Gecko/20100101 Firefox/38.0"
172.28.106.110 - - [30/May/2015:19:13:18 -0400] "GET /scoreboard/ HTTP/1.1" 200 3846 "https://scoreboard.hf/challenges/" "Mozilla/5.0 (Windows NT 6.1; WOW64; rv:36.0) Gecko/20100101 Firefox/36.0"
172.28.106.108 - - [30/May/2015:19:13:18 -0400] "GET / HTTP/1.1" 200 4088 "-" "Mozilla/5.0 (Windows NT 6.1; WOW64) AppleWebKit/537.36 (KHTML, like Gecko) Chrome/43.0.2357.81 Safari/537.36"
172.28.110.110 - - [30/May/2015:19:13:20 -0400] "POST / HTTP/1.1" 200 4260 "https://scoreboard.hf/" "Mozilla/5.0 (Windows NT 6.3; WOW64; Trident/7.0; rv:11.0) like Gecko"
172.16.66.170 - - [30/May/2015:19:13:25 -0400] "GET /projector/1/ HTTP/1.1" 304 0 "https://scoreboard.hf/projector/2/" "Mozilla/5.0 (Macintosh; ARM Mac OS X) AppleWebKit/538.15 (KHTML, like Gecko) Safari/538.15 Version/6.0 Debian/7.8 (3.8.2.0-0rpi21rpi1) Epiphany/3.8.2"
172.28.106.108 - - [30/May/2015:19:13:32 -0400] "GET /challenges HTTP/1.1" 301 0 "https://scoreboard.hf/" "Mozilla/5.0 (Windows NT 6.1; WOW64) AppleWebKit/537.36 (KHTML, like Gecko) Chrome/43.0.2357.81 Safari/537.36"
172.28.106.108 - - [30/May/2015:19:13:32 -0400] "GET /challenges/ HTTP/1.1" 200 17548 "https://scoreboard.hf/" "Mozilla/5.0 (Windows NT 6.1; WOW64) AppleWebKit/537.36 (KHTML, like Gecko) Chrome/43.0.2357.81 Safari/537.36"
172.28.106.108 - - [30/May/2015:19:13:33 -0400] "GET /scoreboard HTTP/1.1" 301 0 "https://scoreboard.hf/challenges/" "Mozilla/5.0 (Windows NT 6.1; WOW64) AppleWebKit/537.36 (KHTML, like Gecko) Chrome/43.0.2357.81 Safari/537.36"
172.28.106.108 - - [30/May/2015:19:13:33 -0400] "GET /scoreboard/ HTTP/1.1" 200 3846 "https://scoreboard.hf/challenges/" "Mozilla/5.0 (Windows NT 6.1; WOW64) AppleWebKit/537.36 (KHTML, like Gecko) Chrome/43.0.2357.81 Safari/537.36"
172.28.105.112 - - [30/May/2015:19:13:37 -0400] "GET /public/fw.tar.gz HTTP/1.1" 200 1164 "https://scoreboard.hf/challenges/" "Mozilla/5.0 (X11; Linux x86_64; rv:31.0) Gecko/20100101 Firefox/31.0 Iceweasel/31.5.0"
172.16.66.170 - - [30/May/2015:19:13:37 -0400] "GET /projector/2/ HTTP/1.1" 304 0 "https://scoreboard.hf/projector/1/" "Mozilla/5.0 (Macintosh; ARM Mac OS X) AppleWebKit/538.15 (KHTML, like Gecko) Safari/538.15 Version/6.0 Debian/7.8 (3.8.2.0-0rpi21rpi1) Epiphany/3.8.2"
172.28.106.108 - - [30/May/2015:19:13:39 -0400] "GET /challenges HTTP/1.1" 301 0 "https://scoreboard.hf/scoreboard/" "Mozilla/5.0 (Windows NT 6.1; WOW64) AppleWebKit/537.36 (KHTML, like Gecko) Chrome/43.0.2357.81 Safari/537.36"
172.28.106.108 - - [30/May/2015:19:13:39 -0400] "GET /challenges/ HTTP/1.1" 200 17548 "https://scoreboard.hf/scoreboard/" "Mozilla/5.0 (Windows NT 6.1; WOW64) AppleWebKit/537.36 (KHTML, like Gecko) Chrome/43.0.2357.81 Safari/537.36"
172.28.106.110 - - [30/May/2015:19:13:40 -0400] "GET /scoreboard/ HTTP/1.1" 304 0 "https://scoreboard.hf/scoreboard/" "Mozilla/5.0 (Windows NT 6.1; WOW64; rv:36.0) Gecko/20100101 Firefox/36.0"
172.28.110.110 - - [30/May/2015:19:13:42 -0400] "GET /scoreboard/ HTTP/1.1" 200 3860 "https://scoreboard.hf/rules" "Mozilla/5.0 (Windows NT 6.3; WOW64; Trident/7.0; rv:11.0) like Gecko"
172.28.110.110 - - [30/May/2015:19:13:42 -0400] "GET /static/fonts/fontawesome-webfont.eot? HTTP/1.1" 304 0 "https://scoreboard.hf/scoreboard/" "Mozilla/5.0 (Windows NT 6.3; WOW64; Trident/7.0; rv:11.0) like Gecko"
172.28.110.110 - - [30/May/2015:19:13:47 -0400] "GET /challenges/ HTTP/1.1" 200 17578 "-" "Mozilla/5.0 (Windows NT 6.3; WOW64; Trident/7.0; rv:11.0) like Gecko"
172.28.110.110 - - [30/May/2015:19:13:48 -0400] "GET /static/fonts/fontawesome-webfont.eot? HTTP/1.1" 304 0 "https://scoreboard.hf/challenges/" "Mozilla/5.0 (Windows NT 6.3; WOW64; Trident/7.0; rv:11.0) like Gecko"
172.28.110.109 - - [30/May/2015:19:13:48 -0400] "GET / HTTP/1.1" 200 4125 "-" "Mozilla/5.0 (X11; Linux x86_64) AppleWebKit/537.36 (KHTML, like Gecko) Chrome/43.0.2357.65 Safari/537.36"
172.28.110.109 - - [30/May/2015:19:13:49 -0400] "GET /static/fonts/fontawesome-webfont.woff?v=4.1.0 HTTP/1.1" 200 83760 "https://scoreboard.hf/static/css/font-awesome.css" "Mozilla/5.0 (X11; Linux x86_64) AppleWebKit/537.36 (KHTML, like Gecko) Chrome/43.0.2357.65 Safari/537.36"
172.28.110.109 - - [30/May/2015:19:13:49 -0400] "GET /favicon.ico HTTP/1.1" 404 564 "https://scoreboard.hf/" "Mozilla/5.0 (X11; Linux x86_64) AppleWebKit/537.36 (KHTML, like Gecko) Chrome/43.0.2357.65 Safari/537.36"
172.16.66.170 - - [30/May/2015:19:14:00 -0400] "GET /projector/1/ HTTP/1.1" 304 0 "https://scoreboard.hf/projector/2/" "Mozilla/5.0 (Macintosh; ARM Mac OS X) AppleWebKit/538.15 (KHTML, like Gecko) Safari/538.15 Version/6.0 Debian/7.8 (3.8.2.0-0rpi21rpi1) Epiphany/3.8.2"
172.16.66.170 - - [30/May/2015:19:14:13 -0400] "GET /projector/2/ HTTP/1.1" 304 0 "https://scoreboard.hf/projector/1/" "Mozilla/5.0 (Macintosh; ARM Mac OS X) AppleWebKit/538.15 (KHTML, like Gecko) Safari/538.15 Version/6.0 Debian/7.8 (3.8.2.0-0rpi21rpi1) Epiphany/3.8.2"
172.28.105.112 - - [30/May/2015:19:14:14 -0400] "GET /public/fw.tar.gz HTTP/1.1" 200 1164 "https://scoreboard.hf/challenges/" "Mozilla/5.0 (X11; Linux x86_64; rv:31.0) Gecko/20100101 Firefox/31.0 Iceweasel/31.5.0"
172.28.33.14 - - [30/May/2015:19:14:26 -0400] "GET /challenges/ HTTP/1.1" 200 17543 "https://scoreboard.hf/" "Mozilla/5.0 (X11; Linux x86_64; rv:31.0) Gecko/20100101 Firefox/31.0 Iceweasel/31.2.0"
172.28.106.108 - - [30/May/2015:19:14:30 -0400] "GET /public/caramoulk.xlsx HTTP/1.1" 200 5076 "https://scoreboard.hf/challenges/" "Mozilla/5.0 (Windows NT 6.1; WOW64) AppleWebKit/537.36 (KHTML, like Gecko) Chrome/43.0.2357.81 Safari/537.36"
172.28.105.108 - - [30/May/2015:19:14:30 -0400] "POST / HTTP/1.1" 200 4218 "https://scoreboard.hf/" "Mozilla/5.0 (X11; Linux x86_64; rv:31.0) Gecko/20100101 Firefox/31.0 Iceweasel/31.7.0"
172.16.66.170 - - [30/May/2015:19:14:36 -0400] "GET /projector/1/ HTTP/1.1" 304 0 "https://scoreboard.hf/projector/2/" "Mozilla/5.0 (Macintosh; ARM Mac OS X) AppleWebKit/538.15 (KHTML, like Gecko) Safari/538.15 Version/6.0 Debian/7.8 (3.8.2.0-0rpi21rpi1) Epiphany/3.8.2"
172.16.66.170 - - [30/May/2015:19:14:48 -0400] "GET /projector/2/ HTTP/1.1" 304 0 "https://scoreboard.hf/projector/1/" "Mozilla/5.0 (Macintosh; ARM Mac OS X) AppleWebKit/538.15 (KHTML, like Gecko) Safari/538.15 Version/6.0 Debian/7.8 (3.8.2.0-0rpi21rpi1) Epiphany/3.8.2"
172.28.105.108 - - [30/May/2015:19:15:12 -0400] "POST / HTTP/1.1" 200 4222 "https://scoreboard.hf/" "Mozilla/5.0 (X11; Linux x86_64; rv:31.0) Gecko/20100101 Firefox/31.0 Iceweasel/31.7.0"
172.16.66.170 - - [30/May/2015:19:15:16 -0400] "GET /projector/1/ HTTP/1.1" 304 0 "https://scoreboard.hf/projector/2/" "Mozilla/5.0 (Macintosh; ARM Mac OS X) AppleWebKit/538.15 (KHTML, like Gecko) Safari/538.15 Version/6.0 Debian/7.8 (3.8.2.0-0rpi21rpi1) Epiphany/3.8.2"
172.28.110.109 - - [30/May/2015:19:15:25 -0400] "GET /challenges HTTP/1.1" 301 0 "https://scoreboard.hf/" "Mozilla/5.0 (X11; Linux x86_64) AppleWebKit/537.36 (KHTML, like Gecko) Chrome/43.0.2357.65 Safari/537.36"
172.28.110.109 - - [30/May/2015:19:15:25 -0400] "GET /challenges/ HTTP/1.1" 200 17578 "https://scoreboard.hf/" "Mozilla/5.0 (X11; Linux x86_64) AppleWebKit/537.36 (KHTML, like Gecko) Chrome/43.0.2357.65 Safari/537.36"
172.28.110.109 - - [30/May/2015:19:15:25 -0400] "GET /static/fonts/fontawesome-webfont.woff?v=4.1.0 HTTP/1.1" 200 83760 "https://scoreboard.hf/static/css/font-awesome.css" "Mozilla/5.0 (X11; Linux x86_64) AppleWebKit/537.36 (KHTML, like Gecko) Chrome/43.0.2357.65 Safari/537.36"
172.16.66.170 - - [30/May/2015:19:15:28 -0400] "GET /projector/2/ HTTP/1.1" 304 0 "https://scoreboard.hf/projector/1/" "Mozilla/5.0 (Macintosh; ARM Mac OS X) AppleWebKit/538.15 (KHTML, like Gecko) Safari/538.15 Version/6.0 Debian/7.8 (3.8.2.0-0rpi21rpi1) Epiphany/3.8.2"
172.28.105.107 - - [30/May/2015:19:15:32 -0400] "GET / HTTP/1.1" 200 4109 "https://scoreboard.hf/challenges/" "Mozilla/5.0 (X11; Linux x86_64; rv:31.0) Gecko/20100101 Firefox/31.0 Iceweasel/31.7.0"
172.16.66.170 - - [30/May/2015:19:15:47 -0400] "GET /projector/1/ HTTP/1.1" 304 0 "https://scoreboard.hf/projector/2/" "Mozilla/5.0 (Macintosh; ARM Mac OS X) AppleWebKit/538.15 (KHTML, like Gecko) Safari/538.15 Version/6.0 Debian/7.8 (3.8.2.0-0rpi21rpi1) Epiphany/3.8.2"
172.28.33.14 - - [30/May/2015:19:15:50 -0400] "GET /public/arduino-chal.c HTTP/1.1" 200 18919 "https://scoreboard.hf/challenges/" "Mozilla/5.0 (X11; Linux x86_64; rv:31.0) Gecko/20100101 Firefox/31.0 Iceweasel/31.2.0"
172.28.110.109 - - [30/May/2015:19:15:54 -0400] "GET /challenges/ HTTP/1.1" 200 17578 "https://scoreboard.hf/" "Mozilla/5.0 (X11; Linux x86_64) AppleWebKit/537.36 (KHTML, like Gecko) Chrome/43.0.2357.65 Safari/537.36"
172.16.66.170 - - [30/May/2015:19:15:59 -0400] "GET /projector/2/ HTTP/1.1" 304 0 "https://scoreboard.hf/projector/1/" "Mozilla/5.0 (Macintosh; ARM Mac OS X) AppleWebKit/538.15 (KHTML, like Gecko) Safari/538.15 Version/6.0 Debian/7.8 (3.8.2.0-0rpi21rpi1) Epiphany/3.8.2"
172.28.104.105 - - [30/May/2015:19:16:06 -0400] "GET /scoreboard/ HTTP/1.1" 200 3846 "https://scoreboard.hf/challenges/" "Mozilla/5.0 (Windows NT 6.1; WOW64) AppleWebKit/537.36 (KHTML, like Gecko) Chrome/43.0.2357.81 Safari/537.36"
172.28.33.10 - - [30/May/2015:19:16:07 -0400] "GET /public/arduino-chal.c HTTP/1.1" 200 18919 "https://scoreboard.hf/challenges/" "Mozilla/5.0 (X11; Linux x86_64) AppleWebKit/537.36 (KHTML, like Gecko) Chrome/43.0.2357.65 Safari/537.36"
172.28.109.108 - - [30/May/2015:19:16:08 -0400] "POST / HTTP/1.1" 200 4203 "https://scoreboard.hf/" "Mozilla/5.0 (X11; Linux x86_64) AppleWebKit/537.36 (KHTML, like Gecko) Chrome/43.0.2357.81 Safari/537.36"
172.28.109.108 - - [30/May/2015:19:16:13 -0400] "GET / HTTP/1.1" 200 4128 "-" "Mozilla/5.0 (X11; Linux x86_64) AppleWebKit/537.36 (KHTML, like Gecko) Chrome/43.0.2357.81 Safari/537.36"
172.28.33.14 - - [30/May/2015:19:16:18 -0400] "GET /public/arduino-chal.c HTTP/1.1" 200 18919 "https://scoreboard.hf/challenges/" "Mozilla/5.0 (X11; Linux x86_64; rv:31.0) Gecko/20100101 Firefox/31.0 Iceweasel/31.2.0"
172.16.66.170 - - [30/May/2015:19:16:23 -0400] "GET /projector/1/ HTTP/1.1" 304 0 "https://scoreboard.hf/projector/2/" "Mozilla/5.0 (Macintosh; ARM Mac OS X) AppleWebKit/538.15 (KHTML, like Gecko) Safari/538.15 Version/6.0 Debian/7.8 (3.8.2.0-0rpi21rpi1) Epiphany/3.8.2"
172.16.66.170 - - [30/May/2015:19:16:35 -0400] "GET /projector/2/ HTTP/1.1" 304 0 "https://scoreboard.hf/projector/1/" "Mozilla/5.0 (Macintosh; ARM Mac OS X) AppleWebKit/538.15 (KHTML, like Gecko) Safari/538.15 Version/6.0 Debian/7.8 (3.8.2.0-0rpi21rpi1) Epiphany/3.8.2"
172.28.33.6 - - [30/May/2015:19:16:42 -0400] "GET /public/re01 HTTP/1.1" 200 7192 "https://scoreboard.hf/challenges/" "Mozilla/5.0 (X11; Linux x86_64; rv:31.0) Gecko/20100101 Firefox/31.0 Iceweasel/31.7.0"
172.28.104.105 - - [30/May/2015:19:16:46 -0400] "GET /public/arduino-chal.c HTTP/1.1" 200 18919 "https://scoreboard.hf/challenges/" "Mozilla/5.0 (Windows NT 6.1; WOW64) AppleWebKit/537.36 (KHTML, like Gecko) Chrome/43.0.2357.81 Safari/537.36"
172.28.33.14 - - [30/May/2015:19:16:48 -0400] "GET /public/caramoulk.xlsx HTTP/1.1" 200 5076 "https://scoreboard.hf/challenges/" "Mozilla/5.0 (X11; Linux x86_64; rv:31.0) Gecko/20100101 Firefox/31.0 Iceweasel/31.2.0"
172.28.101.104 - - [30/May/2015:19:16:52 -0400] "GET / HTTP/1.1" 200 4107 "https://scoreboard.hf/challenges/" "Mozilla/5.0 (Windows NT 6.3; WOW64) AppleWebKit/537.36 (KHTML, like Gecko) Chrome/43.0.2357.65 Safari/537.36"
172.28.105.107 - - [30/May/2015:19:16:54 -0400] "GET /dashboard/ HTTP/1.1" 200 3529 "-" "Mozilla/5.0 (X11; Linux x86_64; rv:31.0) Gecko/20100101 Firefox/31.0 Iceweasel/31.7.0"
172.28.105.107 - - [30/May/2015:19:16:54 -0400] "GET /static/fonts/fontawesome-webfont.woff?v=4.1.0 HTTP/1.1" 200 83760 "https://scoreboard.hf/static/css/font-awesome.css" "Mozilla/5.0 (X11; Linux x86_64; rv:31.0) Gecko/20100101 Firefox/31.0 Iceweasel/31.7.0"
172.16.66.170 - - [30/May/2015:19:16:58 -0400] "GET /projector/1/ HTTP/1.1" 304 0 "https://scoreboard.hf/projector/2/" "Mozilla/5.0 (Macintosh; ARM Mac OS X) AppleWebKit/538.15 (KHTML, like Gecko) Safari/538.15 Version/6.0 Debian/7.8 (3.8.2.0-0rpi21rpi1) Epiphany/3.8.2"
172.16.66.170 - - [30/May/2015:19:17:09 -0400] "GET /projector/2/ HTTP/1.1" 304 0 "https://scoreboard.hf/projector/1/" "Mozilla/5.0 (Macintosh; ARM Mac OS X) AppleWebKit/538.15 (KHTML, like Gecko) Safari/538.15 Version/6.0 Debian/7.8 (3.8.2.0-0rpi21rpi1) Epiphany/3.8.2"
172.28.104.55 - - [30/May/2015:19:17:23 -0400] "GET /challenges/ HTTP/1.1" 200 17548 "-" "Mozilla/5.0 (X11; Linux i686; rv:18.0) Gecko/20100101 Firefox/18.0 Iceweasel/18.0.1"
172.16.66.170 - - [30/May/2015:19:17:28 -0400] "GET /projector/1/ HTTP/1.1" 304 0 "https://scoreboard.hf/projector/2/" "Mozilla/5.0 (Macintosh; ARM Mac OS X) AppleWebKit/538.15 (KHTML, like Gecko) Safari/538.15 Version/6.0 Debian/7.8 (3.8.2.0-0rpi21rpi1) Epiphany/3.8.2"
172.28.104.55 - - [30/May/2015:19:17:35 -0400] "GET /static/fonts/fontawesome-webfont.woff?v=4.1.0 HTTP/1.1" 200 83760 "https://scoreboard.hf/static/css/font-awesome.css" "Mozilla/5.0 (X11; Linux i686; rv:18.0) Gecko/20100101 Firefox/18.0 Iceweasel/18.0.1"
172.28.104.55 - - [30/May/2015:19:17:35 -0400] "GET /favicon.ico HTTP/1.1" 404 162 "-" "Mozilla/5.0 (X11; Linux i686; rv:18.0) Gecko/20100101 Firefox/18.0 Iceweasel/18.0.1"
172.28.104.55 - - [30/May/2015:19:17:35 -0400] "GET /favicon.ico HTTP/1.1" 404 162 "-" "Mozilla/5.0 (X11; Linux i686; rv:18.0) Gecko/20100101 Firefox/18.0 Iceweasel/18.0.1"
172.16.66.170 - - [30/May/2015:19:17:40 -0400] "GET /projector/2/ HTTP/1.1" 304 0 "https://scoreboard.hf/projector/1/" "Mozilla/5.0 (Macintosh; ARM Mac OS X) AppleWebKit/538.15 (KHTML, like Gecko) Safari/538.15 Version/6.0 Debian/7.8 (3.8.2.0-0rpi21rpi1) Epiphany/3.8.2"
172.28.104.55 - - [30/May/2015:19:17:44 -0400] "GET /public/fw.tar.gz HTTP/1.1" 200 1164 "https://scoreboard.hf/challenges/" "Mozilla/5.0 (X11; Linux i686; rv:18.0) Gecko/20100101 Firefox/18.0 Iceweasel/18.0.1"
172.28.105.108 - - [30/May/2015:19:17:45 -0400] "POST / HTTP/1.1" 200 4231 "https://scoreboard.hf/" "Mozilla/5.0 (X11; Linux x86_64; rv:31.0) Gecko/20100101 Firefox/31.0 Iceweasel/31.7.0"
172.28.107.102 - - [30/May/2015:19:18:00 -0400] "GET /public/re01 HTTP/1.1" 200 7192 "https://scoreboard.hf/challenges/" "Mozilla/5.0 (Windows NT 6.1; WOW64) AppleWebKit/537.36 (KHTML, like Gecko) Chrome/43.0.2357.81 Safari/537.36"
172.16.66.170 - - [30/May/2015:19:18:03 -0400] "GET /projector/1/ HTTP/1.1" 304 0 "https://scoreboard.hf/projector/2/" "Mozilla/5.0 (Macintosh; ARM Mac OS X) AppleWebKit/538.15 (KHTML, like Gecko) Safari/538.15 Version/6.0 Debian/7.8 (3.8.2.0-0rpi21rpi1) Epiphany/3.8.2"
172.28.105.108 - - [30/May/2015:19:18:03 -0400] "POST / HTTP/1.1" 200 4236 "https://scoreboard.hf/" "Mozilla/5.0 (X11; Linux x86_64; rv:31.0) Gecko/20100101 Firefox/31.0 Iceweasel/31.7.0"
172.28.105.108 - - [30/May/2015:19:18:07 -0400] "POST / HTTP/1.1" 200 4231 "https://scoreboard.hf/" "Mozilla/5.0 (X11; Linux x86_64; rv:31.0) Gecko/20100101 Firefox/31.0 Iceweasel/31.7.0"
172.28.105.112 - - [30/May/2015:19:18:13 -0400] "GET /public/pwn03 HTTP/1.1" 200 8464 "https://scoreboard.hf/challenges/" "Mozilla/5.0 (X11; Linux x86_64; rv:31.0) Gecko/20100101 Firefox/31.0 Iceweasel/31.5.0"
172.28.105.108 - - [30/May/2015:19:18:15 -0400] "POST / HTTP/1.1" 200 4236 "https://scoreboard.hf/" "Mozilla/5.0 (X11; Linux x86_64; rv:31.0) Gecko/20100101 Firefox/31.0 Iceweasel/31.7.0"
172.16.66.170 - - [30/May/2015:19:18:15 -0400] "GET /projector/2/ HTTP/1.1" 304 0 "https://scoreboard.hf/projector/1/" "Mozilla/5.0 (Macintosh; ARM Mac OS X) AppleWebKit/538.15 (KHTML, like Gecko) Safari/538.15 Version/6.0 Debian/7.8 (3.8.2.0-0rpi21rpi1) Epiphany/3.8.2"
172.28.105.108 - - [30/May/2015:19:18:24 -0400] "POST / HTTP/1.1" 200 4236 "https://scoreboard.hf/" "Mozilla/5.0 (X11; Linux x86_64; rv:31.0) Gecko/20100101 Firefox/31.0 Iceweasel/31.7.0"
172.28.32.10 - - [30/May/2015:19:18:26 -0400] "GET /challenges HTTP/1.1" 301 0 "https://scoreboard.hf/" "Opera/9.80 (Macintosh; Intel Mac OS X; U; en) Presto/2.6.30 Version/10.61"
172.28.32.10 - - [30/May/2015:19:18:26 -0400] "GET /challenges/ HTTP/1.1" 200 17552 "https://scoreboard.hf/" "Opera/9.80 (Macintosh; Intel Mac OS X; U; en) Presto/2.6.30 Version/10.61"
172.28.110.110 - - [30/May/2015:19:18:28 -0400] "GET /scoreboard/ HTTP/1.1" 304 0 "https://scoreboard.hf/rules" "Mozilla/5.0 (Windows NT 6.3; WOW64; Trident/7.0; rv:11.0) like Gecko"
172.28.110.110 - - [30/May/2015:19:18:28 -0400] "GET /static/fonts/fontawesome-webfont.eot? HTTP/1.1" 304 0 "https://scoreboard.hf/scoreboard/" "Mozilla/5.0 (Windows NT 6.3; WOW64; Trident/7.0; rv:11.0) like Gecko"
172.28.105.108 - - [30/May/2015:19:18:29 -0400] "POST / HTTP/1.1" 200 4223 "https://scoreboard.hf/" "Mozilla/5.0 (X11; Linux x86_64; rv:31.0) Gecko/20100101 Firefox/31.0 Iceweasel/31.7.0"
172.28.110.110 - - [30/May/2015:19:18:33 -0400] "GET /challenges/ HTTP/1.1" 304 0 "-" "Mozilla/5.0 (Windows NT 6.3; WOW64; Trident/7.0; rv:11.0) like Gecko"
172.28.110.110 - - [30/May/2015:19:18:34 -0400] "GET /static/fonts/fontawesome-webfont.eot? HTTP/1.1" 304 0 "https://scoreboard.hf/challenges/" "Mozilla/5.0 (Windows NT 6.3; WOW64; Trident/7.0; rv:11.0) like Gecko"
172.16.66.170 - - [30/May/2015:19:18:39 -0400] "GET /projector/1/ HTTP/1.1" 304 0 "https://scoreboard.hf/projector/2/" "Mozilla/5.0 (Macintosh; ARM Mac OS X) AppleWebKit/538.15 (KHTML, like Gecko) Safari/538.15 Version/6.0 Debian/7.8 (3.8.2.0-0rpi21rpi1) Epiphany/3.8.2"
172.28.104.104 - - [30/May/2015:19:18:46 -0400] "GET /challenges/ HTTP/1.1" 200 17548 "https://scoreboard.hf/" "Mozilla/5.0 (X11; Linux x86_64; rv:38.0) Gecko/20100101 Firefox/38.0"
172.28.105.108 - - [30/May/2015:19:18:46 -0400] "POST / HTTP/1.1" 200 4223 "https://scoreboard.hf/" "Mozilla/5.0 (X11; Linux x86_64; rv:31.0) Gecko/20100101 Firefox/31.0 Iceweasel/31.7.0"
172.28.32.10 - - [30/May/2015:19:18:47 -0400] "GET /challenges/ HTTP/1.1" 304 0 "https://scoreboard.hf/challenges/" "Opera/9.80 (Macintosh; Intel Mac OS X; U; en) Presto/2.6.30 Version/10.61"
172.16.66.170 - - [30/May/2015:19:18:51 -0400] "GET /projector/2/ HTTP/1.1" 304 0 "https://scoreboard.hf/projector/1/" "Mozilla/5.0 (Macintosh; ARM Mac OS X) AppleWebKit/538.15 (KHTML, like Gecko) Safari/538.15 Version/6.0 Debian/7.8 (3.8.2.0-0rpi21rpi1) Epiphany/3.8.2"
172.16.66.195 - - [30/May/2015:19:18:59 -0400] "GET / HTTP/1.1" 200 4114 "-" "Mozilla/5.0 (X11; Ubuntu; Linux x86_64; rv:38.0) Gecko/20100101 Firefox/38.0"
172.16.66.195 - - [30/May/2015:19:18:59 -0400] "GET /favicon.ico HTTP/1.1" 404 162 "-" "Mozilla/5.0 (X11; Ubuntu; Linux x86_64; rv:38.0) Gecko/20100101 Firefox/38.0"
172.16.66.195 - - [30/May/2015:19:18:59 -0400] "GET /favicon.ico HTTP/1.1" 404 162 "-" "Mozilla/5.0 (X11; Ubuntu; Linux x86_64; rv:38.0) Gecko/20100101 Firefox/38.0"
172.16.66.195 - - [30/May/2015:19:19:05 -0400] "GET /challenges HTTP/1.1" 301 0 "https://172.28.71.13/" "Mozilla/5.0 (X11; Ubuntu; Linux x86_64; rv:38.0) Gecko/20100101 Firefox/38.0"
172.16.66.195 - - [30/May/2015:19:19:05 -0400] "GET /challenges/ HTTP/1.1" 200 17551 "https://172.28.71.13/" "Mozilla/5.0 (X11; Ubuntu; Linux x86_64; rv:38.0) Gecko/20100101 Firefox/38.0"
172.16.66.195 - - [30/May/2015:19:19:13 -0400] "GET /public/arduino-chal.c HTTP/1.1" 200 18919 "https://172.28.71.13/challenges/" "Mozilla/5.0 (X11; Ubuntu; Linux x86_64; rv:38.0) Gecko/20100101 Firefox/38.0"
172.16.66.170 - - [30/May/2015:19:19:14 -0400] "GET /projector/1/ HTTP/1.1" 304 0 "https://scoreboard.hf/projector/2/" "Mozilla/5.0 (Macintosh; ARM Mac OS X) AppleWebKit/538.15 (KHTML, like Gecko) Safari/538.15 Version/6.0 Debian/7.8 (3.8.2.0-0rpi21rpi1) Epiphany/3.8.2"
172.28.32.10 - - [30/May/2015:19:19:20 -0400] "GET /public/arduino-chal.c HTTP/1.1" 200 18919 "https://scoreboard.hf/challenges/" "Opera/9.80 (Macintosh; Intel Mac OS X; U; en) Presto/2.6.30 Version/10.61"
172.28.33.14 - - [30/May/2015:19:19:24 -0400] "GET /public/fw.tar.gz HTTP/1.1" 200 1164 "https://scoreboard.hf/challenges/" "Mozilla/5.0 (X11; Linux x86_64; rv:31.0) Gecko/20100101 Firefox/31.0 Iceweasel/31.2.0"
172.16.66.170 - - [30/May/2015:19:19:26 -0400] "GET /projector/2/ HTTP/1.1" 304 0 "https://scoreboard.hf/projector/1/" "Mozilla/5.0 (Macintosh; ARM Mac OS X) AppleWebKit/538.15 (KHTML, like Gecko) Safari/538.15 Version/6.0 Debian/7.8 (3.8.2.0-0rpi21rpi1) Epiphany/3.8.2"
172.28.104.105 - - [30/May/2015:19:19:41 -0400] "GET /challenges/ HTTP/1.1" 200 17548 "https://scoreboard.hf/" "Mozilla/5.0 (Windows NT 6.1; WOW64) AppleWebKit/537.36 (KHTML, like Gecko) Chrome/43.0.2357.81 Safari/537.36"
172.16.66.170 - - [30/May/2015:19:19:45 -0400] "GET /projector/1/ HTTP/1.1" 304 0 "https://scoreboard.hf/projector/2/" "Mozilla/5.0 (Macintosh; ARM Mac OS X) AppleWebKit/538.15 (KHTML, like Gecko) Safari/538.15 Version/6.0 Debian/7.8 (3.8.2.0-0rpi21rpi1) Epiphany/3.8.2"
172.28.101.103 - - [30/May/2015:19:19:57 -0400] "GET /challenges HTTP/1.1" 301 0 "https://scoreboard.hf/challenges/" "Mozilla/5.0 (Windows NT 6.1; WOW64) AppleWebKit/537.36 (KHTML, like Gecko) Chrome/43.0.2357.81 Safari/537.36"
172.28.101.103 - - [30/May/2015:19:19:57 -0400] "GET /challenges/ HTTP/1.1" 200 17553 "https://scoreboard.hf/challenges/" "Mozilla/5.0 (Windows NT 6.1; WOW64) AppleWebKit/537.36 (KHTML, like Gecko) Chrome/43.0.2357.81 Safari/537.36"
172.16.66.170 - - [30/May/2015:19:19:57 -0400] "GET /projector/2/ HTTP/1.1" 304 0 "https://scoreboard.hf/projector/1/" "Mozilla/5.0 (Macintosh; ARM Mac OS X) AppleWebKit/538.15 (KHTML, like Gecko) Safari/538.15 Version/6.0 Debian/7.8 (3.8.2.0-0rpi21rpi1) Epiphany/3.8.2"
172.28.101.103 - - [30/May/2015:19:19:59 -0400] "GET /scoreboard HTTP/1.1" 301 0 "https://scoreboard.hf/challenges/" "Mozilla/5.0 (Windows NT 6.1; WOW64) AppleWebKit/537.36 (KHTML, like Gecko) Chrome/43.0.2357.81 Safari/537.36"
172.28.101.103 - - [30/May/2015:19:19:59 -0400] "GET /scoreboard/ HTTP/1.1" 200 3842 "https://scoreboard.hf/challenges/" "Mozilla/5.0 (Windows NT 6.1; WOW64) AppleWebKit/537.36 (KHTML, like Gecko) Chrome/43.0.2357.81 Safari/537.36"
172.28.101.103 - - [30/May/2015:19:20:19 -0400] "GET /challenges HTTP/1.1" 301 0 "https://scoreboard.hf/scoreboard/" "Mozilla/5.0 (Windows NT 6.1; WOW64) AppleWebKit/537.36 (KHTML, like Gecko) Chrome/43.0.2357.81 Safari/537.36"
172.28.101.103 - - [30/May/2015:19:20:19 -0400] "GET /challenges/ HTTP/1.1" 200 17553 "https://scoreboard.hf/scoreboard/" "Mozilla/5.0 (Windows NT 6.1; WOW64) AppleWebKit/537.36 (KHTML, like Gecko) Chrome/43.0.2357.81 Safari/537.36"
172.28.110.112 - - [30/May/2015:19:20:20 -0400] "GET /public/caramoulk.xlsx HTTP/1.1" 200 5076 "-" "Mozilla/5.0 (X11; Linux x86_64; rv:31.0) Gecko/20100101 Firefox/31.0 Iceweasel/31.7.0"
172.16.66.170 - - [30/May/2015:19:20:20 -0400] "GET /projector/1/ HTTP/1.1" 304 0 "https://scoreboard.hf/projector/2/" "Mozilla/5.0 (Macintosh; ARM Mac OS X) AppleWebKit/538.15 (KHTML, like Gecko) Safari/538.15 Version/6.0 Debian/7.8 (3.8.2.0-0rpi21rpi1) Epiphany/3.8.2"
172.28.109.110 - - [30/May/2015:19:20:31 -0400] "GET / HTTP/1.1" 200 4128 "-" "Mozilla/5.0 (Windows NT 6.1; WOW64) AppleWebKit/537.36 (KHTML, like Gecko) Chrome/42.0.2311.135 Safari/537.36"
172.28.109.110 - - [30/May/2015:19:20:32 -0400] "GET /static/fonts/fontawesome-webfont.woff?v=4.1.0 HTTP/1.1" 200 83760 "https://scoreboard.hf/static/css/font-awesome.css" "Mozilla/5.0 (Windows NT 6.1; WOW64) AppleWebKit/537.36 (KHTML, like Gecko) Chrome/42.0.2311.135 Safari/537.36"
172.28.109.110 - - [30/May/2015:19:20:32 -0400] "GET /favicon.ico HTTP/1.1" 404 564 "https://scoreboard.hf/" "Mozilla/5.0 (Windows NT 6.1; WOW64) AppleWebKit/537.36 (KHTML, like Gecko) Chrome/42.0.2311.135 Safari/537.36"
172.16.66.170 - - [30/May/2015:19:20:33 -0400] "GET /projector/2/ HTTP/1.1" 304 0 "https://scoreboard.hf/projector/1/" "Mozilla/5.0 (Macintosh; ARM Mac OS X) AppleWebKit/538.15 (KHTML, like Gecko) Safari/538.15 Version/6.0 Debian/7.8 (3.8.2.0-0rpi21rpi1) Epiphany/3.8.2"
172.28.103.110 - - [30/May/2015:19:20:46 -0400] "GET /public/caramoulk.xlsx HTTP/1.1" 200 5076 "https://scoreboard.hf/challenges/" "Mozilla/5.0 (X11; Linux x86_64) AppleWebKit/537.36 (KHTML, like Gecko) Ubuntu Chromium/41.0.2272.76 Chrome/41.0.2272.76 Safari/537.36"
172.28.109.110 - - [30/May/2015:19:20:53 -0400] "GET /challenges HTTP/1.1" 301 0 "https://scoreboard.hf/" "Mozilla/5.0 (Windows NT 6.1; WOW64) AppleWebKit/537.36 (KHTML, like Gecko) Chrome/42.0.2311.135 Safari/537.36"
172.28.109.110 - - [30/May/2015:19:20:53 -0400] "GET /challenges/ HTTP/1.1" 200 17574 "https://scoreboard.hf/" "Mozilla/5.0 (Windows NT 6.1; WOW64) AppleWebKit/537.36 (KHTML, like Gecko) Chrome/42.0.2311.135 Safari/537.36"
172.28.109.110 - - [30/May/2015:19:20:53 -0400] "GET /static/fonts/fontawesome-webfont.woff?v=4.1.0 HTTP/1.1" 200 83760 "https://scoreboard.hf/static/css/font-awesome.css" "Mozilla/5.0 (Windows NT 6.1; WOW64) AppleWebKit/537.36 (KHTML, like Gecko) Chrome/42.0.2311.135 Safari/537.36"
172.16.66.170 - - [30/May/2015:19:20:56 -0400] "GET /projector/1/ HTTP/1.1" 304 0 "https://scoreboard.hf/projector/2/" "Mozilla/5.0 (Macintosh; ARM Mac OS X) AppleWebKit/538.15 (KHTML, like Gecko) Safari/538.15 Version/6.0 Debian/7.8 (3.8.2.0-0rpi21rpi1) Epiphany/3.8.2"
172.28.109.110 - - [30/May/2015:19:20:56 -0400] "GET /rules HTTP/1.1" 200 4132 "https://scoreboard.hf/" "Mozilla/5.0 (Windows NT 6.1; WOW64) AppleWebKit/537.36 (KHTML, like Gecko) Chrome/42.0.2311.135 Safari/537.36"
172.28.109.110 - - [30/May/2015:19:20:56 -0400] "GET /static/fonts/fontawesome-webfont.woff?v=4.1.0 HTTP/1.1" 200 83760 "https://scoreboard.hf/static/css/font-awesome.css" "Mozilla/5.0 (Windows NT 6.1; WOW64) AppleWebKit/537.36 (KHTML, like Gecko) Chrome/42.0.2311.135 Safari/537.36"
172.28.107.102 - - [30/May/2015:19:21:03 -0400] "GET / HTTP/1.1" 200 4127 "-" "Mozilla/5.0 (X11; Linux x86_64; rv:31.0) Gecko/20100101 Firefox/31.0 Iceweasel/31.4.0"
172.28.107.102 - - [30/May/2015:19:21:04 -0400] "GET /static/fonts/fontawesome-webfont.woff?v=4.1.0 HTTP/1.1" 200 83760 "https://scoreboard.hf/static/css/font-awesome.css" "Mozilla/5.0 (X11; Linux x86_64; rv:31.0) Gecko/20100101 Firefox/31.0 Iceweasel/31.4.0"
172.28.107.102 - - [30/May/2015:19:21:04 -0400] "GET /favicon.ico HTTP/1.1" 404 162 "-" "Mozilla/5.0 (X11; Linux x86_64; rv:31.0) Gecko/20100101 Firefox/31.0 Iceweasel/31.4.0"
172.28.107.102 - - [30/May/2015:19:21:04 -0400] "GET /favicon.ico HTTP/1.1" 404 162 "-" "Mozilla/5.0 (X11; Linux x86_64; rv:31.0) Gecko/20100101 Firefox/31.0 Iceweasel/31.4.0"
172.28.104.104 - - [30/May/2015:19:21:06 -0400] "GET /public/pwn01 HTTP/1.1" 200 809680 "https://scoreboard.hf/challenges/" "Mozilla/5.0 (X11; Linux x86_64; rv:38.0) Gecko/20100101 Firefox/38.0"
172.28.107.102 - - [30/May/2015:19:21:07 -0400] "GET /challenges HTTP/1.1" 301 0 "https://scoreboard.hf/" "Mozilla/5.0 (X11; Linux x86_64; rv:31.0) Gecko/20100101 Firefox/31.0 Iceweasel/31.4.0"
172.16.66.170 - - [30/May/2015:19:21:07 -0400] "GET /projector/2/ HTTP/1.1" 304 0 "https://scoreboard.hf/projector/1/" "Mozilla/5.0 (Macintosh; ARM Mac OS X) AppleWebKit/538.15 (KHTML, like Gecko) Safari/538.15 Version/6.0 Debian/7.8 (3.8.2.0-0rpi21rpi1) Epiphany/3.8.2"
172.28.107.102 - - [30/May/2015:19:21:07 -0400] "GET /challenges/ HTTP/1.1" 200 17608 "https://scoreboard.hf/" "Mozilla/5.0 (X11; Linux x86_64; rv:31.0) Gecko/20100101 Firefox/31.0 Iceweasel/31.4.0"
172.28.103.109 - - [30/May/2015:19:21:17 -0400] "GET /public/fw.tar.gz HTTP/1.1" 200 1164 "https://scoreboard.hf/challenges/" "Mozilla/5.0 (X11; Linux x86_64) AppleWebKit/537.36 (KHTML, like Gecko) Ubuntu Chromium/41.0.2272.76 Chrome/41.0.2272.76 Safari/537.36"
172.28.107.102 - - [30/May/2015:19:21:21 -0400] "GET /public/re01 HTTP/1.1" 200 7192 "https://scoreboard.hf/challenges/" "Mozilla/5.0 (X11; Linux x86_64; rv:31.0) Gecko/20100101 Firefox/31.0 Iceweasel/31.4.0"
172.16.66.170 - - [30/May/2015:19:21:26 -0400] "GET /projector/1/ HTTP/1.1" 304 0 "https://scoreboard.hf/projector/2/" "Mozilla/5.0 (Macintosh; ARM Mac OS X) AppleWebKit/538.15 (KHTML, like Gecko) Safari/538.15 Version/6.0 Debian/7.8 (3.8.2.0-0rpi21rpi1) Epiphany/3.8.2"
172.16.66.170 - - [30/May/2015:19:21:38 -0400] "GET /projector/2/ HTTP/1.1" 304 0 "https://scoreboard.hf/projector/1/" "Mozilla/5.0 (Macintosh; ARM Mac OS X) AppleWebKit/538.15 (KHTML, like Gecko) Safari/538.15 Version/6.0 Debian/7.8 (3.8.2.0-0rpi21rpi1) Epiphany/3.8.2"
172.28.109.110 - - [30/May/2015:19:21:39 -0400] "GET /dashboard HTTP/1.1" 301 0 "https://scoreboard.hf/rules" "Mozilla/5.0 (Windows NT 6.1; WOW64) AppleWebKit/537.36 (KHTML, like Gecko) Chrome/42.0.2311.135 Safari/537.36"
172.28.109.110 - - [30/May/2015:19:21:39 -0400] "GET /dashboard/ HTTP/1.1" 200 3548 "https://scoreboard.hf/rules" "Mozilla/5.0 (Windows NT 6.1; WOW64) AppleWebKit/537.36 (KHTML, like Gecko) Chrome/42.0.2311.135 Safari/537.36"
172.16.66.170 - - [30/May/2015:19:22:01 -0400] "GET /projector/1/ HTTP/1.1" 304 0 "https://scoreboard.hf/projector/2/" "Mozilla/5.0 (Macintosh; ARM Mac OS X) AppleWebKit/538.15 (KHTML, like Gecko) Safari/538.15 Version/6.0 Debian/7.8 (3.8.2.0-0rpi21rpi1) Epiphany/3.8.2"
172.16.66.170 - - [30/May/2015:19:22:14 -0400] "GET /projector/2/ HTTP/1.1" 304 0 "https://scoreboard.hf/projector/1/" "Mozilla/5.0 (Macintosh; ARM Mac OS X) AppleWebKit/538.15 (KHTML, like Gecko) Safari/538.15 Version/6.0 Debian/7.8 (3.8.2.0-0rpi21rpi1) Epiphany/3.8.2"
172.28.105.108 - - [30/May/2015:19:22:30 -0400] "POST / HTTP/1.1" 200 4222 "https://scoreboard.hf/" "Mozilla/5.0 (X11; Linux x86_64; rv:31.0) Gecko/20100101 Firefox/31.0 Iceweasel/31.7.0"
172.28.109.111 - - [30/May/2015:19:22:33 -0400] "GET / HTTP/1.1" 200 4128 "-" "Mozilla/5.0 (X11; Linux i686; rv:31.0) Gecko/20100101 Firefox/31.0 Iceweasel/31.5.0"
172.28.109.111 - - [30/May/2015:19:22:34 -0400] "GET /static/fonts/fontawesome-webfont.woff?v=4.1.0 HTTP/1.1" 200 83760 "https://scoreboard.hf/static/css/font-awesome.css" "Mozilla/5.0 (X11; Linux i686; rv:31.0) Gecko/20100101 Firefox/31.0 Iceweasel/31.5.0"
172.28.109.111 - - [30/May/2015:19:22:34 -0400] "GET /favicon.ico HTTP/1.1" 404 162 "-" "Mozilla/5.0 (X11; Linux i686; rv:31.0) Gecko/20100101 Firefox/31.0 Iceweasel/31.5.0"
172.28.109.111 - - [30/May/2015:19:22:34 -0400] "GET /favicon.ico HTTP/1.1" 404 162 "-" "Mozilla/5.0 (X11; Linux i686; rv:31.0) Gecko/20100101 Firefox/31.0 Iceweasel/31.5.0"
172.16.66.170 - - [30/May/2015:19:22:37 -0400] "GET /projector/1/ HTTP/1.1" 304 0 "https://scoreboard.hf/projector/2/" "Mozilla/5.0 (Macintosh; ARM Mac OS X) AppleWebKit/538.15 (KHTML, like Gecko) Safari/538.15 Version/6.0 Debian/7.8 (3.8.2.0-0rpi21rpi1) Epiphany/3.8.2"
172.28.105.108 - - [30/May/2015:19:22:40 -0400] "POST / HTTP/1.1" 200 4218 "https://scoreboard.hf/" "Mozilla/5.0 (X11; Linux x86_64; rv:31.0) Gecko/20100101 Firefox/31.0 Iceweasel/31.7.0"
172.28.109.111 - - [30/May/2015:19:22:42 -0400] "GET /challenges HTTP/1.1" 301 0 "https://scoreboard.hf/" "Mozilla/5.0 (X11; Linux i686; rv:31.0) Gecko/20100101 Firefox/31.0 Iceweasel/31.5.0"
172.28.109.111 - - [30/May/2015:19:22:42 -0400] "GET /challenges/ HTTP/1.1" 200 17574 "https://scoreboard.hf/" "Mozilla/5.0 (X11; Linux i686; rv:31.0) Gecko/20100101 Firefox/31.0 Iceweasel/31.5.0"
