172.28.102.105 - - [30/May/2015:18:40:03 -0400] "GET / HTTP/1.1" 200 4125 "-" "Mozilla/5.0 (Macintosh; Intel Mac OS X 10_10_3) AppleWebKit/537.36 (KHTML, like Gecko) Chrome/43.0.2357.65 Safari/537.36"
172.28.108.104 - - [30/May/2015:18:40:03 -0400] "GET / HTTP/1.1" 304 0 "-" "Mozilla/5.0 (X11; Linux x86_64; rv:31.0) Gecko/20100101 Firefox/31.0 Iceweasel/31.7.0"
172.28.102.106 - - [30/May/2015:18:40:05 -0400] "GET /public/hf.ca.root.crt HTTP/1.1" 200 2134 "https://scoreboard.hf/rules" "Mozilla/5.0 (Windows NT 10.0; WOW64) AppleWebKit/537.36 (KHTML, like Gecko) Chrome/43.0.2357.81 Safari/537.36"
172.28.102.105 - - [30/May/2015:18:40:10 -0400] "GET / HTTP/1.1" 304 0 "-" "Mozilla/5.0 (Macintosh; Intel Mac OS X 10_10_3) AppleWebKit/537.36 (KHTML, like Gecko) Chrome/43.0.2357.65 Safari/537.36"
172.28.101.104 - - [30/May/2015:18:40:10 -0400] "GET /challenges/ HTTP/1.1" 200 17546 "https://scoreboard.hf/" "Mozilla/5.0 (Windows NT 6.3; WOW64) AppleWebKit/537.36 (KHTML, like Gecko) Chrome/43.0.2357.65 Safari/537.36"
172.28.102.105 - - [30/May/2015:18:40:12 -0400] "GET / HTTP/1.1" 200 4125 "-" "Mozilla/5.0 (Macintosh; Intel Mac OS X 10_10_3) AppleWebKit/537.36 (KHTML, like Gecko) Chrome/43.0.2357.65 Safari/537.36"
172.28.102.105 - - [30/May/2015:18:40:12 -0400] "GET /static/fonts/fontawesome-webfont.woff?v=4.1.0 HTTP/1.1" 200 83760 "https://scoreboard.hf/static/css/font-awesome.css" "Mozilla/5.0 (Macintosh; Intel Mac OS X 10_10_3) AppleWebKit/537.36 (KHTML, like Gecko) Chrome/43.0.2357.65 Safari/537.36"
172.28.102.105 - - [30/May/2015:18:40:12 -0400] "GET /favicon.ico HTTP/1.1" 404 564 "https://scoreboard.hf/" "Mozilla/5.0 (Macintosh; Intel Mac OS X 10_10_3) AppleWebKit/537.36 (KHTML, like Gecko) Chrome/43.0.2357.65 Safari/537.36"
172.16.66.170 - - [30/May/2015:18:40:18 -0400] "GET /projector/1/ HTTP/1.1" 304 0 "-" "Mozilla/5.0 (Macintosh; ARM Mac OS X) AppleWebKit/538.15 (KHTML, like Gecko) Safari/538.15 Version/6.0 Debian/7.8 (3.8.2.0-0rpi21rpi1) Epiphany/3.8.2"
172.28.102.102 - - [30/May/2015:18:40:18 -0400] "GET / HTTP/1.1" 200 4125 "-" "Mozilla/5.0 (X11; Linux x86_64) AppleWebKit/537.36 (KHTML, like Gecko) Chrome/43.0.2357.81 Safari/537.36"
172.28.102.102 - - [30/May/2015:18:40:19 -0400] "GET /static/fonts/fontawesome-webfont.woff?v=4.1.0 HTTP/1.1" 200 83760 "https://scoreboard.hf/static/css/font-awesome.css" "Mozilla/5.0 (X11; Linux x86_64) AppleWebKit/537.36 (KHTML, like Gecko) Chrome/43.0.2357.81 Safari/537.36"
172.28.102.102 - - [30/May/2015:18:40:19 -0400] "GET /favicon.ico HTTP/1.1" 404 564 "https://scoreboard.hf/" "Mozilla/5.0 (X11; Linux x86_64) AppleWebKit/537.36 (KHTML, like Gecko) Chrome/43.0.2357.81 Safari/537.36"
172.28.108.102 - - [30/May/2015:18:40:27 -0400] "GET / HTTP/1.1" 200 4136 "-" "Mozilla/5.0 (X11; Linux x86_64) AppleWebKit/537.36 (KHTML, like Gecko) Chrome/43.0.2357.81 Safari/537.36"
172.28.108.102 - - [30/May/2015:18:40:27 -0400] "GET /static/fonts/fontawesome-webfont.woff?v=4.1.0 HTTP/1.1" 200 83760 "https://scoreboard.hf/static/css/font-awesome.css" "Mozilla/5.0 (X11; Linux x86_64) AppleWebKit/537.36 (KHTML, like Gecko) Chrome/43.0.2357.81 Safari/537.36"
172.16.66.170 - - [30/May/2015:18:40:29 -0400] "GET /projector/2/ HTTP/1.1" 200 2345 "https://scoreboard.hf/projector/1/" "Mozilla/5.0 (Macintosh; ARM Mac OS X) AppleWebKit/538.15 (KHTML, like Gecko) Safari/538.15 Version/6.0 Debian/7.8 (3.8.2.0-0rpi21rpi1) Epiphany/3.8.2"
172.16.66.170 - - [30/May/2015:18:40:29 -0400] "GET /projector/2/ HTTP/1.1" 200 2345 "https://scoreboard.hf/projector/1/" "Mozilla/5.0 (Macintosh; ARM Mac OS X) AppleWebKit/538.15 (KHTML, like Gecko) Safari/538.15 Version/6.0 Debian/7.8 (3.8.2.0-0rpi21rpi1) Epiphany/3.8.2"
172.28.102.102 - - [30/May/2015:18:40:36 -0400] "GET /challenges HTTP/1.1" 301 0 "https://scoreboard.hf/" "Mozilla/5.0 (X11; Linux x86_64) AppleWebKit/537.36 (KHTML, like Gecko) Chrome/43.0.2357.81 Safari/537.36"
172.28.102.102 - - [30/May/2015:18:40:36 -0400] "GET /challenges/ HTTP/1.1" 200 17556 "https://scoreboard.hf/" "Mozilla/5.0 (X11; Linux x86_64) AppleWebKit/537.36 (KHTML, like Gecko) Chrome/43.0.2357.81 Safari/537.36"
172.28.103.106 - - [30/May/2015:18:40:37 -0400] "GET /public/pwn01 HTTP/1.1" 200 809680 "https://scoreboard.hf/challenges/" "Mozilla/5.0 (Windows NT 6.3; WOW64) AppleWebKit/537.36 (KHTML, like Gecko) Chrome/43.0.2357.65 Safari/537.36"
172.28.103.107 - - [30/May/2015:18:40:41 -0400] "GET /challenges HTTP/1.1" 301 0 "https://scoreboard.hf/" "Mozilla/5.0 (Windows NT 6.1; WOW64) AppleWebKit/537.36 (KHTML, like Gecko) Chrome/43.0.2357.81 Safari/537.36"
172.28.103.107 - - [30/May/2015:18:40:42 -0400] "GET /challenges/ HTTP/1.1" 200 17557 "https://scoreboard.hf/" "Mozilla/5.0 (Windows NT 6.1; WOW64) AppleWebKit/537.36 (KHTML, like Gecko) Chrome/43.0.2357.81 Safari/537.36"
172.28.103.107 - - [30/May/2015:18:40:42 -0400] "GET /static/fonts/fontawesome-webfont.woff?v=4.1.0 HTTP/1.1" 200 83760 "https://scoreboard.hf/static/css/font-awesome.css" "Mozilla/5.0 (Windows NT 6.1; WOW64) AppleWebKit/537.36 (KHTML, like Gecko) Chrome/43.0.2357.81 Safari/537.36"
172.28.102.106 - - [30/May/2015:18:40:45 -0400] "GET /challenges HTTP/1.1" 301 0 "https://scoreboard.hf/" "Mozilla/5.0 (Windows NT 10.0; WOW64) AppleWebKit/537.36 (KHTML, like Gecko) Chrome/43.0.2357.81 Safari/537.36"
172.28.102.106 - - [30/May/2015:18:40:45 -0400] "GET /challenges/ HTTP/1.1" 200 17556 "https://scoreboard.hf/" "Mozilla/5.0 (Windows NT 10.0; WOW64) AppleWebKit/537.36 (KHTML, like Gecko) Chrome/43.0.2357.81 Safari/537.36"
172.16.66.170 - - [30/May/2015:18:40:47 -0400] "GET /projector/1/ HTTP/1.1" 304 0 "-" "Mozilla/5.0 (Macintosh; ARM Mac OS X) AppleWebKit/538.15 (KHTML, like Gecko) Safari/538.15 Version/6.0 Debian/7.8 (3.8.2.0-0rpi21rpi1) Epiphany/3.8.2"
172.28.105.104 - - [30/May/2015:18:40:49 -0400] "GET / HTTP/1.1" 200 4117 "-" "Mozilla/5.0 (Windows NT 6.1; WOW64; rv:36.0) Gecko/20100101 Firefox/36.0"
172.28.108.104 - - [30/May/2015:18:40:49 -0400] "GET /challenges/ HTTP/1.1" 304 0 "https://scoreboard.hf/" "Mozilla/5.0 (X11; Linux x86_64; rv:31.0) Gecko/20100101 Firefox/31.0 Iceweasel/31.7.0"
172.28.102.105 - - [30/May/2015:18:40:50 -0400] "GET /challenges HTTP/1.1" 301 0 "https://scoreboard.hf/" "Mozilla/5.0 (Macintosh; Intel Mac OS X 10_10_3) AppleWebKit/537.36 (KHTML, like Gecko) Chrome/43.0.2357.65 Safari/537.36"
172.28.102.105 - - [30/May/2015:18:40:50 -0400] "GET /challenges/ HTTP/1.1" 200 17556 "https://scoreboard.hf/" "Mozilla/5.0 (Macintosh; Intel Mac OS X 10_10_3) AppleWebKit/537.36 (KHTML, like Gecko) Chrome/43.0.2357.65 Safari/537.36"
172.28.108.104 - - [30/May/2015:18:40:51 -0400] "GET /public/arduino-chal.c HTTP/1.1" 200 18919 "https://scoreboard.hf/challenges/" "Mozilla/5.0 (X11; Linux x86_64; rv:31.0) Gecko/20100101 Firefox/31.0 Iceweasel/31.7.0"
172.28.103.105 - - [30/May/2015:18:40:52 -0400] "GET /challenges HTTP/1.1" 301 0 "https://scoreboard.hf/" "Mozilla/5.0 (X11; Linux x86_64; rv:38.0) Gecko/20100101 Firefox/38.0"
172.28.103.105 - - [30/May/2015:18:40:52 -0400] "GET /challenges/ HTTP/1.1" 200 17557 "https://scoreboard.hf/" "Mozilla/5.0 (X11; Linux x86_64; rv:38.0) Gecko/20100101 Firefox/38.0"
172.16.66.170 - - [30/May/2015:18:40:59 -0400] "GET /projector/2/ HTTP/1.1" 200 2345 "https://scoreboard.hf/projector/1/" "Mozilla/5.0 (Macintosh; ARM Mac OS X) AppleWebKit/538.15 (KHTML, like Gecko) Safari/538.15 Version/6.0 Debian/7.8 (3.8.2.0-0rpi21rpi1) Epiphany/3.8.2"
172.28.105.104 - - [30/May/2015:18:40:59 -0400] "GET /static/fonts/fontawesome-webfont.woff?v=4.1.0 HTTP/1.1" 200 83760 "https://scoreboard.hf/static/css/font-awesome.css" "Mozilla/5.0 (Windows NT 6.1; WOW64; rv:36.0) Gecko/20100101 Firefox/36.0"
172.28.105.104 - - [30/May/2015:18:40:59 -0400] "GET /favicon.ico HTTP/1.1" 404 162 "-" "Mozilla/5.0 (Windows NT 6.1; WOW64; rv:36.0) Gecko/20100101 Firefox/36.0"
172.28.105.104 - - [30/May/2015:18:40:59 -0400] "GET /favicon.ico HTTP/1.1" 404 162 "-" "Mozilla/5.0 (Windows NT 6.1; WOW64; rv:36.0) Gecko/20100101 Firefox/36.0"
172.28.102.107 - - [30/May/2015:18:41:05 -0400] "GET / HTTP/1.1" 200 4125 "-" "Mozilla/5.0 (X11; Linux x86_64) AppleWebKit/537.36 (KHTML, like Gecko) Ubuntu Chromium/41.0.2272.76 Chrome/41.0.2272.76 Safari/537.36"
172.28.102.107 - - [30/May/2015:18:41:05 -0400] "GET /static/fonts/fontawesome-webfont.woff?v=4.1.0 HTTP/1.1" 200 83760 "https://scoreboard.hf/static/css/font-awesome.css" "Mozilla/5.0 (X11; Linux x86_64) AppleWebKit/537.36 (KHTML, like Gecko) Ubuntu Chromium/41.0.2272.76 Chrome/41.0.2272.76 Safari/537.36"
172.28.102.107 - - [30/May/2015:18:41:05 -0400] "GET /favicon.ico HTTP/1.1" 404 564 "-" "Mozilla/5.0 (X11; Linux x86_64) AppleWebKit/537.36 (KHTML, like Gecko) Ubuntu Chromium/41.0.2272.76 Chrome/41.0.2272.76 Safari/537.36"
172.28.106.104 - - [30/May/2015:18:41:09 -0400] "GET / HTTP/1.1" 304 0 "https://scoreboard.hf/" "Mozilla/5.0 (X11; Linux x86_64; rv:31.0) Gecko/20100101 Firefox/31.0 Iceweasel/31.7.0"
172.28.103.105 - - [30/May/2015:18:41:09 -0400] "GET /public/arduino-chal.c HTTP/1.1" 200 18919 "https://scoreboard.hf/challenges/" "Mozilla/5.0 (X11; Linux x86_64; rv:38.0) Gecko/20100101 Firefox/38.0"
172.28.106.104 - - [30/May/2015:18:41:13 -0400] "GET /rules HTTP/1.1" 200 4118 "https://scoreboard.hf/" "Mozilla/5.0 (X11; Linux x86_64; rv:31.0) Gecko/20100101 Firefox/31.0 Iceweasel/31.7.0"
172.28.103.106 - - [30/May/2015:18:41:14 -0400] "GET /public/pwn01 HTTP/1.1" 200 809680 "https://scoreboard.hf/challenges/" "Mozilla/5.0 (Windows NT 6.3; WOW64) AppleWebKit/537.36 (KHTML, like Gecko) Chrome/43.0.2357.65 Safari/537.36"
172.28.102.106 - - [30/May/2015:18:41:16 -0400] "GET /public/re01 HTTP/1.1" 200 7192 "https://scoreboard.hf/challenges/" "Mozilla/5.0 (Windows NT 10.0; WOW64) AppleWebKit/537.36 (KHTML, like Gecko) Chrome/43.0.2357.81 Safari/537.36"
172.16.66.170 - - [30/May/2015:18:41:17 -0400] "GET /projector/1/ HTTP/1.1" 304 0 "-" "Mozilla/5.0 (Macintosh; ARM Mac OS X) AppleWebKit/538.15 (KHTML, like Gecko) Safari/538.15 Version/6.0 Debian/7.8 (3.8.2.0-0rpi21rpi1) Epiphany/3.8.2"
172.28.102.106 - - [30/May/2015:18:41:19 -0400] "GET /public/re02 HTTP/1.1" 200 6633 "https://scoreboard.hf/challenges/" "Mozilla/5.0 (Windows NT 10.0; WOW64) AppleWebKit/537.36 (KHTML, like Gecko) Chrome/43.0.2357.81 Safari/537.36"
172.28.106.104 - - [30/May/2015:18:41:19 -0400] "GET /public/hf.ca.root.crt HTTP/1.1" 200 2134 "https://scoreboard.hf/rules" "Mozilla/5.0 (X11; Linux x86_64; rv:31.0) Gecko/20100101 Firefox/31.0 Iceweasel/31.7.0"
172.28.102.107 - - [30/May/2015:18:41:19 -0400] "GET /challenges HTTP/1.1" 301 0 "https://scoreboard.hf/" "Mozilla/5.0 (X11; Linux x86_64) AppleWebKit/537.36 (KHTML, like Gecko) Ubuntu Chromium/41.0.2272.76 Chrome/41.0.2272.76 Safari/537.36"
172.28.102.107 - - [30/May/2015:18:41:20 -0400] "GET /challenges/ HTTP/1.1" 200 17556 "https://scoreboard.hf/" "Mozilla/5.0 (X11; Linux x86_64) AppleWebKit/537.36 (KHTML, like Gecko) Ubuntu Chromium/41.0.2272.76 Chrome/41.0.2272.76 Safari/537.36"
172.28.102.106 - - [30/May/2015:18:41:20 -0400] "GET /public/re03 HTTP/1.1" 200 32464 "https://scoreboard.hf/challenges/" "Mozilla/5.0 (Windows NT 10.0; WOW64) AppleWebKit/537.36 (KHTML, like Gecko) Chrome/43.0.2357.81 Safari/537.36"
172.28.103.105 - - [30/May/2015:18:41:23 -0400] "GET /challenges/ HTTP/1.1" 304 0 "https://scoreboard.hf/challenges/" "Mozilla/5.0 (X11; Linux x86_64; rv:38.0) Gecko/20100101 Firefox/38.0"
172.28.109.102 - - [30/May/2015:18:41:25 -0400] "GET / HTTP/1.1" 200 4136 "-" "Mozilla/5.0 (Windows NT 6.3; WOW64; Trident/7.0; rv:11.0) like Gecko"
172.28.102.105 - - [30/May/2015:18:41:25 -0400] "GET /challenges/ HTTP/1.1" 304 0 "https://scoreboard.hf/challenges/" "Mozilla/5.0 (Macintosh; Intel Mac OS X 10_10_3) AppleWebKit/537.36 (KHTML, like Gecko) Chrome/43.0.2357.65 Safari/537.36"
172.28.105.105 - - [30/May/2015:18:41:25 -0400] "GET / HTTP/1.1" 200 4117 "-" "Mozilla/5.0 (X11; Linux x86_64; rv:31.0) Gecko/20100101 Firefox/31.0 Iceweasel/31.6.0"
172.28.109.102 - - [30/May/2015:18:41:25 -0400] "GET /static/fonts/fontawesome-webfont.eot? HTTP/1.1" 200 72449 "https://scoreboard.hf/" "Mozilla/5.0 (Windows NT 6.3; WOW64; Trident/7.0; rv:11.0) like Gecko"
172.28.103.105 - - [30/May/2015:18:41:26 -0400] "GET /challenges/ HTTP/1.1" 304 0 "https://scoreboard.hf/challenges/" "Mozilla/5.0 (X11; Linux x86_64; rv:38.0) Gecko/20100101 Firefox/38.0"
172.28.105.105 - - [30/May/2015:18:41:27 -0400] "GET /static/fonts/fontawesome-webfont.woff?v=4.1.0 HTTP/1.1" 200 83760 "https://scoreboard.hf/static/css/font-awesome.css" "Mozilla/5.0 (X11; Linux x86_64; rv:31.0) Gecko/20100101 Firefox/31.0 Iceweasel/31.6.0"
172.16.66.170 - - [30/May/2015:18:41:28 -0400] "GET /projector/2/ HTTP/1.1" 200 2345 "https://scoreboard.hf/projector/1/" "Mozilla/5.0 (Macintosh; ARM Mac OS X) AppleWebKit/538.15 (KHTML, like Gecko) Safari/538.15 Version/6.0 Debian/7.8 (3.8.2.0-0rpi21rpi1) Epiphany/3.8.2"
172.16.66.170 - - [30/May/2015:18:41:28 -0400] "GET /projector/2/ HTTP/1.1" 200 2345 "https://scoreboard.hf/projector/1/" "Mozilla/5.0 (Macintosh; ARM Mac OS X) AppleWebKit/538.15 (KHTML, like Gecko) Safari/538.15 Version/6.0 Debian/7.8 (3.8.2.0-0rpi21rpi1) Epiphany/3.8.2"
172.28.105.105 - - [30/May/2015:18:41:29 -0400] "GET /favicon.ico HTTP/1.1" 404 162 "-" "Mozilla/5.0 (X11; Linux x86_64; rv:31.0) Gecko/20100101 Firefox/31.0 Iceweasel/31.6.0"
172.28.105.105 - - [30/May/2015:18:41:29 -0400] "GET /favicon.ico HTTP/1.1" 404 162 "-" "Mozilla/5.0 (X11; Linux x86_64; rv:31.0) Gecko/20100101 Firefox/31.0 Iceweasel/31.6.0"
172.28.102.105 - - [30/May/2015:18:41:29 -0400] "GET /challenges/ HTTP/1.1" 304 0 "https://scoreboard.hf/challenges/" "Mozilla/5.0 (Macintosh; Intel Mac OS X 10_10_3) AppleWebKit/537.36 (KHTML, like Gecko) Chrome/43.0.2357.65 Safari/537.36"
172.28.103.105 - - [30/May/2015:18:41:35 -0400] "GET /public/re01 HTTP/1.1" 200 7192 "https://scoreboard.hf/challenges/" "Mozilla/5.0 (X11; Linux x86_64; rv:38.0) Gecko/20100101 Firefox/38.0"
172.28.106.104 - - [30/May/2015:18:41:35 -0400] "GET /dashboard HTTP/1.1" 301 0 "https://scoreboard.hf/rules" "Mozilla/5.0 (X11; Linux x86_64; rv:31.0) Gecko/20100101 Firefox/31.0 Iceweasel/31.7.0"
172.28.106.104 - - [30/May/2015:18:41:35 -0400] "GET /dashboard/ HTTP/1.1" 200 3463 "https://scoreboard.hf/rules" "Mozilla/5.0 (X11; Linux x86_64; rv:31.0) Gecko/20100101 Firefox/31.0 Iceweasel/31.7.0"
172.28.105.105 - - [30/May/2015:18:41:37 -0400] "GET /scoreboard HTTP/1.1" 301 0 "https://scoreboard.hf/" "Mozilla/5.0 (X11; Linux x86_64; rv:31.0) Gecko/20100101 Firefox/31.0 Iceweasel/31.6.0"
172.28.106.104 - - [30/May/2015:18:41:37 -0400] "GET /scoreboard HTTP/1.1" 301 0 "https://scoreboard.hf/dashboard/" "Mozilla/5.0 (X11; Linux x86_64; rv:31.0) Gecko/20100101 Firefox/31.0 Iceweasel/31.7.0"
172.28.105.105 - - [30/May/2015:18:41:38 -0400] "GET /challenges HTTP/1.1" 301 0 "https://scoreboard.hf/" "Mozilla/5.0 (X11; Linux x86_64; rv:31.0) Gecko/20100101 Firefox/31.0 Iceweasel/31.6.0"
172.28.106.104 - - [30/May/2015:18:41:38 -0400] "GET /scoreboard/ HTTP/1.1" 200 3830 "https://scoreboard.hf/dashboard/" "Mozilla/5.0 (X11; Linux x86_64; rv:31.0) Gecko/20100101 Firefox/31.0 Iceweasel/31.7.0"
172.28.105.105 - - [30/May/2015:18:41:38 -0400] "GET /scoreboard/ HTTP/1.1" 200 3830 "https://scoreboard.hf/" "Mozilla/5.0 (X11; Linux x86_64; rv:31.0) Gecko/20100101 Firefox/31.0 Iceweasel/31.6.0"
172.28.103.105 - - [30/May/2015:18:41:39 -0400] "GET /public/re02 HTTP/1.1" 200 6633 "https://scoreboard.hf/challenges/" "Mozilla/5.0 (X11; Linux x86_64; rv:38.0) Gecko/20100101 Firefox/38.0"
172.28.105.105 - - [30/May/2015:18:41:39 -0400] "GET /challenges/ HTTP/1.1" 200 17548 "https://scoreboard.hf/" "Mozilla/5.0 (X11; Linux x86_64; rv:31.0) Gecko/20100101 Firefox/31.0 Iceweasel/31.6.0"
172.28.106.104 - - [30/May/2015:18:41:39 -0400] "GET /challenges HTTP/1.1" 301 0 "https://scoreboard.hf/scoreboard/" "Mozilla/5.0 (X11; Linux x86_64; rv:31.0) Gecko/20100101 Firefox/31.0 Iceweasel/31.7.0"
172.28.106.104 - - [30/May/2015:18:41:40 -0400] "GET /challenges/ HTTP/1.1" 200 17548 "https://scoreboard.hf/scoreboard/" "Mozilla/5.0 (X11; Linux x86_64; rv:31.0) Gecko/20100101 Firefox/31.0 Iceweasel/31.7.0"
172.28.105.104 - - [30/May/2015:18:41:41 -0400] "GET /challenges HTTP/1.1" 301 0 "https://scoreboard.hf/" "Mozilla/5.0 (Windows NT 6.1; WOW64; rv:36.0) Gecko/20100101 Firefox/36.0"
172.28.105.104 - - [30/May/2015:18:41:41 -0400] "GET /challenges/ HTTP/1.1" 200 17548 "https://scoreboard.hf/" "Mozilla/5.0 (Windows NT 6.1; WOW64; rv:36.0) Gecko/20100101 Firefox/36.0"
172.28.103.105 - - [30/May/2015:18:41:43 -0400] "GET /public/re03 HTTP/1.1" 200 32464 "https://scoreboard.hf/challenges/" "Mozilla/5.0 (X11; Linux x86_64; rv:38.0) Gecko/20100101 Firefox/38.0"
172.28.106.104 - - [30/May/2015:18:41:46 -0400] "GET / HTTP/1.1" 304 0 "https://scoreboard.hf/challenges/" "Mozilla/5.0 (X11; Linux x86_64; rv:31.0) Gecko/20100101 Firefox/31.0 Iceweasel/31.7.0"
172.16.66.170 - - [30/May/2015:18:41:46 -0400] "GET /projector/1/ HTTP/1.1" 304 0 "-" "Mozilla/5.0 (Macintosh; ARM Mac OS X) AppleWebKit/538.15 (KHTML, like Gecko) Safari/538.15 Version/6.0 Debian/7.8 (3.8.2.0-0rpi21rpi1) Epiphany/3.8.2"
172.28.106.104 - - [30/May/2015:18:41:52 -0400] "GET /rules HTTP/1.1" 304 0 "https://scoreboard.hf/" "Mozilla/5.0 (X11; Linux x86_64; rv:31.0) Gecko/20100101 Firefox/31.0 Iceweasel/31.7.0"
172.16.66.170 - - [30/May/2015:18:41:58 -0400] "GET /projector/2/ HTTP/1.1" 200 2345 "https://scoreboard.hf/projector/1/" "Mozilla/5.0 (Macintosh; ARM Mac OS X) AppleWebKit/538.15 (KHTML, like Gecko) Safari/538.15 Version/6.0 Debian/7.8 (3.8.2.0-0rpi21rpi1) Epiphany/3.8.2"
172.28.104.103 - - [30/May/2015:18:42:01 -0400] "GET / HTTP/1.1" 304 0 "-" "Mozilla/5.0 (X11; Linux x86_64; rv:31.0) Gecko/20100101 Firefox/31.0 Iceweasel/31.7.0"
172.28.106.104 - - [30/May/2015:18:42:01 -0400] "GET /scoreboard/ HTTP/1.1" 304 0 "https://scoreboard.hf/rules" "Mozilla/5.0 (X11; Linux x86_64; rv:31.0) Gecko/20100101 Firefox/31.0 Iceweasel/31.7.0"
172.28.104.103 - - [30/May/2015:18:42:03 -0400] "GET /static/fonts/fontawesome-webfont.woff?v=4.1.0 HTTP/1.1" 200 83760 "https://scoreboard.hf/static/css/font-awesome.css" "Mozilla/5.0 (X11; Linux x86_64; rv:31.0) Gecko/20100101 Firefox/31.0 Iceweasel/31.7.0"
172.28.104.103 - - [30/May/2015:18:42:03 -0400] "GET /favicon.ico HTTP/1.1" 404 162 "-" "Mozilla/5.0 (X11; Linux x86_64; rv:31.0) Gecko/20100101 Firefox/31.0 Iceweasel/31.7.0"
172.28.104.103 - - [30/May/2015:18:42:03 -0400] "GET /favicon.ico HTTP/1.1" 404 162 "-" "Mozilla/5.0 (X11; Linux x86_64; rv:31.0) Gecko/20100101 Firefox/31.0 Iceweasel/31.7.0"
172.28.106.104 - - [30/May/2015:18:42:07 -0400] "GET /dashboard/ HTTP/1.1" 200 3463 "https://scoreboard.hf/scoreboard/" "Mozilla/5.0 (X11; Linux x86_64; rv:31.0) Gecko/20100101 Firefox/31.0 Iceweasel/31.7.0"
172.28.106.104 - - [30/May/2015:18:42:08 -0400] "GET /scoreboard/ HTTP/1.1" 304 0 "https://scoreboard.hf/dashboard/" "Mozilla/5.0 (X11; Linux x86_64; rv:31.0) Gecko/20100101 Firefox/31.0 Iceweasel/31.7.0"
172.28.106.104 - - [30/May/2015:18:42:08 -0400] "GET /challenges/ HTTP/1.1" 304 0 "https://scoreboard.hf/scoreboard/" "Mozilla/5.0 (X11; Linux x86_64; rv:31.0) Gecko/20100101 Firefox/31.0 Iceweasel/31.7.0"
172.28.105.104 - - [30/May/2015:18:42:10 -0400] "GET /public/caramoulk.xlsx HTTP/1.1" 200 5076 "https://scoreboard.hf/challenges/" "Mozilla/5.0 (Windows NT 6.1; WOW64; rv:36.0) Gecko/20100101 Firefox/36.0"
172.28.105.105 - - [30/May/2015:18:42:11 -0400] "GET /public/hf.ca.root.crt HTTP/1.1" 200 2134 "-" "Mozilla/5.0 (X11; Linux x86_64; rv:31.0) Gecko/20100101 Firefox/31.0 Iceweasel/31.6.0"
172.16.66.170 - - [30/May/2015:18:42:20 -0400] "GET /projector/1/ HTTP/1.1" 304 0 "-" "Mozilla/5.0 (Macintosh; ARM Mac OS X) AppleWebKit/538.15 (KHTML, like Gecko) Safari/538.15 Version/6.0 Debian/7.8 (3.8.2.0-0rpi21rpi1) Epiphany/3.8.2"
172.28.106.102 - - [30/May/2015:18:42:25 -0400] "GET / HTTP/1.1" 200 4117 "-" "Mozilla/5.0 (Windows NT 6.1; WOW64) AppleWebKit/537.36 (KHTML, like Gecko) Chrome/43.0.2357.81 Safari/537.36"
172.28.106.102 - - [30/May/2015:18:42:26 -0400] "GET /static/fonts/fontawesome-webfont.woff?v=4.1.0 HTTP/1.1" 200 83760 "https://scoreboard.hf/static/css/font-awesome.css" "Mozilla/5.0 (Windows NT 6.1; WOW64) AppleWebKit/537.36 (KHTML, like Gecko) Chrome/43.0.2357.81 Safari/537.36"
172.28.106.102 - - [30/May/2015:18:42:26 -0400] "GET /favicon.ico HTTP/1.1" 404 564 "https://scoreboard.hf/" "Mozilla/5.0 (Windows NT 6.1; WOW64) AppleWebKit/537.36 (KHTML, like Gecko) Chrome/43.0.2357.81 Safari/537.36"
172.28.103.107 - - [30/May/2015:18:42:28 -0400] "GET /public/re01 HTTP/1.1" 200 7192 "https://scoreboard.hf/challenges/" "Mozilla/5.0 (Windows NT 6.1; WOW64) AppleWebKit/537.36 (KHTML, like Gecko) Chrome/43.0.2357.81 Safari/537.36"
172.28.105.105 - - [30/May/2015:18:42:28 -0400] "GET /challenges/ HTTP/1.1" 304 0 "https://scoreboard.hf/challenges/" "Mozilla/5.0 (X11; Linux x86_64; rv:31.0) Gecko/20100101 Firefox/31.0 Iceweasel/31.6.0"
172.16.66.170 - - [30/May/2015:18:42:32 -0400] "GET /projector/2/ HTTP/1.1" 200 2345 "https://scoreboard.hf/projector/1/" "Mozilla/5.0 (Macintosh; ARM Mac OS X) AppleWebKit/538.15 (KHTML, like Gecko) Safari/538.15 Version/6.0 Debian/7.8 (3.8.2.0-0rpi21rpi1) Epiphany/3.8.2"
172.16.66.170 - - [30/May/2015:18:42:32 -0400] "GET /projector/2/ HTTP/1.1" 200 2345 "https://scoreboard.hf/projector/1/" "Mozilla/5.0 (Macintosh; ARM Mac OS X) AppleWebKit/538.15 (KHTML, like Gecko) Safari/538.15 Version/6.0 Debian/7.8 (3.8.2.0-0rpi21rpi1) Epiphany/3.8.2"
172.28.105.105 - - [30/May/2015:18:42:35 -0400] "GET /challenges/ HTTP/1.1" 304 0 "https://scoreboard.hf/challenges/" "Mozilla/5.0 (X11; Linux x86_64; rv:31.0) Gecko/20100101 Firefox/31.0 Iceweasel/31.6.0"
172.28.104.103 - - [30/May/2015:18:42:37 -0400] "GET / HTTP/1.1" 304 0 "-" "Mozilla/5.0 (X11; Linux x86_64; rv:31.0) Gecko/20100101 Firefox/31.0 Iceweasel/31.7.0"
172.28.106.102 - - [30/May/2015:18:42:40 -0400] "GET /challenges HTTP/1.1" 301 0 "https://scoreboard.hf/" "Mozilla/5.0 (Windows NT 6.1; WOW64) AppleWebKit/537.36 (KHTML, like Gecko) Chrome/43.0.2357.81 Safari/537.36"
172.28.106.102 - - [30/May/2015:18:42:40 -0400] "GET /challenges/ HTTP/1.1" 200 17548 "https://scoreboard.hf/" "Mozilla/5.0 (Windows NT 6.1; WOW64) AppleWebKit/537.36 (KHTML, like Gecko) Chrome/43.0.2357.81 Safari/537.36"
172.28.103.104 - - [30/May/2015:18:42:48 -0400] "GET / HTTP/1.1" 200 4126 "-" "Mozilla/5.0 (Windows NT 6.3; WOW64) AppleWebKit/537.36 (KHTML, like Gecko) Chrome/43.0.2357.81 Safari/537.36"
172.28.103.104 - - [30/May/2015:18:42:49 -0400] "GET /static/fonts/fontawesome-webfont.woff?v=4.1.0 HTTP/1.1" 200 83760 "https://scoreboard.hf/static/css/font-awesome.css" "Mozilla/5.0 (Windows NT 6.3; WOW64) AppleWebKit/537.36 (KHTML, like Gecko) Chrome/43.0.2357.81 Safari/537.36"
172.28.103.104 - - [30/May/2015:18:42:49 -0400] "GET /favicon.ico HTTP/1.1" 404 564 "https://scoreboard.hf/" "Mozilla/5.0 (Windows NT 6.3; WOW64) AppleWebKit/537.36 (KHTML, like Gecko) Chrome/43.0.2357.81 Safari/537.36"
172.16.66.170 - - [30/May/2015:18:42:50 -0400] "GET /projector/1/ HTTP/1.1" 304 0 "-" "Mozilla/5.0 (Macintosh; ARM Mac OS X) AppleWebKit/538.15 (KHTML, like Gecko) Safari/538.15 Version/6.0 Debian/7.8 (3.8.2.0-0rpi21rpi1) Epiphany/3.8.2"
172.28.105.105 - - [30/May/2015:18:42:51 -0400] "GET /challenges/ HTTP/1.1" 304 0 "-" "Mozilla/5.0 (X11; Linux x86_64; rv:31.0) Gecko/20100101 Firefox/31.0 Iceweasel/31.6.0"
172.28.109.102 - - [30/May/2015:18:42:54 -0400] "GET / HTTP/1.1" 304 0 "-" "Mozilla/5.0 (Windows NT 6.3; WOW64; Trident/7.0; rv:11.0) like Gecko"
172.28.109.102 - - [30/May/2015:18:42:55 -0400] "GET /static/fonts/fontawesome-webfont.eot? HTTP/1.1" 304 0 "https://scoreboard.hf/" "Mozilla/5.0 (Windows NT 6.3; WOW64; Trident/7.0; rv:11.0) like Gecko"
172.28.104.103 - - [30/May/2015:18:42:59 -0400] "GET /challenges HTTP/1.1" 301 0 "https://scoreboard.hf/" "Mozilla/5.0 (X11; Linux x86_64; rv:31.0) Gecko/20100101 Firefox/31.0 Iceweasel/31.7.0"
172.28.104.103 - - [30/May/2015:18:43:00 -0400] "GET /challenges/ HTTP/1.1" 200 17548 "https://scoreboard.hf/" "Mozilla/5.0 (X11; Linux x86_64; rv:31.0) Gecko/20100101 Firefox/31.0 Iceweasel/31.7.0"
172.16.66.170 - - [30/May/2015:18:43:01 -0400] "GET /projector/2/ HTTP/1.1" 200 2345 "https://scoreboard.hf/projector/1/" "Mozilla/5.0 (Macintosh; ARM Mac OS X) AppleWebKit/538.15 (KHTML, like Gecko) Safari/538.15 Version/6.0 Debian/7.8 (3.8.2.0-0rpi21rpi1) Epiphany/3.8.2"
172.28.103.104 - - [30/May/2015:18:43:05 -0400] "GET /challenges HTTP/1.1" 301 0 "https://scoreboard.hf/" "Mozilla/5.0 (Windows NT 6.3; WOW64) AppleWebKit/537.36 (KHTML, like Gecko) Chrome/43.0.2357.81 Safari/537.36"
172.28.103.104 - - [30/May/2015:18:43:06 -0400] "GET /challenges/ HTTP/1.1" 200 17557 "https://scoreboard.hf/" "Mozilla/5.0 (Windows NT 6.3; WOW64) AppleWebKit/537.36 (KHTML, like Gecko) Chrome/43.0.2357.81 Safari/537.36"
172.28.105.105 - - [30/May/2015:18:43:13 -0400] "GET / HTTP/1.1" 304 0 "-" "Mozilla/5.0 (X11; Linux x86_64; rv:31.0) Gecko/20100101 Firefox/31.0 Iceweasel/31.6.0"
172.28.105.105 - - [30/May/2015:18:43:13 -0400] "GET /static/fonts/fontawesome-webfont.woff?v=4.1.0 HTTP/1.1" 304 0 "https://scoreboard.hf/static/css/font-awesome.css" "Mozilla/5.0 (X11; Linux x86_64; rv:31.0) Gecko/20100101 Firefox/31.0 Iceweasel/31.6.0"
172.28.105.105 - - [30/May/2015:18:43:14 -0400] "GET /favicon.ico HTTP/1.1" 404 162 "-" "Mozilla/5.0 (X11; Linux x86_64; rv:31.0) Gecko/20100101 Firefox/31.0 Iceweasel/31.6.0"
172.28.105.105 - - [30/May/2015:18:43:18 -0400] "GET /challenges/ HTTP/1.1" 304 0 "https://scoreboard.hf/" "Mozilla/5.0 (X11; Linux x86_64; rv:31.0) Gecko/20100101 Firefox/31.0 Iceweasel/31.6.0"
172.16.66.170 - - [30/May/2015:18:43:19 -0400] "GET /projector/1/ HTTP/1.1" 304 0 "-" "Mozilla/5.0 (Macintosh; ARM Mac OS X) AppleWebKit/538.15 (KHTML, like Gecko) Safari/538.15 Version/6.0 Debian/7.8 (3.8.2.0-0rpi21rpi1) Epiphany/3.8.2"
172.28.102.109 - - [30/May/2015:18:43:24 -0400] "GET / HTTP/1.1" 200 4125 "-" "Mozilla/5.0 (X11; Linux x86_64) AppleWebKit/537.36 (KHTML, like Gecko) Ubuntu Chromium/41.0.2272.76 Chrome/41.0.2272.76 Safari/537.36"
172.28.102.109 - - [30/May/2015:18:43:24 -0400] "GET /static/fonts/fontawesome-webfont.woff?v=4.1.0 HTTP/1.1" 200 83760 "https://scoreboard.hf/static/css/font-awesome.css" "Mozilla/5.0 (X11; Linux x86_64) AppleWebKit/537.36 (KHTML, like Gecko) Ubuntu Chromium/41.0.2272.76 Chrome/41.0.2272.76 Safari/537.36"
172.28.102.109 - - [30/May/2015:18:43:24 -0400] "GET /favicon.ico HTTP/1.1" 404 564 "-" "Mozilla/5.0 (X11; Linux x86_64) AppleWebKit/537.36 (KHTML, like Gecko) Ubuntu Chromium/41.0.2272.76 Chrome/41.0.2272.76 Safari/537.36"
172.16.66.170 - - [30/May/2015:18:43:31 -0400] "GET /projector/2/ HTTP/1.1" 200 2345 "https://scoreboard.hf/projector/1/" "Mozilla/5.0 (Macintosh; ARM Mac OS X) AppleWebKit/538.15 (KHTML, like Gecko) Safari/538.15 Version/6.0 Debian/7.8 (3.8.2.0-0rpi21rpi1) Epiphany/3.8.2"
172.16.66.170 - - [30/May/2015:18:43:31 -0400] "GET /projector/2/ HTTP/1.1" 200 2345 "https://scoreboard.hf/projector/1/" "Mozilla/5.0 (Macintosh; ARM Mac OS X) AppleWebKit/538.15 (KHTML, like Gecko) Safari/538.15 Version/6.0 Debian/7.8 (3.8.2.0-0rpi21rpi1) Epiphany/3.8.2"
172.28.102.109 - - [30/May/2015:18:43:48 -0400] "GET /challenges HTTP/1.1" 301 0 "https://scoreboard.hf/" "Mozilla/5.0 (X11; Linux x86_64) AppleWebKit/537.36 (KHTML, like Gecko) Ubuntu Chromium/41.0.2272.76 Chrome/41.0.2272.76 Safari/537.36"
172.28.102.109 - - [30/May/2015:18:43:48 -0400] "GET /challenges/ HTTP/1.1" 200 17556 "https://scoreboard.hf/" "Mozilla/5.0 (X11; Linux x86_64) AppleWebKit/537.36 (KHTML, like Gecko) Ubuntu Chromium/41.0.2272.76 Chrome/41.0.2272.76 Safari/537.36"
172.16.66.170 - - [30/May/2015:18:43:49 -0400] "GET /projector/1/ HTTP/1.1" 304 0 "-" "Mozilla/5.0 (Macintosh; ARM Mac OS X) AppleWebKit/538.15 (KHTML, like Gecko) Safari/538.15 Version/6.0 Debian/7.8 (3.8.2.0-0rpi21rpi1) Epiphany/3.8.2"
172.16.66.170 - - [30/May/2015:18:44:02 -0400] "GET /projector/2/ HTTP/1.1" 200 2345 "https://scoreboard.hf/projector/1/" "Mozilla/5.0 (Macintosh; ARM Mac OS X) AppleWebKit/538.15 (KHTML, like Gecko) Safari/538.15 Version/6.0 Debian/7.8 (3.8.2.0-0rpi21rpi1) Epiphany/3.8.2"
172.28.105.105 - - [30/May/2015:18:44:04 -0400] "GET / HTTP/1.1" 304 0 "-" "Mozilla/5.0 (X11; Linux x86_64; rv:31.0) Gecko/20100101 Firefox/31.0 Iceweasel/31.6.0"
172.28.105.105 - - [30/May/2015:18:44:07 -0400] "GET /challenges/ HTTP/1.1" 304 0 "https://scoreboard.hf/" "Mozilla/5.0 (X11; Linux x86_64; rv:31.0) Gecko/20100101 Firefox/31.0 Iceweasel/31.6.0"
172.16.66.170 - - [30/May/2015:18:44:25 -0400] "GET /projector/1/ HTTP/1.1" 304 0 "-" "Mozilla/5.0 (Macintosh; ARM Mac OS X) AppleWebKit/538.15 (KHTML, like Gecko) Safari/538.15 Version/6.0 Debian/7.8 (3.8.2.0-0rpi21rpi1) Epiphany/3.8.2"
172.28.108.102 - - [30/May/2015:18:44:35 -0400] "GET / HTTP/1.1" 200 4136 "-" "Mozilla/5.0 (X11; Linux x86_64) AppleWebKit/537.36 (KHTML, like Gecko) Chrome/43.0.2357.81 Safari/537.36"
172.16.66.170 - - [30/May/2015:18:44:36 -0400] "GET /projector/2/ HTTP/1.1" 200 2345 "https://scoreboard.hf/projector/1/" "Mozilla/5.0 (Macintosh; ARM Mac OS X) AppleWebKit/538.15 (KHTML, like Gecko) Safari/538.15 Version/6.0 Debian/7.8 (3.8.2.0-0rpi21rpi1) Epiphany/3.8.2"
172.16.66.170 - - [30/May/2015:18:44:37 -0400] "GET /projector/2/ HTTP/1.1" 200 2345 "https://scoreboard.hf/projector/1/" "Mozilla/5.0 (Macintosh; ARM Mac OS X) AppleWebKit/538.15 (KHTML, like Gecko) Safari/538.15 Version/6.0 Debian/7.8 (3.8.2.0-0rpi21rpi1) Epiphany/3.8.2"
172.28.105.105 - - [30/May/2015:18:44:39 -0400] "GET /challenges/ HTTP/1.1" 304 0 "https://scoreboard.hf/" "Mozilla/5.0 (X11; Linux x86_64; rv:31.0) Gecko/20100101 Firefox/31.0 Iceweasel/31.6.0"
172.28.109.102 - - [30/May/2015:18:44:58 -0400] "GET / HTTP/1.1" 304 0 "-" "Mozilla/5.0 (Windows NT 6.3; WOW64; Trident/7.0; rv:11.0) like Gecko"
172.28.109.102 - - [30/May/2015:18:44:58 -0400] "GET /static/fonts/fontawesome-webfont.eot? HTTP/1.1" 304 0 "https://scoreboard.hf/" "Mozilla/5.0 (Windows NT 6.3; WOW64; Trident/7.0; rv:11.0) like Gecko"
172.16.66.170 - - [30/May/2015:18:44:59 -0400] "GET /projector/1/ HTTP/1.1" 304 0 "-" "Mozilla/5.0 (Macintosh; ARM Mac OS X) AppleWebKit/538.15 (KHTML, like Gecko) Safari/538.15 Version/6.0 Debian/7.8 (3.8.2.0-0rpi21rpi1) Epiphany/3.8.2"
172.28.103.109 - - [30/May/2015:18:45:07 -0400] "GET /challenges/ HTTP/1.1" 200 17557 "-" "Mozilla/5.0 (X11; Linux x86_64) AppleWebKit/537.36 (KHTML, like Gecko) Ubuntu Chromium/41.0.2272.76 Chrome/41.0.2272.76 Safari/537.36"
172.28.103.107 - - [30/May/2015:18:45:07 -0400] "GET /public/pwn01 HTTP/1.1" 200 809680 "https://scoreboard.hf/challenges/" "Mozilla/5.0 (Windows NT 6.1; WOW64) AppleWebKit/537.36 (KHTML, like Gecko) Chrome/43.0.2357.81 Safari/537.36"
172.16.66.170 - - [30/May/2015:18:45:11 -0400] "GET /projector/2/ HTTP/1.1" 200 2345 "https://scoreboard.hf/projector/1/" "Mozilla/5.0 (Macintosh; ARM Mac OS X) AppleWebKit/538.15 (KHTML, like Gecko) Safari/538.15 Version/6.0 Debian/7.8 (3.8.2.0-0rpi21rpi1) Epiphany/3.8.2"
172.28.109.102 - - [30/May/2015:18:45:11 -0400] "GET /rules HTTP/1.1" 200 4137 "https://scoreboard.hf/" "Mozilla/5.0 (Windows NT 6.3; WOW64; Trident/7.0; rv:11.0) like Gecko"
172.28.103.109 - - [30/May/2015:18:45:15 -0400] "GET /public/re01 HTTP/1.1" 200 7192 "https://scoreboard.hf/challenges/" "Mozilla/5.0 (X11; Linux x86_64) AppleWebKit/537.36 (KHTML, like Gecko) Ubuntu Chromium/41.0.2272.76 Chrome/41.0.2272.76 Safari/537.36"
172.28.109.102 - - [30/May/2015:18:45:16 -0400] "GET /public/player.tar.gz HTTP/1.1" 200 2379 "https://scoreboard.hf/rules" "Mozilla/5.0 (Windows NT 6.3; WOW64; Trident/7.0; rv:11.0) like Gecko"
172.28.105.104 - - [30/May/2015:18:45:19 -0400] "GET /public/hf.ca.root.crt HTTP/1.1" 200 2134 "-" "Mozilla/5.0 (Windows NT 6.1; WOW64; rv:36.0) Gecko/20100101 Firefox/36.0"
172.28.103.110 - - [30/May/2015:18:45:27 -0400] "GET / HTTP/1.1" 200 4126 "-" "Mozilla/5.0 (X11; Linux x86_64) AppleWebKit/537.36 (KHTML, like Gecko) Ubuntu Chromium/41.0.2272.76 Chrome/41.0.2272.76 Safari/537.36"
172.16.66.170 - - [30/May/2015:18:45:29 -0400] "GET /projector/1/ HTTP/1.1" 304 0 "-" "Mozilla/5.0 (Macintosh; ARM Mac OS X) AppleWebKit/538.15 (KHTML, like Gecko) Safari/538.15 Version/6.0 Debian/7.8 (3.8.2.0-0rpi21rpi1) Epiphany/3.8.2"
172.28.103.106 - - [30/May/2015:18:45:32 -0400] "GET /public/caramoulk.xlsx HTTP/1.1" 200 5076 "https://scoreboard.hf/challenges/" "Mozilla/5.0 (Windows NT 6.3; WOW64) AppleWebKit/537.36 (KHTML, like Gecko) Chrome/43.0.2357.65 Safari/537.36"
172.28.103.110 - - [30/May/2015:18:45:33 -0400] "GET /challenges HTTP/1.1" 301 0 "https://scoreboard.hf/" "Mozilla/5.0 (X11; Linux x86_64) AppleWebKit/537.36 (KHTML, like Gecko) Ubuntu Chromium/41.0.2272.76 Chrome/41.0.2272.76 Safari/537.36"
172.28.103.110 - - [30/May/2015:18:45:33 -0400] "GET /challenges/ HTTP/1.1" 200 17557 "https://scoreboard.hf/" "Mozilla/5.0 (X11; Linux x86_64) AppleWebKit/537.36 (KHTML, like Gecko) Ubuntu Chromium/41.0.2272.76 Chrome/41.0.2272.76 Safari/537.36"
172.16.66.170 - - [30/May/2015:18:45:40 -0400] "GET /projector/2/ HTTP/1.1" 200 2345 "https://scoreboard.hf/projector/1/" "Mozilla/5.0 (Macintosh; ARM Mac OS X) AppleWebKit/538.15 (KHTML, like Gecko) Safari/538.15 Version/6.0 Debian/7.8 (3.8.2.0-0rpi21rpi1) Epiphany/3.8.2"
172.16.66.170 - - [30/May/2015:18:45:41 -0400] "GET /projector/2/ HTTP/1.1" 200 2345 "https://scoreboard.hf/projector/1/" "Mozilla/5.0 (Macintosh; ARM Mac OS X) AppleWebKit/538.15 (KHTML, like Gecko) Safari/538.15 Version/6.0 Debian/7.8 (3.8.2.0-0rpi21rpi1) Epiphany/3.8.2"
172.28.109.104 - - [30/May/2015:18:45:43 -0400] "GET / HTTP/1.1" 200 4136 "-" "Mozilla/5.0 (X11; Linux x86_64) AppleWebKit/537.36 (KHTML, like Gecko) Chrome/41.0.2272.101 Safari/537.36"
172.28.109.104 - - [30/May/2015:18:45:44 -0400] "GET /static/fonts/fontawesome-webfont.woff?v=4.1.0 HTTP/1.1" 200 83760 "https://scoreboard.hf/static/css/font-awesome.css" "Mozilla/5.0 (X11; Linux x86_64) AppleWebKit/537.36 (KHTML, like Gecko) Chrome/41.0.2272.101 Safari/537.36"
172.28.109.104 - - [30/May/2015:18:45:44 -0400] "GET /favicon.ico HTTP/1.1" 404 564 "-" "Mozilla/5.0 (X11; Linux x86_64) AppleWebKit/537.36 (KHTML, like Gecko) Chrome/41.0.2272.101 Safari/537.36"
172.28.109.103 - - [30/May/2015:18:45:49 -0400] "GET / HTTP/1.1" 200 4136 "-" "Mozilla/5.0 (X11; Linux x86_64; rv:31.0) Gecko/20100101 Firefox/31.0 Iceweasel/31.7.0"
172.28.109.103 - - [30/May/2015:18:45:49 -0400] "GET /static/fonts/fontawesome-webfont.woff?v=4.1.0 HTTP/1.1" 200 83760 "https://scoreboard.hf/static/css/font-awesome.css" "Mozilla/5.0 (X11; Linux x86_64; rv:31.0) Gecko/20100101 Firefox/31.0 Iceweasel/31.7.0"
172.28.109.103 - - [30/May/2015:18:45:49 -0400] "GET /favicon.ico HTTP/1.1" 404 162 "-" "Mozilla/5.0 (X11; Linux x86_64; rv:31.0) Gecko/20100101 Firefox/31.0 Iceweasel/31.7.0"
172.28.109.103 - - [30/May/2015:18:45:49 -0400] "GET /favicon.ico HTTP/1.1" 404 162 "-" "Mozilla/5.0 (X11; Linux x86_64; rv:31.0) Gecko/20100101 Firefox/31.0 Iceweasel/31.7.0"
172.28.102.105 - - [30/May/2015:18:45:54 -0400] "GET /public/caramoulk.xlsx HTTP/1.1" 200 5076 "https://scoreboard.hf/challenges/" "Mozilla/5.0 (Macintosh; Intel Mac OS X 10_10_3) AppleWebKit/537.36 (KHTML, like Gecko) Chrome/43.0.2357.65 Safari/537.36"
172.28.105.107 - - [30/May/2015:18:45:58 -0400] "GET /challenges/ HTTP/1.1" 200 17548 "https://scoreboard.hf/" "Mozilla/5.0 (X11; Linux x86_64; rv:31.0) Gecko/20100101 Firefox/31.0 Iceweasel/31.7.0"
172.16.66.170 - - [30/May/2015:18:45:59 -0400] "GET /projector/1/ HTTP/1.1" 304 0 "-" "Mozilla/5.0 (Macintosh; ARM Mac OS X) AppleWebKit/538.15 (KHTML, like Gecko) Safari/538.15 Version/6.0 Debian/7.8 (3.8.2.0-0rpi21rpi1) Epiphany/3.8.2"
172.28.105.107 - - [30/May/2015:18:46:01 -0400] "GET / HTTP/1.1" 200 4117 "https://scoreboard.hf/challenges/" "Mozilla/5.0 (X11; Linux x86_64; rv:31.0) Gecko/20100101 Firefox/31.0 Iceweasel/31.7.0"
172.28.103.107 - - [30/May/2015:18:46:02 -0400] "GET /public/caramoulk.xlsx HTTP/1.1" 200 5076 "https://scoreboard.hf/challenges/" "Mozilla/5.0 (Windows NT 6.1; WOW64) AppleWebKit/537.36 (KHTML, like Gecko) Chrome/43.0.2357.81 Safari/537.36"
172.28.105.107 - - [30/May/2015:18:46:03 -0400] "POST / HTTP/1.1" 200 4244 "https://scoreboard.hf/" "Mozilla/5.0 (X11; Linux x86_64; rv:31.0) Gecko/20100101 Firefox/31.0 Iceweasel/31.7.0"
172.28.109.103 - - [30/May/2015:18:46:09 -0400] "GET /challenges HTTP/1.1" 301 0 "https://scoreboard.hf/" "Mozilla/5.0 (X11; Linux x86_64; rv:31.0) Gecko/20100101 Firefox/31.0 Iceweasel/31.7.0"
172.28.109.103 - - [30/May/2015:18:46:09 -0400] "GET /challenges/ HTTP/1.1" 200 17567 "https://scoreboard.hf/" "Mozilla/5.0 (X11; Linux x86_64; rv:31.0) Gecko/20100101 Firefox/31.0 Iceweasel/31.7.0"
172.16.66.170 - - [30/May/2015:18:46:10 -0400] "GET /projector/2/ HTTP/1.1" 200 2345 "https://scoreboard.hf/projector/1/" "Mozilla/5.0 (Macintosh; ARM Mac OS X) AppleWebKit/538.15 (KHTML, like Gecko) Safari/538.15 Version/6.0 Debian/7.8 (3.8.2.0-0rpi21rpi1) Epiphany/3.8.2"
172.28.109.104 - - [30/May/2015:18:46:14 -0400] "GET /challenges HTTP/1.1" 301 0 "https://scoreboard.hf/" "Mozilla/5.0 (X11; Linux x86_64) AppleWebKit/537.36 (KHTML, like Gecko) Chrome/41.0.2272.101 Safari/537.36"
172.28.109.104 - - [30/May/2015:18:46:14 -0400] "GET /challenges/ HTTP/1.1" 200 17567 "https://scoreboard.hf/" "Mozilla/5.0 (X11; Linux x86_64) AppleWebKit/537.36 (KHTML, like Gecko) Chrome/41.0.2272.101 Safari/537.36"
172.28.102.102 - - [30/May/2015:18:46:15 -0400] "GET /challenges/ HTTP/1.1" 200 17556 "https://scoreboard.hf/" "Mozilla/5.0 (X11; Linux x86_64) AppleWebKit/537.36 (KHTML, like Gecko) Chrome/43.0.2357.81 Safari/537.36"
172.28.102.102 - - [30/May/2015:18:46:15 -0400] "GET /static/fonts/fontawesome-webfont.woff?v=4.1.0 HTTP/1.1" 200 83760 "https://scoreboard.hf/static/css/font-awesome.css" "Mozilla/5.0 (X11; Linux x86_64) AppleWebKit/537.36 (KHTML, like Gecko) Chrome/43.0.2357.81 Safari/537.36"
172.28.105.107 - - [30/May/2015:18:46:15 -0400] "POST / HTTP/1.1" 200 4244 "https://scoreboard.hf/" "Mozilla/5.0 (X11; Linux x86_64; rv:31.0) Gecko/20100101 Firefox/31.0 Iceweasel/31.7.0"
172.28.109.102 - - [30/May/2015:18:46:17 -0400] "GET /public/player.tar.gz HTTP/1.1" 200 2379 "-" "Wget/1.13.4 (linux-gnu)"
172.28.102.105 - - [30/May/2015:18:46:18 -0400] "GET /challenges/ HTTP/1.1" 304 0 "https://scoreboard.hf/challenges/" "Mozilla/5.0 (Macintosh; Intel Mac OS X 10_10_3) AppleWebKit/537.36 (KHTML, like Gecko) Chrome/43.0.2357.65 Safari/537.36"
172.28.105.107 - - [30/May/2015:18:46:20 -0400] "POST / HTTP/1.1" 200 4195 "https://scoreboard.hf/" "Mozilla/5.0 (X11; Linux x86_64; rv:31.0) Gecko/20100101 Firefox/31.0 Iceweasel/31.7.0"
172.28.108.103 - - [30/May/2015:18:46:24 -0400] "GET /challenges/ HTTP/1.1" 200 17567 "-" "Mozilla/5.0 (X11; Linux x86_64) AppleWebKit/534.34 (KHTML, like Gecko) konqueror/4.11.5 Safari/534.34"
172.28.108.103 - - [30/May/2015:18:46:25 -0400] "GET /static/fonts/fontawesome-webfont.woff?v=4.1.0 HTTP/1.1" 200 83760 "https://scoreboard.hf/challenges/" "Mozilla/5.0 (X11; Linux x86_64) AppleWebKit/537.21 (KHTML, like Gecko) konqueror/4.11.5 Safari/537.21"
172.16.66.170 - - [30/May/2015:18:46:28 -0400] "GET /projector/1/ HTTP/1.1" 200 2516 "-" "Mozilla/5.0 (Macintosh; ARM Mac OS X) AppleWebKit/538.15 (KHTML, like Gecko) Safari/538.15 Version/6.0 Debian/7.8 (3.8.2.0-0rpi21rpi1) Epiphany/3.8.2"
172.28.109.102 - - [30/May/2015:18:46:31 -0400] "GET / HTTP/1.1" 200 4135 "-" "Mozilla/5.0 (Windows NT 6.3; WOW64; Trident/7.0; rv:11.0) like Gecko"
172.28.109.102 - - [30/May/2015:18:46:31 -0400] "GET /static/fonts/fontawesome-webfont.eot? HTTP/1.1" 304 0 "https://scoreboard.hf/" "Mozilla/5.0 (Windows NT 6.3; WOW64; Trident/7.0; rv:11.0) like Gecko"
172.28.103.111 - - [30/May/2015:18:46:31 -0400] "GET / HTTP/1.1" 200 4125 "-" "Mozilla/5.0 (X11; Linux x86_64; rv:38.0) Gecko/20100101 Firefox/38.0 Iceweasel/38.0"
172.28.108.104 - - [30/May/2015:18:46:36 -0400] "GET /challenges/ HTTP/1.1" 304 0 "https://scoreboard.hf/" "Mozilla/5.0 (X11; Linux x86_64; rv:31.0) Gecko/20100101 Firefox/31.0 Iceweasel/31.7.0"
172.28.109.104 - - [30/May/2015:18:46:39 -0400] "GET /scoreboard HTTP/1.1" 301 0 "https://scoreboard.hf/challenges/" "Mozilla/5.0 (X11; Linux x86_64) AppleWebKit/537.36 (KHTML, like Gecko) Chrome/41.0.2272.101 Safari/537.36"
172.28.109.104 - - [30/May/2015:18:46:39 -0400] "GET /scoreboard/ HTTP/1.1" 200 3851 "https://scoreboard.hf/challenges/" "Mozilla/5.0 (X11; Linux x86_64) AppleWebKit/537.36 (KHTML, like Gecko) Chrome/41.0.2272.101 Safari/537.36"
172.16.66.170 - - [30/May/2015:18:46:40 -0400] "GET /projector/2/ HTTP/1.1" 200 2349 "https://scoreboard.hf/projector/1/" "Mozilla/5.0 (Macintosh; ARM Mac OS X) AppleWebKit/538.15 (KHTML, like Gecko) Safari/538.15 Version/6.0 Debian/7.8 (3.8.2.0-0rpi21rpi1) Epiphany/3.8.2"
172.16.66.170 - - [30/May/2015:18:46:40 -0400] "GET /projector/2/ HTTP/1.1" 200 2349 "https://scoreboard.hf/projector/1/" "Mozilla/5.0 (Macintosh; ARM Mac OS X) AppleWebKit/538.15 (KHTML, like Gecko) Safari/538.15 Version/6.0 Debian/7.8 (3.8.2.0-0rpi21rpi1) Epiphany/3.8.2"
172.28.108.104 - - [30/May/2015:18:46:40 -0400] "GET /challenges/ HTTP/1.1" 304 0 "https://scoreboard.hf/" "Mozilla/5.0 (X11; Linux x86_64; rv:31.0) Gecko/20100101 Firefox/31.0 Iceweasel/31.7.0"
172.28.109.104 - - [30/May/2015:18:46:44 -0400] "GET /challenges HTTP/1.1" 301 0 "https://scoreboard.hf/scoreboard/" "Mozilla/5.0 (X11; Linux x86_64) AppleWebKit/537.36 (KHTML, like Gecko) Chrome/41.0.2272.101 Safari/537.36"
172.28.109.104 - - [30/May/2015:18:46:44 -0400] "GET /challenges/ HTTP/1.1" 200 17567 "https://scoreboard.hf/scoreboard/" "Mozilla/5.0 (X11; Linux x86_64) AppleWebKit/537.36 (KHTML, like Gecko) Chrome/41.0.2272.101 Safari/537.36"
172.28.105.102 - - [30/May/2015:18:46:45 -0400] "GET /public/re01 HTTP/1.1" 200 7192 "https://scoreboard.hf/challenges/" "Mozilla/5.0 (X11; Linux x86_64; rv:31.0) Gecko/20100101 Firefox/31.0 Iceweasel/31.7.0"
172.28.105.107 - - [30/May/2015:18:46:51 -0400] "GET /challenges/ HTTP/1.1" 200 17555 "https://scoreboard.hf/" "Mozilla/5.0 (X11; Linux x86_64; rv:31.0) Gecko/20100101 Firefox/31.0 Iceweasel/31.7.0"
172.16.66.170 - - [30/May/2015:18:47:03 -0400] "GET /projector/1/ HTTP/1.1" 304 0 "https://scoreboard.hf/projector/2/" "Mozilla/5.0 (Macintosh; ARM Mac OS X) AppleWebKit/538.15 (KHTML, like Gecko) Safari/538.15 Version/6.0 Debian/7.8 (3.8.2.0-0rpi21rpi1) Epiphany/3.8.2"
172.28.103.106 - - [30/May/2015:18:47:06 -0400] "GET / HTTP/1.1" 200 4125 "-" "Mozilla/5.0 (Windows NT 6.3; WOW64) AppleWebKit/537.36 (KHTML, like Gecko) Chrome/43.0.2357.65 Safari/537.36"
172.28.108.102 - - [30/May/2015:18:47:11 -0400] "GET / HTTP/1.1" 200 4135 "-" "Mozilla/5.0 (X11; Linux x86_64) AppleWebKit/537.36 (KHTML, like Gecko) Chrome/43.0.2357.81 Safari/537.36"
172.28.103.107 - - [30/May/2015:18:47:12 -0400] "GET / HTTP/1.1" 200 4125 "-" "Mozilla/5.0 (Windows NT 6.1; WOW64) AppleWebKit/537.36 (KHTML, like Gecko) Chrome/43.0.2357.81 Safari/537.36"
172.16.66.170 - - [30/May/2015:18:47:15 -0400] "GET /projector/2/ HTTP/1.1" 200 2362 "https://scoreboard.hf/projector/1/" "Mozilla/5.0 (Macintosh; ARM Mac OS X) AppleWebKit/538.15 (KHTML, like Gecko) Safari/538.15 Version/6.0 Debian/7.8 (3.8.2.0-0rpi21rpi1) Epiphany/3.8.2"
172.28.103.107 - - [30/May/2015:18:47:15 -0400] "GET / HTTP/1.1" 200 4125 "-" "Mozilla/5.0 (Windows NT 6.1; WOW64) AppleWebKit/537.36 (KHTML, like Gecko) Chrome/43.0.2357.81 Safari/537.36"
172.28.103.104 - - [30/May/2015:18:47:16 -0400] "GET /challenges/ HTTP/1.1" 200 17557 "https://scoreboard.hf/" "Mozilla/5.0 (Windows NT 6.3; WOW64) AppleWebKit/537.36 (KHTML, like Gecko) Chrome/43.0.2357.81 Safari/537.36"
172.28.103.107 - - [30/May/2015:18:47:16 -0400] "GET / HTTP/1.1" 200 4125 "-" "Mozilla/5.0 (Windows NT 6.1; WOW64) AppleWebKit/537.36 (KHTML, like Gecko) Chrome/43.0.2357.81 Safari/537.36"
172.28.103.107 - - [30/May/2015:18:47:17 -0400] "GET / HTTP/1.1" 200 4125 "-" "Mozilla/5.0 (Windows NT 6.1; WOW64) AppleWebKit/537.36 (KHTML, like Gecko) Chrome/43.0.2357.81 Safari/537.36"
172.28.103.107 - - [30/May/2015:18:47:18 -0400] "GET / HTTP/1.1" 200 4125 "-" "Mozilla/5.0 (Windows NT 6.1; WOW64) AppleWebKit/537.36 (KHTML, like Gecko) Chrome/43.0.2357.81 Safari/537.36"
172.28.103.107 - - [30/May/2015:18:47:18 -0400] "GET / HTTP/1.1" 200 4125 "-" "Mozilla/5.0 (Windows NT 6.1; WOW64) AppleWebKit/537.36 (KHTML, like Gecko) Chrome/43.0.2357.81 Safari/537.36"
172.28.103.104 - - [30/May/2015:18:47:19 -0400] "GET /challenges/ HTTP/1.1" 200 17557 "https://scoreboard.hf/" "Mozilla/5.0 (Windows NT 6.3; WOW64) AppleWebKit/537.36 (KHTML, like Gecko) Chrome/43.0.2357.81 Safari/537.36"
172.28.102.106 - - [30/May/2015:18:47:19 -0400] "GET /rules HTTP/1.1" 200 4126 "https://scoreboard.hf/challenges/" "Mozilla/5.0 (Windows NT 10.0; WOW64) AppleWebKit/537.36 (KHTML, like Gecko) Chrome/43.0.2357.81 Safari/537.36"
172.28.102.106 - - [30/May/2015:18:47:19 -0400] "GET /static/fonts/fontawesome-webfont.woff?v=4.1.0 HTTP/1.1" 200 83760 "https://scoreboard.hf/static/css/font-awesome.css" "Mozilla/5.0 (Windows NT 10.0; WOW64) AppleWebKit/537.36 (KHTML, like Gecko) Chrome/43.0.2357.81 Safari/537.36"
172.28.103.107 - - [30/May/2015:18:47:19 -0400] "GET / HTTP/1.1" 200 4125 "-" "Mozilla/5.0 (Windows NT 6.1; WOW64) AppleWebKit/537.36 (KHTML, like Gecko) Chrome/43.0.2357.81 Safari/537.36"
172.28.103.107 - - [30/May/2015:18:47:20 -0400] "GET / HTTP/1.1" 200 4125 "-" "Mozilla/5.0 (Windows NT 6.1; WOW64) AppleWebKit/537.36 (KHTML, like Gecko) Chrome/43.0.2357.81 Safari/537.36"
172.28.103.107 - - [30/May/2015:18:47:21 -0400] "GET / HTTP/1.1" 200 4125 "-" "Mozilla/5.0 (Windows NT 6.1; WOW64) AppleWebKit/537.36 (KHTML, like Gecko) Chrome/43.0.2357.81 Safari/537.36"
172.28.108.104 - - [30/May/2015:18:47:29 -0400] "GET /public/re01 HTTP/1.1" 200 7192 "https://scoreboard.hf/challenges/" "Mozilla/5.0 (X11; Linux x86_64; rv:31.0) Gecko/20100101 Firefox/31.0 Iceweasel/31.7.0"
172.16.66.170 - - [30/May/2015:18:47:33 -0400] "GET /projector/1/ HTTP/1.1" 304 0 "https://scoreboard.hf/projector/2/" "Mozilla/5.0 (Macintosh; ARM Mac OS X) AppleWebKit/538.15 (KHTML, like Gecko) Safari/538.15 Version/6.0 Debian/7.8 (3.8.2.0-0rpi21rpi1) Epiphany/3.8.2"
172.16.66.170 - - [30/May/2015:18:47:44 -0400] "GET /projector/2/ HTTP/1.1" 200 2364 "https://scoreboard.hf/projector/1/" "Mozilla/5.0 (Macintosh; ARM Mac OS X) AppleWebKit/538.15 (KHTML, like Gecko) Safari/538.15 Version/6.0 Debian/7.8 (3.8.2.0-0rpi21rpi1) Epiphany/3.8.2"
172.16.66.170 - - [30/May/2015:18:47:44 -0400] "GET /projector/2/ HTTP/1.1" 200 2364 "https://scoreboard.hf/projector/1/" "Mozilla/5.0 (Macintosh; ARM Mac OS X) AppleWebKit/538.15 (KHTML, like Gecko) Safari/538.15 Version/6.0 Debian/7.8 (3.8.2.0-0rpi21rpi1) Epiphany/3.8.2"
172.28.103.110 - - [30/May/2015:18:47:59 -0400] "GET /challenges/ HTTP/1.1" 200 17557 "https://scoreboard.hf/" "Mozilla/5.0 (X11; Linux x86_64) AppleWebKit/537.36 (KHTML, like Gecko) Ubuntu Chromium/41.0.2272.76 Chrome/41.0.2272.76 Safari/537.36"
172.28.103.110 - - [30/May/2015:18:47:59 -0400] "GET / HTTP/1.1" 200 4125 "-" "Mozilla/5.0 (X11; Linux x86_64) AppleWebKit/537.36 (KHTML, like Gecko) Ubuntu Chromium/41.0.2272.76 Chrome/41.0.2272.76 Safari/537.36"
172.28.103.110 - - [30/May/2015:18:48:00 -0400] "GET /challenges/ HTTP/1.1" 200 17557 "https://scoreboard.hf/" "Mozilla/5.0 (X11; Linux x86_64) AppleWebKit/537.36 (KHTML, like Gecko) Ubuntu Chromium/41.0.2272.76 Chrome/41.0.2272.76 Safari/537.36"
172.16.66.170 - - [30/May/2015:18:48:02 -0400] "GET /projector/1/ HTTP/1.1" 304 0 "https://scoreboard.hf/projector/2/" "Mozilla/5.0 (Macintosh; ARM Mac OS X) AppleWebKit/538.15 (KHTML, like Gecko) Safari/538.15 Version/6.0 Debian/7.8 (3.8.2.0-0rpi21rpi1) Epiphany/3.8.2"
172.28.108.102 - - [30/May/2015:18:48:04 -0400] "GET / HTTP/1.1" 200 4135 "-" "Mozilla/5.0 (X11; Linux x86_64) AppleWebKit/537.36 (KHTML, like Gecko) Chrome/43.0.2357.81 Safari/537.36"
172.28.103.110 - - [30/May/2015:18:48:12 -0400] "GET /challenges/ HTTP/1.1" 200 17557 "https://scoreboard.hf/" "Mozilla/5.0 (X11; Linux x86_64) AppleWebKit/537.36 (KHTML, like Gecko) Ubuntu Chromium/41.0.2272.76 Chrome/41.0.2272.76 Safari/537.36"
172.16.66.170 - - [30/May/2015:18:48:14 -0400] "GET /projector/2/ HTTP/1.1" 200 2364 "https://scoreboard.hf/projector/1/" "Mozilla/5.0 (Macintosh; ARM Mac OS X) AppleWebKit/538.15 (KHTML, like Gecko) Safari/538.15 Version/6.0 Debian/7.8 (3.8.2.0-0rpi21rpi1) Epiphany/3.8.2"
172.28.108.104 - - [30/May/2015:18:48:16 -0400] "GET / HTTP/1.1" 200 4135 "-" "Mozilla/5.0 (X11; Linux x86_64; rv:31.0) Gecko/20100101 Firefox/31.0 Iceweasel/31.7.0"
172.28.104.104 - - [30/May/2015:18:48:17 -0400] "GET / HTTP/1.1" 200 4116 "-" "Mozilla/5.0 (X11; Linux x86_64; rv:38.0) Gecko/20100101 Firefox/38.0"
172.28.108.104 - - [30/May/2015:18:48:20 -0400] "GET / HTTP/1.1" 304 0 "-" "Mozilla/5.0 (X11; Linux x86_64; rv:31.0) Gecko/20100101 Firefox/31.0 Iceweasel/31.7.0"
172.28.103.112 - - [30/May/2015:18:48:24 -0400] "GET / HTTP/1.1" 200 4125 "-" "Mozilla/5.0 (X11; Linux x86_64; rv:31.0) Gecko/20100101 Firefox/31.0 Iceweasel/31.5.0"
172.28.103.112 - - [30/May/2015:18:48:25 -0400] "GET /static/fonts/fontawesome-webfont.woff?v=4.1.0 HTTP/1.1" 200 83760 "https://scoreboard.hf/static/css/font-awesome.css" "Mozilla/5.0 (X11; Linux x86_64; rv:31.0) Gecko/20100101 Firefox/31.0 Iceweasel/31.5.0"
172.28.103.112 - - [30/May/2015:18:48:25 -0400] "GET /favicon.ico HTTP/1.1" 404 162 "-" "Mozilla/5.0 (X11; Linux x86_64; rv:31.0) Gecko/20100101 Firefox/31.0 Iceweasel/31.5.0"
172.28.103.112 - - [30/May/2015:18:48:25 -0400] "GET /favicon.ico HTTP/1.1" 404 162 "-" "Mozilla/5.0 (X11; Linux x86_64; rv:31.0) Gecko/20100101 Firefox/31.0 Iceweasel/31.5.0"
172.16.66.170 - - [30/May/2015:18:48:32 -0400] "GET /projector/1/ HTTP/1.1" 304 0 "https://scoreboard.hf/projector/2/" "Mozilla/5.0 (Macintosh; ARM Mac OS X) AppleWebKit/538.15 (KHTML, like Gecko) Safari/538.15 Version/6.0 Debian/7.8 (3.8.2.0-0rpi21rpi1) Epiphany/3.8.2"
